stm32l4xx_hal_pwr_ex.c:132:10:HAL_PWREx_GetVoltageRange	4	static
stm32l4xx_hal_pwr_ex.c:159:19:HAL_PWREx_ControlVoltageScaling	24	static
stm32l4xx_hal_pwr_ex.c:208:6:HAL_PWREx_EnableBatteryCharging	16	static
stm32l4xx_hal_pwr_ex.c:224:6:HAL_PWREx_DisableBatteryCharging	4	static
stm32l4xx_hal_pwr_ex.c:236:6:HAL_PWREx_EnableVddUSB	4	static
stm32l4xx_hal_pwr_ex.c:246:6:HAL_PWREx_DisableVddUSB	4	static
stm32l4xx_hal_pwr_ex.c:258:6:HAL_PWREx_EnableVddIO2	4	static
stm32l4xx_hal_pwr_ex.c:268:6:HAL_PWREx_DisableVddIO2	4	static
stm32l4xx_hal_pwr_ex.c:279:6:HAL_PWREx_EnableInternalWakeUpLine	4	static
stm32l4xx_hal_pwr_ex.c:289:6:HAL_PWREx_DisableInternalWakeUpLine	4	static
stm32l4xx_hal_pwr_ex.c:317:19:HAL_PWREx_EnableGPIOPullUp	16	static
stm32l4xx_hal_pwr_ex.c:397:19:HAL_PWREx_DisableGPIOPullUp	16	static
stm32l4xx_hal_pwr_ex.c:471:19:HAL_PWREx_EnableGPIOPullDown	16	static
stm32l4xx_hal_pwr_ex.c:551:19:HAL_PWREx_DisableGPIOPullDown	16	static
stm32l4xx_hal_pwr_ex.c:618:6:HAL_PWREx_EnablePullUpPullDownConfig	4	static
stm32l4xx_hal_pwr_ex.c:630:6:HAL_PWREx_DisablePullUpPullDownConfig	4	static
stm32l4xx_hal_pwr_ex.c:643:6:HAL_PWREx_EnableSRAM2ContentRetention	4	static
stm32l4xx_hal_pwr_ex.c:655:6:HAL_PWREx_DisableSRAM2ContentRetention	4	static
stm32l4xx_hal_pwr_ex.c:668:6:HAL_PWREx_EnablePVM1	4	static
stm32l4xx_hal_pwr_ex.c:677:6:HAL_PWREx_DisablePVM1	4	static
stm32l4xx_hal_pwr_ex.c:689:6:HAL_PWREx_EnablePVM2	4	static
stm32l4xx_hal_pwr_ex.c:698:6:HAL_PWREx_DisablePVM2	4	static
stm32l4xx_hal_pwr_ex.c:709:6:HAL_PWREx_EnablePVM3	4	static
stm32l4xx_hal_pwr_ex.c:718:6:HAL_PWREx_DisablePVM3	4	static
stm32l4xx_hal_pwr_ex.c:728:6:HAL_PWREx_EnablePVM4	4	static
stm32l4xx_hal_pwr_ex.c:737:6:HAL_PWREx_DisablePVM4	4	static
stm32l4xx_hal_pwr_ex.c:757:19:HAL_PWREx_ConfigPVM	16	static
stm32l4xx_hal_pwr_ex.c:918:6:HAL_PWREx_EnableLowPowerRunMode	4	static
stm32l4xx_hal_pwr_ex.c:933:19:HAL_PWREx_DisableLowPowerRunMode	16	static
stm32l4xx_hal_pwr_ex.c:977:6:HAL_PWREx_EnterSTOP0Mode	16	static
stm32l4xx_hal_pwr_ex.c:1028:6:HAL_PWREx_EnterSTOP1Mode	16	static
stm32l4xx_hal_pwr_ex.c:1080:6:HAL_PWREx_EnterSTOP2Mode	16	static
stm32l4xx_hal_pwr_ex.c:1122:6:HAL_PWREx_EnterSHUTDOWNMode	4	static
stm32l4xx_hal_pwr_ex.c:1147:6:HAL_PWREx_PVD_PVM_IRQHandler	8	static
stm32l4xx_hal_pwr_ex.c:1203:13:HAL_PWREx_PVM1Callback	4	static
stm32l4xx_hal_pwr_ex.c:1216:13:HAL_PWREx_PVM2Callback	4	static
stm32l4xx_hal_pwr_ex.c:1228:13:HAL_PWREx_PVM3Callback	4	static
stm32l4xx_hal_pwr_ex.c:1239:13:HAL_PWREx_PVM4Callback	4	static
