stm32l4xx_hal_spi.c:274:19:HAL_SPI_Init	24	static
stm32l4xx_hal_spi.c:399:19:HAL_SPI_DeInit	16	static
stm32l4xx_hal_spi.c:433:13:HAL_SPI_MspInit	16	static
stm32l4xx_hal_spi.c:449:13:HAL_SPI_MspDeInit	16	static
stm32l4xx_hal_spi.c:505:19:HAL_SPI_Transmit	40	static
stm32l4xx_hal_spi.c:685:19:HAL_SPI_Receive	40	static
stm32l4xx_hal_spi.c:917:19:HAL_SPI_TransmitReceive	48	static
stm32l4xx_hal_spi.c:1208:19:HAL_SPI_Transmit_IT	32	static
stm32l4xx_hal_spi.c:1292:19:HAL_SPI_Receive_IT	32	static
stm32l4xx_hal_spi.c:1398:19:HAL_SPI_TransmitReceive_IT	40	static
stm32l4xx_hal_spi.c:1506:19:HAL_SPI_Transmit_DMA	32	static
stm32l4xx_hal_spi.c:1620:19:HAL_SPI_Receive_DMA	32	static
stm32l4xx_hal_spi.c:1754:19:HAL_SPI_TransmitReceive_DMA	40	static
stm32l4xx_hal_spi.c:1927:19:HAL_SPI_Abort	48	static
stm32l4xx_hal_spi.c:2081:19:HAL_SPI_Abort_IT	40	static
stm32l4xx_hal_spi.c:2271:19:HAL_SPI_DMAPause	16	static
stm32l4xx_hal_spi.c:2291:19:HAL_SPI_DMAResume	16	static
stm32l4xx_hal_spi.c:2311:19:HAL_SPI_DMAStop	16	static
stm32l4xx_hal_spi.c:2342:6:HAL_SPI_IRQHandler	40	static
stm32l4xx_hal_spi.c:2438:13:HAL_SPI_TxCpltCallback	16	static
stm32l4xx_hal_spi.c:2454:13:HAL_SPI_RxCpltCallback	16	static
stm32l4xx_hal_spi.c:2470:13:HAL_SPI_TxRxCpltCallback	16	static
stm32l4xx_hal_spi.c:2486:13:HAL_SPI_TxHalfCpltCallback	16	static
stm32l4xx_hal_spi.c:2502:13:HAL_SPI_RxHalfCpltCallback	16	static
stm32l4xx_hal_spi.c:2518:13:HAL_SPI_TxRxHalfCpltCallback	16	static
stm32l4xx_hal_spi.c:2534:13:HAL_SPI_ErrorCallback	16	static
stm32l4xx_hal_spi.c:2552:13:HAL_SPI_AbortCpltCallback	16	static
stm32l4xx_hal_spi.c:2587:22:HAL_SPI_GetState	16	static
stm32l4xx_hal_spi.c:2599:10:HAL_SPI_GetError	16	static
stm32l4xx_hal_spi.c:2624:13:SPI_DMATransmitCplt	32	static
stm32l4xx_hal_spi.c:2671:13:SPI_DMAReceiveCplt	24	static
stm32l4xx_hal_spi.c:2762:13:SPI_DMATransmitReceiveCplt	24	static
stm32l4xx_hal_spi.c:2847:13:SPI_DMAHalfTransmitCplt	24	static
stm32l4xx_hal_spi.c:2860:13:SPI_DMAHalfReceiveCplt	24	static
stm32l4xx_hal_spi.c:2873:13:SPI_DMAHalfTransmitReceiveCplt	24	static
stm32l4xx_hal_spi.c:2886:13:SPI_DMAError	24	static
stm32l4xx_hal_spi.c:2904:13:SPI_DMAAbortOnError	24	static
stm32l4xx_hal_spi.c:2921:13:SPI_DMATxAbortCallback	40	static
stm32l4xx_hal_spi.c:2983:13:SPI_DMARxAbortCallback	40	static
stm32l4xx_hal_spi.c:3044:13:SPI_2linesRxISR_8BIT	16	static
stm32l4xx_hal_spi.c:3126:13:SPI_2linesTxISR_8BIT	16	static
stm32l4xx_hal_spi.c:3172:13:SPI_2linesRxISR_16BIT	16	static
stm32l4xx_hal_spi.c:3230:13:SPI_2linesTxISR_16BIT	16	static
stm32l4xx_hal_spi.c:3293:13:SPI_RxISR_8BIT	16	static
stm32l4xx_hal_spi.c:3349:13:SPI_RxISR_16BIT	16	static
stm32l4xx_hal_spi.c:3382:13:SPI_TxISR_8BIT	16	static
stm32l4xx_hal_spi.c:3406:13:SPI_TxISR_16BIT	16	static
stm32l4xx_hal_spi.c:3436:26:SPI_WaitFlagStateUntilTimeout	24	static
stm32l4xx_hal_spi.c:3488:26:SPI_WaitFifoStateUntilTimeout	32	static
stm32l4xx_hal_spi.c:3547:26:SPI_EndRxTransaction	32	static
stm32l4xx_hal_spi.c:3583:26:SPI_EndRxTxTransaction	32	static
stm32l4xx_hal_spi.c:3613:13:SPI_CloseRxTx_ISR	24	static
stm32l4xx_hal_spi.c:3670:13:SPI_CloseRx_ISR	16	static
stm32l4xx_hal_spi.c:3712:13:SPI_CloseTx_ISR	24	static
stm32l4xx_hal_spi.c:3751:13:SPI_AbortRx_ISR	32	static
stm32l4xx_hal_spi.c:3795:13:SPI_AbortTx_ISR	32	static
