stm32l4xx_ll_usb.c:123:19:USB_CoreInit	16	static
stm32l4xx_ll_usb.c:146:19:USB_EnableGlobalInt	16	static
stm32l4xx_ll_usb.c:159:19:USB_DisableGlobalInt	16	static
stm32l4xx_ll_usb.c:175:19:USB_SetCurrentMode	16	static
stm32l4xx_ll_usb.c:200:19:USB_DevInit	24	static
stm32l4xx_ll_usb.c:317:19:USB_FlushTxFifo	24	static
stm32l4xx_ll_usb.c:341:19:USB_FlushRxFifo	24	static
stm32l4xx_ll_usb.c:371:19:USB_SetDevSpeed	16	static
stm32l4xx_ll_usb.c:386:9:USB_GetDevSpeed	24	static
stm32l4xx_ll_usb.c:413:19:USB_ActivateEndpoint	16	static
stm32l4xx_ll_usb.c:444:19:USB_ActivateDedicatedEndpoint	16	static
stm32l4xx_ll_usb.c:487:19:USB_DeactivateEndpoint	16	static
stm32l4xx_ll_usb.c:511:19:USB_DeactivateDedicatedEndpoint	16	static
stm32l4xx_ll_usb.c:537:19:USB_EPStartXfer	40	static
stm32l4xx_ll_usb.c:646:19:USB_EP0StartXfer	24	static
stm32l4xx_ll_usb.c:726:19:USB_WritePacket	32	static
stm32l4xx_ll_usb.c:754:7:USB_ReadPacket	32	static
stm32l4xx_ll_usb.c:773:19:USB_EPSetStall	16	static
stm32l4xx_ll_usb.c:801:19:USB_EPClearStall	16	static
stm32l4xx_ll_usb.c:827:19:USB_StopDevice	24	static
stm32l4xx_ll_usb.c:858:20:USB_SetDevAddress	16	static
stm32l4xx_ll_usb.c:871:20:USB_DevConnect	16	static
stm32l4xx_ll_usb.c:884:20:USB_DevDisconnect	16	static
stm32l4xx_ll_usb.c:897:11:USB_ReadInterrupts	24	static
stm32l4xx_ll_usb.c:911:10:USB_ReadDevAllOutEpInterrupt	24	static
stm32l4xx_ll_usb.c:924:10:USB_ReadDevAllInEpInterrupt	24	static
stm32l4xx_ll_usb.c:939:10:USB_ReadDevOutEPInterrupt	24	static
stm32l4xx_ll_usb.c:954:10:USB_ReadDevInEPInterrupt	32	static
stm32l4xx_ll_usb.c:971:7:USB_ClearInterrupts	16	static
stm32l4xx_ll_usb.c:984:10:USB_GetMode	16	static
stm32l4xx_ll_usb.c:995:20:USB_ActivateSetup	16	static
stm32l4xx_ll_usb.c:1020:19:USB_EP0_OutStart	24	static
stm32l4xx_ll_usb.c:1041:19:USB_HostInit	24	static
stm32l4xx_ll_usb.c:1110:19:USB_InitFSLSPClkSel	16	static
stm32l4xx_ll_usb.c:1133:19:USB_ResetPort	24	static
stm32l4xx_ll_usb.c:1156:19:USB_DriveVbus	24	static
stm32l4xx_ll_usb.c:1184:10:USB_GetHostSpeed	24	static
stm32l4xx_ll_usb.c:1197:10:USB_GetCurrentFrame	16	static
stm32l4xx_ll_usb.c:1226:19:USB_HC_Init	16	static
stm32l4xx_ll_usb.c:1324:19:USB_HC_StartXfer	48	static
stm32l4xx_ll_usb.c:1421:10:USB_HC_ReadInterrupt	16	static
stm32l4xx_ll_usb.c:1433:19:USB_HC_Halt	24	static
stm32l4xx_ll_usb.c:1495:19:USB_DoPing	24	static
stm32l4xx_ll_usb.c:1517:19:USB_StopHost	32	static
stm32l4xx_ll_usb.c:1571:19:USB_ActivateRemoteWakeup	16	static
stm32l4xx_ll_usb.c:1586:19:USB_DeActivateRemoteWakeup	16	static
stm32l4xx_ll_usb.c:2350:26:USB_CoreReset	24	static
