stm32l4xx_ll_utils.h:287:22:LL_InitTick	16	static
stm32l4xx_ll_rcc.h:1381:22:LL_RCC_HSE_EnableBypass	4	static
stm32l4xx_ll_rcc.h:1391:22:LL_RCC_HSE_DisableBypass	4	static
stm32l4xx_ll_rcc.h:1401:22:LL_RCC_HSE_Enable	4	static
stm32l4xx_ll_rcc.h:1421:26:LL_RCC_HSE_IsReady	4	static
stm32l4xx_ll_rcc.h:1460:22:LL_RCC_HSI_Enable	4	static
stm32l4xx_ll_rcc.h:1480:26:LL_RCC_HSI_IsReady	4	static
stm32l4xx_ll_rcc.h:1761:22:LL_RCC_MSI_Enable	4	static
stm32l4xx_ll_rcc.h:1781:26:LL_RCC_MSI_IsReady	4	static
stm32l4xx_ll_rcc.h:1830:26:LL_RCC_MSI_IsEnabledRangeSelect	4	static
stm32l4xx_ll_rcc.h:1875:26:LL_RCC_MSI_GetRange	4	static
stm32l4xx_ll_rcc.h:1904:26:LL_RCC_MSI_GetRangeAfterStandby	4	static
stm32l4xx_ll_rcc.h:2014:22:LL_RCC_SetSysClkSource	16	static
stm32l4xx_ll_rcc.h:2028:26:LL_RCC_GetSysClkSource	4	static
stm32l4xx_ll_rcc.h:2048:22:LL_RCC_SetAHBPrescaler	16	static
stm32l4xx_ll_rcc.h:2064:22:LL_RCC_SetAPB1Prescaler	16	static
stm32l4xx_ll_rcc.h:2080:22:LL_RCC_SetAPB2Prescaler	16	static
stm32l4xx_ll_rcc.h:2794:22:LL_RCC_PLL_Enable	4	static
stm32l4xx_ll_rcc.h:2815:26:LL_RCC_PLL_IsReady	4	static
stm32l4xx_ll_rcc.h:2851:22:LL_RCC_PLL_ConfigDomain_SYS	24	static
stm32l4xx_ll_rcc.h:3178:22:LL_RCC_PLL_EnableDomain_SYS	4	static
stm32l4xx_ll_rcc.h:3230:26:LL_RCC_PLLSAI1_IsReady	4	static
stm32l4xx_ll_rcc.h:3609:26:LL_RCC_PLLSAI2_IsReady	4	static
stm32l4xx_ll_system.h:1395:22:LL_FLASH_SetLatency	16	static
stm32l4xx_ll_system.h:1410:26:LL_FLASH_GetLatency	4	static
stm32l4xx_ll_pwr.h:356:26:LL_PWR_GetRegulVoltageScaling	4	static
stm32l4xx_ll_utils.c:173:6:LL_Init1msTick	16	static
stm32l4xx_ll_utils.c:189:6:LL_mDelay	24	static
stm32l4xx_ll_utils.c:257:6:LL_SetSystemCoreClock	16	static
stm32l4xx_ll_utils.c:279:13:LL_PLL_ConfigSystemClock_MSI	32	static
stm32l4xx_ll_utils.c:382:13:LL_PLL_ConfigSystemClock_HSI	24	static
stm32l4xx_ll_utils.c:440:13:LL_PLL_ConfigSystemClock_HSE	32	static
stm32l4xx_ll_utils.c:512:20:UTILS_SetFlashLatency	24	static
stm32l4xx_ll_utils.c:594:17:UTILS_GetPLLOutputFrequency	24	static
stm32l4xx_ll_utils.c:625:20:UTILS_PLL_IsBusy	16	static
stm32l4xx_ll_utils.c:664:20:UTILS_EnablePLLAndSwitchSystem	24	static
