stm32l4xx_hal_rcc_ex.c:188:19:HAL_RCCEx_PeriphCLKConfig	32	static
stm32l4xx_hal_rcc_ex.c:685:6:HAL_RCCEx_GetPeriphCLKConfig	88	static
stm32l4xx_hal_rcc_ex.c:922:10:HAL_RCCEx_GetPeriphCLKFreq	136	static
stm32l4xx_hal_rcc_ex.c:1710:19:HAL_RCCEx_EnablePLLSAI1	56	static
stm32l4xx_hal_rcc_ex.c:1772:19:HAL_RCCEx_DisablePLLSAI1	16	static
stm32l4xx_hal_rcc_ex.c:1818:19:HAL_RCCEx_EnablePLLSAI2	48	static
stm32l4xx_hal_rcc_ex.c:1879:19:HAL_RCCEx_DisablePLLSAI2	16	static
stm32l4xx_hal_rcc_ex.c:1927:6:HAL_RCCEx_WakeUpStopCLKConfig	16	static
stm32l4xx_hal_rcc_ex.c:1945:6:HAL_RCCEx_StandbyMSIRangeConfig	16	static
stm32l4xx_hal_rcc_ex.c:1959:6:HAL_RCCEx_EnableLSECSS	4	static
stm32l4xx_hal_rcc_ex.c:1969:6:HAL_RCCEx_DisableLSECSS	4	static
stm32l4xx_hal_rcc_ex.c:1982:6:HAL_RCCEx_EnableLSECSS_IT	4	static
stm32l4xx_hal_rcc_ex.c:1999:6:HAL_RCCEx_LSECSS_IRQHandler	8	static
stm32l4xx_hal_rcc_ex.c:2016:13:HAL_RCCEx_LSECSS_Callback	4	static
stm32l4xx_hal_rcc_ex.c:2031:6:HAL_RCCEx_EnableLSCO	48	static
stm32l4xx_hal_rcc_ex.c:2078:6:HAL_RCCEx_DisableLSCO	16	static
stm32l4xx_hal_rcc_ex.c:2116:6:HAL_RCCEx_EnableMSIPLLMode	4	static
stm32l4xx_hal_rcc_ex.c:2126:6:HAL_RCCEx_DisableMSIPLLMode	4	static
stm32l4xx_hal_rcc_ex.c:2511:26:RCCEx_PLLSAI1_Config	96	static
stm32l4xx_hal_rcc_ex.c:2666:26:RCCEx_PLLSAI2_Config	80	static
