stm32l4xx_hal_tim_ex.c:157:19:HAL_TIMEx_HallSensor_Init	48	static
stm32l4xx_hal_tim_ex.c:235:19:HAL_TIMEx_HallSensor_DeInit	16	static
stm32l4xx_hal_tim_ex.c:262:13:HAL_TIMEx_HallSensor_MspInit	16	static
stm32l4xx_hal_tim_ex.c:277:13:HAL_TIMEx_HallSensor_MspDeInit	16	static
stm32l4xx_hal_tim_ex.c:292:19:HAL_TIMEx_HallSensor_Start	16	static
stm32l4xx_hal_tim_ex.c:313:19:HAL_TIMEx_HallSensor_Stop	16	static
stm32l4xx_hal_tim_ex.c:334:19:HAL_TIMEx_HallSensor_Start_IT	16	static
stm32l4xx_hal_tim_ex.c:358:19:HAL_TIMEx_HallSensor_Stop_IT	16	static
stm32l4xx_hal_tim_ex.c:384:19:HAL_TIMEx_HallSensor_Start_DMA	24	static
stm32l4xx_hal_tim_ex.c:431:19:HAL_TIMEx_HallSensor_Stop_DMA	16	static
stm32l4xx_hal_tim_ex.c:487:19:HAL_TIMEx_OCN_Start	16	static
stm32l4xx_hal_tim_ex.c:517:19:HAL_TIMEx_OCN_Stop	16	static
stm32l4xx_hal_tim_ex.c:547:19:HAL_TIMEx_OCN_Start_IT	16	static
stm32l4xx_hal_tim_ex.c:614:19:HAL_TIMEx_OCN_Stop_IT	24	static
stm32l4xx_hal_tim_ex.c:689:19:HAL_TIMEx_OCN_Start_DMA	24	static
stm32l4xx_hal_tim_ex.c:804:19:HAL_TIMEx_OCN_Stop_DMA	16	static
stm32l4xx_hal_tim_ex.c:904:19:HAL_TIMEx_PWMN_Start	16	static
stm32l4xx_hal_tim_ex.c:933:19:HAL_TIMEx_PWMN_Stop	16	static
stm32l4xx_hal_tim_ex.c:963:19:HAL_TIMEx_PWMN_Start_IT	16	static
stm32l4xx_hal_tim_ex.c:1030:19:HAL_TIMEx_PWMN_Stop_IT	24	static
stm32l4xx_hal_tim_ex.c:1106:19:HAL_TIMEx_PWMN_Start_DMA	24	static
stm32l4xx_hal_tim_ex.c:1221:19:HAL_TIMEx_PWMN_Stop_DMA	16	static
stm32l4xx_hal_tim_ex.c:1308:19:HAL_TIMEx_OnePulseN_Start	16	static
stm32l4xx_hal_tim_ex.c:1333:19:HAL_TIMEx_OnePulseN_Stop	16	static
stm32l4xx_hal_tim_ex.c:1362:19:HAL_TIMEx_OnePulseN_Start_IT	16	static
stm32l4xx_hal_tim_ex.c:1393:19:HAL_TIMEx_OnePulseN_Stop_IT	16	static
stm32l4xx_hal_tim_ex.c:1464:19:HAL_TIMEx_ConfigCommutationEvent	24	static
stm32l4xx_hal_tim_ex.c:1513:19:HAL_TIMEx_ConfigCommutationEvent_IT	24	static
stm32l4xx_hal_tim_ex.c:1566:19:HAL_TIMEx_ConfigCommutationEvent_DMA	24	static
stm32l4xx_hal_tim_ex.c:1610:19:HAL_TIMEx_MasterConfigSynchronization	24	static
stm32l4xx_hal_tim_ex.c:1671:19:HAL_TIMEx_ConfigBreakDeadTime	24	static
stm32l4xx_hal_tim_ex.c:1734:19:HAL_TIMEx_ConfigBreakInput	48	static
stm32l4xx_hal_tim_ex.c:2041:19:HAL_TIMEx_RemapConfig	24	static
stm32l4xx_hal_tim_ex.c:2091:19:HAL_TIMEx_GroupChannel5	16	static
stm32l4xx_hal_tim_ex.c:2140:13:HAL_TIMEx_CommutationCallback	16	static
stm32l4xx_hal_tim_ex.c:2155:13:HAL_TIMEx_BreakCallback	16	static
stm32l4xx_hal_tim_ex.c:2189:22:HAL_TIMEx_HallSensor_GetState	16	static
stm32l4xx_hal_tim_ex.c:2203:6:TIMEx_DMACommutationCplt	24	static
stm32l4xx_hal_tim_ex.c:2224:13:TIM_CCxNChannelCmd	32	static
