Archive member included to satisfy reference by file (symbol)

/opt/Atollic_TrueSTUDIO_for_ARM_x86_64_8.0.0/ARMTools/bin/../lib/gcc/arm-atollic-eabi/6.3.1/../../../../arm-atollic-eabi/lib/armv7e-m/fpu/libc_nano.a(lib_a-init.o)
                              src/startup_stm32l476xx.o (__libc_init_array)
/opt/Atollic_TrueSTUDIO_for_ARM_x86_64_8.0.0/ARMTools/bin/../lib/gcc/arm-atollic-eabi/6.3.1/../../../../arm-atollic-eabi/lib/armv7e-m/fpu/libc_nano.a(lib_a-memcmp.o)
                              BlueNRG/SimpleBlueNRG_HCI/hci/controller/bluenrg_utils.o (memcmp)
/opt/Atollic_TrueSTUDIO_for_ARM_x86_64_8.0.0/ARMTools/bin/../lib/gcc/arm-atollic-eabi/6.3.1/../../../../arm-atollic-eabi/lib/armv7e-m/fpu/libc_nano.a(lib_a-memcpy-stub.o)
                              BlueNRG/SimpleBlueNRG_HCI/utils/osal.o (memcpy)
/opt/Atollic_TrueSTUDIO_for_ARM_x86_64_8.0.0/ARMTools/bin/../lib/gcc/arm-atollic-eabi/6.3.1/../../../../arm-atollic-eabi/lib/armv7e-m/fpu/libc_nano.a(lib_a-memset.o)
                              BlueNRG/SimpleBlueNRG_HCI/utils/osal.o (memset)
/opt/Atollic_TrueSTUDIO_for_ARM_x86_64_8.0.0/ARMTools/bin/../lib/gcc/arm-atollic-eabi/6.3.1/../../../../arm-atollic-eabi/lib/armv7e-m/fpu/libc_nano.a(lib_a-reent.o)
                              src/syscalls.o (errno)
/opt/Atollic_TrueSTUDIO_for_ARM_x86_64_8.0.0/ARMTools/bin/../lib/gcc/arm-atollic-eabi/6.3.1/../../../../arm-atollic-eabi/lib/armv7e-m/fpu/libc_nano.a(lib_a-strlen.o)
                              src/tiny_printf.o (strlen)
/opt/Atollic_TrueSTUDIO_for_ARM_x86_64_8.0.0/ARMTools/bin/../lib/gcc/arm-atollic-eabi/6.3.1/../../../../arm-atollic-eabi/lib/armv7e-m/fpu/libc_nano.a(lib_a-impure.o)
                              /opt/Atollic_TrueSTUDIO_for_ARM_x86_64_8.0.0/ARMTools/bin/../lib/gcc/arm-atollic-eabi/6.3.1/../../../../arm-atollic-eabi/lib/armv7e-m/fpu/libc_nano.a(lib_a-reent.o) (_impure_ptr)
/opt/Atollic_TrueSTUDIO_for_ARM_x86_64_8.0.0/ARMTools/bin/../lib/gcc/arm-atollic-eabi/6.3.1/../../../../arm-atollic-eabi/lib/armv7e-m/fpu/libc_nano.a(lib_a-nano-freer.o)
                              /opt/Atollic_TrueSTUDIO_for_ARM_x86_64_8.0.0/ARMTools/bin/../lib/gcc/arm-atollic-eabi/6.3.1/../../../../arm-atollic-eabi/lib/armv7e-m/fpu/libc_nano.a(lib_a-reent.o) (_free_r)
/opt/Atollic_TrueSTUDIO_for_ARM_x86_64_8.0.0/ARMTools/bin/../lib/gcc/arm-atollic-eabi/6.3.1/../../../../arm-atollic-eabi/lib/armv7e-m/fpu/libc_nano.a(lib_a-nano-mallocr.o)
                              /opt/Atollic_TrueSTUDIO_for_ARM_x86_64_8.0.0/ARMTools/bin/../lib/gcc/arm-atollic-eabi/6.3.1/../../../../arm-atollic-eabi/lib/armv7e-m/fpu/libc_nano.a(lib_a-nano-freer.o) (__malloc_free_list)
/opt/Atollic_TrueSTUDIO_for_ARM_x86_64_8.0.0/ARMTools/bin/../lib/gcc/arm-atollic-eabi/6.3.1/../../../../arm-atollic-eabi/lib/armv7e-m/fpu/libc_nano.a(lib_a-sbrkr.o)
                              /opt/Atollic_TrueSTUDIO_for_ARM_x86_64_8.0.0/ARMTools/bin/../lib/gcc/arm-atollic-eabi/6.3.1/../../../../arm-atollic-eabi/lib/armv7e-m/fpu/libc_nano.a(lib_a-nano-mallocr.o) (_sbrk_r)
/opt/Atollic_TrueSTUDIO_for_ARM_x86_64_8.0.0/ARMTools/bin/../lib/gcc/arm-atollic-eabi/6.3.1/../../../../arm-atollic-eabi/lib/armv7e-m/fpu/libc_nano.a(lib_a-mlock.o)
                              /opt/Atollic_TrueSTUDIO_for_ARM_x86_64_8.0.0/ARMTools/bin/../lib/gcc/arm-atollic-eabi/6.3.1/../../../../arm-atollic-eabi/lib/armv7e-m/fpu/libc_nano.a(lib_a-nano-freer.o) (__malloc_lock)

Allocating common symbols
Common symbol       size              file

hdma_dfsdmReg_FLT   0x120             Drivers/BSP/SensorTile/SensorTile_audio_in.o
errno               0x4               /opt/Atollic_TrueSTUDIO_for_ARM_x86_64_8.0.0/ARMTools/bin/../lib/gcc/arm-atollic-eabi/6.3.1/../../../../arm-atollic-eabi/lib/armv7e-m/fpu/libc_nano.a(lib_a-reent.o)
RecBuff             0xc00             Drivers/BSP/SensorTile/SensorTile_audio_in.o
hciReadPktPool      0x8               BlueNRG/SimpleBlueNRG_HCI/hci/hci.o
uwTick              0x4               Drivers/STM32L4xx_HAL_Driver/Src/stm32l4xx_hal.o
pFlash              0x20              Drivers/STM32L4xx_HAL_Driver/Src/stm32l4xx_hal_flash.o
SpiHandle           0x64              Drivers/BSP/SensorTile/SensorTile_BlueNRG.o
haudio_in_dfsdmchannel
                    0xe0              Drivers/BSP/SensorTile/SensorTile_audio_in.o
TimHandle           0x3c              Drivers/STM32L4xx_HAL_Driver/Src/stm32l4xx_hal_timebase_tim_template.o
hciReadPktRxQueue   0x8               BlueNRG/SimpleBlueNRG_HCI/hci/hci.o
haudio_in_dfsdmfilter
                    0x150             Drivers/BSP/SensorTile/SensorTile_audio_in.o

Discarded input sections

 .text          0x0000000000000000        0x0 /opt/Atollic_TrueSTUDIO_for_ARM_x86_64_8.0.0/ARMTools/bin/../lib/gcc/arm-atollic-eabi/6.3.1/armv7e-m/fpu/crti.o
 .data          0x0000000000000000        0x0 /opt/Atollic_TrueSTUDIO_for_ARM_x86_64_8.0.0/ARMTools/bin/../lib/gcc/arm-atollic-eabi/6.3.1/armv7e-m/fpu/crti.o
[...]
Memory Configuration

Name             Origin             Length             Attributes
FLASH            0x0000000008000000 0x0000000000100000 xr
RAM              0x0000000020000000 0x0000000000018000 xrw
RAM2             0x0000000010000000 0x0000000000008000 rw
MEMORY_B1        0x0000000060000000 0x0000000000000000 xr
*default*        0x0000000000000000 0xffffffffffffffff

Linker script and memory map

LOAD /opt/Atollic_TrueSTUDIO_for_ARM_x86_64_8.0.0/ARMTools/bin/../lib/gcc/arm-atollic-eabi/6.3.1/armv7e-m/fpu/crti.o
LOAD /opt/Atollic_TrueSTUDIO_for_ARM_x86_64_8.0.0/ARMTools/bin/../lib/gcc/arm-atollic-eabi/6.3.1/armv7e-m/fpu/crtbegin.o
LOAD BlueNRG/Interface/bluenrg_itf.o
LOAD BlueNRG/SimpleBlueNRG_HCI/hci/controller/bluenrg_IFR.o
LOAD BlueNRG/SimpleBlueNRG_HCI/hci/controller/bluenrg_gap_aci.o
LOAD BlueNRG/SimpleBlueNRG_HCI/hci/controller/bluenrg_gatt_aci.o
LOAD BlueNRG/SimpleBlueNRG_HCI/hci/controller/bluenrg_hal_aci.o
LOAD BlueNRG/SimpleBlueNRG_HCI/hci/controller/bluenrg_l2cap_aci.o
LOAD BlueNRG/SimpleBlueNRG_HCI/hci/controller/bluenrg_updater_aci.o
LOAD BlueNRG/SimpleBlueNRG_HCI/hci/controller/bluenrg_utils.o
LOAD BlueNRG/SimpleBlueNRG_HCI/hci/hci.o
LOAD BlueNRG/SimpleBlueNRG_HCI/hci/hci_le.o
LOAD BlueNRG/SimpleBlueNRG_HCI/utils/ble_list.o
LOAD BlueNRG/SimpleBlueNRG_HCI/utils/gp_timer.o
LOAD BlueNRG/SimpleBlueNRG_HCI/utils/osal.o
LOAD Drivers/BSP/SensorTile/SensorTile_BlueNRG.o
LOAD Drivers/BSP/SensorTile/SensorTile_audio_in.o
LOAD Drivers/STM32L4xx_HAL_Driver/Src/stm32l4xx_hal.o
LOAD Drivers/STM32L4xx_HAL_Driver/Src/stm32l4xx_hal_adc.o
LOAD Drivers/STM32L4xx_HAL_Driver/Src/stm32l4xx_hal_adc_ex.o
LOAD Drivers/STM32L4xx_HAL_Driver/Src/stm32l4xx_hal_can.o
LOAD Drivers/STM32L4xx_HAL_Driver/Src/stm32l4xx_hal_comp.o
LOAD Drivers/STM32L4xx_HAL_Driver/Src/stm32l4xx_hal_cortex.o
LOAD Drivers/STM32L4xx_HAL_Driver/Src/stm32l4xx_hal_crc.o
LOAD Drivers/STM32L4xx_HAL_Driver/Src/stm32l4xx_hal_crc_ex.o
LOAD Drivers/STM32L4xx_HAL_Driver/Src/stm32l4xx_hal_cryp.o
LOAD Drivers/STM32L4xx_HAL_Driver/Src/stm32l4xx_hal_cryp_ex.o
LOAD Drivers/STM32L4xx_HAL_Driver/Src/stm32l4xx_hal_dac.o
LOAD Drivers/STM32L4xx_HAL_Driver/Src/stm32l4xx_hal_dac_ex.o
LOAD Drivers/STM32L4xx_HAL_Driver/Src/stm32l4xx_hal_dcmi.o
LOAD Drivers/STM32L4xx_HAL_Driver/Src/stm32l4xx_hal_dfsdm.o
LOAD Drivers/STM32L4xx_HAL_Driver/Src/stm32l4xx_hal_dma.o
LOAD Drivers/STM32L4xx_HAL_Driver/Src/stm32l4xx_hal_dma2d.o
LOAD Drivers/STM32L4xx_HAL_Driver/Src/stm32l4xx_hal_firewall.o
LOAD Drivers/STM32L4xx_HAL_Driver/Src/stm32l4xx_hal_flash.o
LOAD Drivers/STM32L4xx_HAL_Driver/Src/stm32l4xx_hal_flash_ex.o
LOAD Drivers/STM32L4xx_HAL_Driver/Src/stm32l4xx_hal_flash_ramfunc.o
LOAD Drivers/STM32L4xx_HAL_Driver/Src/stm32l4xx_hal_gpio.o
LOAD Drivers/STM32L4xx_HAL_Driver/Src/stm32l4xx_hal_hash.o
LOAD Drivers/STM32L4xx_HAL_Driver/Src/stm32l4xx_hal_hash_ex.o
LOAD Drivers/STM32L4xx_HAL_Driver/Src/stm32l4xx_hal_hcd.o
LOAD Drivers/STM32L4xx_HAL_Driver/Src/stm32l4xx_hal_i2c.o
LOAD Drivers/STM32L4xx_HAL_Driver/Src/stm32l4xx_hal_i2c_ex.o
LOAD Drivers/STM32L4xx_HAL_Driver/Src/stm32l4xx_hal_irda.o
LOAD Drivers/STM32L4xx_HAL_Driver/Src/stm32l4xx_hal_iwdg.o
LOAD Drivers/STM32L4xx_HAL_Driver/Src/stm32l4xx_hal_lcd.o
LOAD Drivers/STM32L4xx_HAL_Driver/Src/stm32l4xx_hal_lptim.o
LOAD Drivers/STM32L4xx_HAL_Driver/Src/stm32l4xx_hal_msp_template.o
LOAD Drivers/STM32L4xx_HAL_Driver/Src/stm32l4xx_hal_nand.o
LOAD Drivers/STM32L4xx_HAL_Driver/Src/stm32l4xx_hal_nor.o
LOAD Drivers/STM32L4xx_HAL_Driver/Src/stm32l4xx_hal_opamp.o
LOAD Drivers/STM32L4xx_HAL_Driver/Src/stm32l4xx_hal_opamp_ex.o
LOAD Drivers/STM32L4xx_HAL_Driver/Src/stm32l4xx_hal_pcd.o
LOAD Drivers/STM32L4xx_HAL_Driver/Src/stm32l4xx_hal_pcd_ex.o
LOAD Drivers/STM32L4xx_HAL_Driver/Src/stm32l4xx_hal_pwr.o
LOAD Drivers/STM32L4xx_HAL_Driver/Src/stm32l4xx_hal_pwr_ex.o
LOAD Drivers/STM32L4xx_HAL_Driver/Src/stm32l4xx_hal_qspi.o
LOAD Drivers/STM32L4xx_HAL_Driver/Src/stm32l4xx_hal_rcc.o
LOAD Drivers/STM32L4xx_HAL_Driver/Src/stm32l4xx_hal_rcc_ex.o
LOAD Drivers/STM32L4xx_HAL_Driver/Src/stm32l4xx_hal_rng.o
LOAD Drivers/STM32L4xx_HAL_Driver/Src/stm32l4xx_hal_rtc.o
LOAD Drivers/STM32L4xx_HAL_Driver/Src/stm32l4xx_hal_rtc_ex.o
LOAD Drivers/STM32L4xx_HAL_Driver/Src/stm32l4xx_hal_sai.o
LOAD Drivers/STM32L4xx_HAL_Driver/Src/stm32l4xx_hal_sd.o
LOAD Drivers/STM32L4xx_HAL_Driver/Src/stm32l4xx_hal_smartcard.o
LOAD Drivers/STM32L4xx_HAL_Driver/Src/stm32l4xx_hal_smartcard_ex.o
LOAD Drivers/STM32L4xx_HAL_Driver/Src/stm32l4xx_hal_smbus.o
LOAD Drivers/STM32L4xx_HAL_Driver/Src/stm32l4xx_hal_spi.o
LOAD Drivers/STM32L4xx_HAL_Driver/Src/stm32l4xx_hal_spi_ex.o
LOAD Drivers/STM32L4xx_HAL_Driver/Src/stm32l4xx_hal_sram.o
LOAD Drivers/STM32L4xx_HAL_Driver/Src/stm32l4xx_hal_swpmi.o
LOAD Drivers/STM32L4xx_HAL_Driver/Src/stm32l4xx_hal_tim.o
LOAD Drivers/STM32L4xx_HAL_Driver/Src/stm32l4xx_hal_tim_ex.o
LOAD Drivers/STM32L4xx_HAL_Driver/Src/stm32l4xx_hal_timebase_tim_template.o
LOAD Drivers/STM32L4xx_HAL_Driver/Src/stm32l4xx_hal_tsc.o
LOAD Drivers/STM32L4xx_HAL_Driver/Src/stm32l4xx_hal_uart.o
LOAD Drivers/STM32L4xx_HAL_Driver/Src/stm32l4xx_hal_uart_ex.o
LOAD Drivers/STM32L4xx_HAL_Driver/Src/stm32l4xx_hal_usart.o
LOAD Drivers/STM32L4xx_HAL_Driver/Src/stm32l4xx_hal_wwdg.o
LOAD Drivers/STM32L4xx_HAL_Driver/Src/stm32l4xx_ll_adc.o
LOAD Drivers/STM32L4xx_HAL_Driver/Src/stm32l4xx_ll_comp.o
LOAD Drivers/STM32L4xx_HAL_Driver/Src/stm32l4xx_ll_crc.o
LOAD Drivers/STM32L4xx_HAL_Driver/Src/stm32l4xx_ll_crs.o
LOAD Drivers/STM32L4xx_HAL_Driver/Src/stm32l4xx_ll_dac.o
LOAD Drivers/STM32L4xx_HAL_Driver/Src/stm32l4xx_ll_dma.o
LOAD Drivers/STM32L4xx_HAL_Driver/Src/stm32l4xx_ll_dma2d.o
LOAD Drivers/STM32L4xx_HAL_Driver/Src/stm32l4xx_ll_exti.o
LOAD Drivers/STM32L4xx_HAL_Driver/Src/stm32l4xx_ll_fmc.o
LOAD Drivers/STM32L4xx_HAL_Driver/Src/stm32l4xx_ll_gpio.o
LOAD Drivers/STM32L4xx_HAL_Driver/Src/stm32l4xx_ll_i2c.o
LOAD Drivers/STM32L4xx_HAL_Driver/Src/stm32l4xx_ll_lptim.o
LOAD Drivers/STM32L4xx_HAL_Driver/Src/stm32l4xx_ll_lpuart.o
LOAD Drivers/STM32L4xx_HAL_Driver/Src/stm32l4xx_ll_opamp.o
LOAD Drivers/STM32L4xx_HAL_Driver/Src/stm32l4xx_ll_pwr.o
LOAD Drivers/STM32L4xx_HAL_Driver/Src/stm32l4xx_ll_rcc.o
LOAD Drivers/STM32L4xx_HAL_Driver/Src/stm32l4xx_ll_rng.o
LOAD Drivers/STM32L4xx_HAL_Driver/Src/stm32l4xx_ll_rtc.o
LOAD Drivers/STM32L4xx_HAL_Driver/Src/stm32l4xx_ll_sdmmc.o
LOAD Drivers/STM32L4xx_HAL_Driver/Src/stm32l4xx_ll_spi.o
LOAD Drivers/STM32L4xx_HAL_Driver/Src/stm32l4xx_ll_swpmi.o
LOAD Drivers/STM32L4xx_HAL_Driver/Src/stm32l4xx_ll_tim.o
LOAD Drivers/STM32L4xx_HAL_Driver/Src/stm32l4xx_ll_usart.o
LOAD Drivers/STM32L4xx_HAL_Driver/Src/stm32l4xx_ll_usb.o
LOAD Drivers/STM32L4xx_HAL_Driver/Src/stm32l4xx_ll_utils.o
LOAD src/bee_ble_service.o
LOAD src/event_queue.o
LOAD src/main.o
LOAD src/startup_stm32l476xx.o
LOAD src/stm32l4xx_hal_msp.o
LOAD src/stm32l4xx_it.o
LOAD src/syscalls.o
LOAD src/system_stm32l4xx.o
LOAD src/tiny_printf.o
                0x0000000000000080                malloc_getpagesize_P = 0x80
START GROUP
LOAD /opt/Atollic_TrueSTUDIO_for_ARM_x86_64_8.0.0/ARMTools/bin/../lib/gcc/arm-atollic-eabi/6.3.1/../../../../arm-atollic-eabi/lib/armv7e-m/fpu/libc_nano.a
LOAD /opt/Atollic_TrueSTUDIO_for_ARM_x86_64_8.0.0/ARMTools/bin/../lib/gcc/arm-atollic-eabi/6.3.1/../../../../arm-atollic-eabi/lib/armv7e-m/fpu/libm.a
END GROUP
START GROUP
LOAD /opt/Atollic_TrueSTUDIO_for_ARM_x86_64_8.0.0/ARMTools/bin/../lib/gcc/arm-atollic-eabi/6.3.1/armv7e-m/fpu/libgcc.a
LOAD /opt/Atollic_TrueSTUDIO_for_ARM_x86_64_8.0.0/ARMTools/bin/../lib/gcc/arm-atollic-eabi/6.3.1/../../../../arm-atollic-eabi/lib/armv7e-m/fpu/libc_nano.a
END GROUP
START GROUP
LOAD /opt/Atollic_TrueSTUDIO_for_ARM_x86_64_8.0.0/ARMTools/bin/../lib/gcc/arm-atollic-eabi/6.3.1/armv7e-m/fpu/libgcc.a
LOAD /opt/Atollic_TrueSTUDIO_for_ARM_x86_64_8.0.0/ARMTools/bin/../lib/gcc/arm-atollic-eabi/6.3.1/../../../../arm-atollic-eabi/lib/armv7e-m/fpu/libc_nano.a
LOAD /opt/Atollic_TrueSTUDIO_for_ARM_x86_64_8.0.0/ARMTools/bin/../lib/gcc/arm-atollic-eabi/6.3.1/../../../../arm-atollic-eabi/lib/armv7e-m/fpu/libnosys.a
END GROUP
START GROUP
LOAD /opt/Atollic_TrueSTUDIO_for_ARM_x86_64_8.0.0/ARMTools/bin/../lib/gcc/arm-atollic-eabi/6.3.1/armv7e-m/fpu/libgcc.a
LOAD /opt/Atollic_TrueSTUDIO_for_ARM_x86_64_8.0.0/ARMTools/bin/../lib/gcc/arm-atollic-eabi/6.3.1/../../../../arm-atollic-eabi/lib/armv7e-m/fpu/libc_nano.a
LOAD /opt/Atollic_TrueSTUDIO_for_ARM_x86_64_8.0.0/ARMTools/bin/../lib/gcc/arm-atollic-eabi/6.3.1/../../../../arm-atollic-eabi/lib/armv7e-m/fpu/libnosys.a
END GROUP
LOAD /opt/Atollic_TrueSTUDIO_for_ARM_x86_64_8.0.0/ARMTools/bin/../lib/gcc/arm-atollic-eabi/6.3.1/armv7e-m/fpu/crtend.o
LOAD /opt/Atollic_TrueSTUDIO_for_ARM_x86_64_8.0.0/ARMTools/bin/../lib/gcc/arm-atollic-eabi/6.3.1/armv7e-m/fpu/crtn.o
                0x0000000020018000                _estack = 0x20018000
                0x0000000000000000                _Min_Heap_Size = 0x0
                0x0000000000000400                _Min_Stack_Size = 0x400

.isr_vector     0x0000000008000000      0x188
                0x0000000008000000                . = ALIGN (0x4)
 *(.isr_vector)
 .isr_vector    0x0000000008000000      0x188 src/startup_stm32l476xx.o
                0x0000000008000000                g_pfnVectors
                0x0000000008000188                . = ALIGN (0x4)

.text           0x0000000008000188     0x4814
                0x0000000008000188                . = ALIGN (0x4)
 *(.text)
 .text          0x0000000008000188       0x40 /opt/Atollic_TrueSTUDIO_for_ARM_x86_64_8.0.0/ARMTools/bin/../lib/gcc/arm-atollic-eabi/6.3.1/armv7e-m/fpu/crtbegin.o
 *(.text*)
 .text.aci_gap_init_IDB05A1
                0x00000000080001c8       0xa0 BlueNRG/SimpleBlueNRG_HCI/hci/controller/bluenrg_gap_aci.o
                0x00000000080001c8                aci_gap_init_IDB05A1
 .text.aci_gap_init_IDB04A1
                0x0000000008000268       0x94 BlueNRG/SimpleBlueNRG_HCI/hci/controller/bluenrg_gap_aci.o
                0x0000000008000268                aci_gap_init_IDB04A1
 .text.aci_gap_set_non_discoverable
                0x00000000080002fc       0x44 BlueNRG/SimpleBlueNRG_HCI/hci/controller/bluenrg_gap_aci.o
                0x00000000080002fc                aci_gap_set_non_discoverable
 .text.aci_gap_set_auth_requirement
                0x0000000008000340       0xa2 BlueNRG/SimpleBlueNRG_HCI/hci/controller/bluenrg_gap_aci.o
                0x0000000008000340                aci_gap_set_auth_requirement
 .text.aci_gatt_init
                0x00000000080003e2       0x46 BlueNRG/SimpleBlueNRG_HCI/hci/controller/bluenrg_gatt_aci.o
                0x00000000080003e2                aci_gatt_init
 .text.aci_gatt_add_serv
                0x0000000008000428      0x118 BlueNRG/SimpleBlueNRG_HCI/hci/controller/bluenrg_gatt_aci.o
                0x0000000008000428                aci_gatt_add_serv
 .text.aci_gatt_add_char
                0x0000000008000540      0x1aa BlueNRG/SimpleBlueNRG_HCI/hci/controller/bluenrg_gatt_aci.o
                0x0000000008000540                aci_gatt_add_char
 .text.aci_gatt_update_char_value
                0x00000000080006ea      0x132 BlueNRG/SimpleBlueNRG_HCI/hci/controller/bluenrg_gatt_aci.o
                0x00000000080006ea                aci_gatt_update_char_value
 .text.aci_hal_set_tx_power_level
                0x000000000800081c       0x62 BlueNRG/SimpleBlueNRG_HCI/hci/controller/bluenrg_hal_aci.o
                0x000000000800081c                aci_hal_set_tx_power_level
 .text.getBlueNRGVersion
                0x000000000800087e       0x88 BlueNRG/SimpleBlueNRG_HCI/hci/controller/bluenrg_utils.o
                0x000000000800087e                getBlueNRGVersion
 *fill*         0x0000000008000906        0x2 
 .text.HCI_Init
                0x0000000008000908       0x4c BlueNRG/SimpleBlueNRG_HCI/hci/hci.o
                0x0000000008000908                HCI_Init
 .text.HCI_verify
                0x0000000008000954       0x40 BlueNRG/SimpleBlueNRG_HCI/hci/hci.o
                0x0000000008000954                HCI_verify
 .text.HCI_Process
                0x0000000008000994       0x68 BlueNRG/SimpleBlueNRG_HCI/hci/hci.o
                0x0000000008000994                HCI_Process
 .text.HCI_Queue_Empty
                0x00000000080009fc       0x14 BlueNRG/SimpleBlueNRG_HCI/hci/hci.o
                0x00000000080009fc                HCI_Queue_Empty
 .text.HCI_Isr  0x0000000008000a10       0x98 BlueNRG/SimpleBlueNRG_HCI/hci/hci.o
                0x0000000008000a10                HCI_Isr
 .text.hci_write
                0x0000000008000aa8       0x2a BlueNRG/SimpleBlueNRG_HCI/hci/hci.o
                0x0000000008000aa8                hci_write
 .text.hci_send_cmd
                0x0000000008000ad2       0x5c BlueNRG/SimpleBlueNRG_HCI/hci/hci.o
                0x0000000008000ad2                hci_send_cmd
 .text.move_list
                0x0000000008000b2e       0x36 BlueNRG/SimpleBlueNRG_HCI/hci/hci.o
 .text.free_event_list
                0x0000000008000b64       0x44 BlueNRG/SimpleBlueNRG_HCI/hci/hci.o
 .text.hci_send_req
                0x0000000008000ba8      0x254 BlueNRG/SimpleBlueNRG_HCI/hci/hci.o
                0x0000000008000ba8                hci_send_req
 .text.hci_le_read_local_version
                0x0000000008000dfc       0x94 BlueNRG/SimpleBlueNRG_HCI/hci/hci_le.o
                0x0000000008000dfc                hci_le_read_local_version
 .text.list_init_head
                0x0000000008000e90       0x20 BlueNRG/SimpleBlueNRG_HCI/utils/ble_list.o
                0x0000000008000e90                list_init_head
 .text.list_is_empty
                0x0000000008000eb0       0x40 BlueNRG/SimpleBlueNRG_HCI/utils/ble_list.o
                0x0000000008000eb0                list_is_empty
 .text.list_insert_head
                0x0000000008000ef0       0x48 BlueNRG/SimpleBlueNRG_HCI/utils/ble_list.o
                0x0000000008000ef0                list_insert_head
 .text.list_insert_tail
                0x0000000008000f38       0x48 BlueNRG/SimpleBlueNRG_HCI/utils/ble_list.o
                0x0000000008000f38                list_insert_tail
 .text.list_remove_node
                0x0000000008000f80       0x3e BlueNRG/SimpleBlueNRG_HCI/utils/ble_list.o
                0x0000000008000f80                list_remove_node
 .text.list_remove_head
                0x0000000008000fbe       0x4a BlueNRG/SimpleBlueNRG_HCI/utils/ble_list.o
                0x0000000008000fbe                list_remove_head
 .text.list_remove_tail
                0x0000000008001008       0x4a BlueNRG/SimpleBlueNRG_HCI/utils/ble_list.o
                0x0000000008001008                list_remove_tail
 .text.list_get_size
                0x0000000008001052       0x4c BlueNRG/SimpleBlueNRG_HCI/utils/ble_list.o
                0x0000000008001052                list_get_size
 .text.Timer_Set
                0x000000000800109e       0x24 BlueNRG/SimpleBlueNRG_HCI/utils/gp_timer.o
                0x000000000800109e                Timer_Set
 .text.Timer_Expired
                0x00000000080010c2       0x32 BlueNRG/SimpleBlueNRG_HCI/utils/gp_timer.o
                0x00000000080010c2                Timer_Expired
 .text.Osal_MemCpy
                0x00000000080010f4       0x20 BlueNRG/SimpleBlueNRG_HCI/utils/osal.o
                0x00000000080010f4                Osal_MemCpy
 .text.Osal_MemSet
                0x0000000008001114       0x20 BlueNRG/SimpleBlueNRG_HCI/utils/osal.o
                0x0000000008001114                Osal_MemSet
 .text.HAL_SPI_MspInit
                0x0000000008001134      0x1c0 Drivers/BSP/SensorTile/SensorTile_BlueNRG.o
                0x0000000008001134                HAL_SPI_MspInit
 .text.Hal_Write_Serial
                0x00000000080012f4       0x5c Drivers/BSP/SensorTile/SensorTile_BlueNRG.o
                0x00000000080012f4                Hal_Write_Serial
 .text.BNRG_SPI_Init
                0x0000000008001350       0x64 Drivers/BSP/SensorTile/SensorTile_BlueNRG.o
                0x0000000008001350                BNRG_SPI_Init
 .text.BlueNRG_RST
                0x00000000080013b4       0x2c Drivers/BSP/SensorTile/SensorTile_BlueNRG.o
                0x00000000080013b4                BlueNRG_RST
 .text.BlueNRG_DataPresent
                0x00000000080013e0       0x20 Drivers/BSP/SensorTile/SensorTile_BlueNRG.o
                0x00000000080013e0                BlueNRG_DataPresent
 .text.BlueNRG_SPI_Read_All
                0x0000000008001400       0xdc Drivers/BSP/SensorTile/SensorTile_BlueNRG.o
                0x0000000008001400                BlueNRG_SPI_Read_All
 .text.BlueNRG_SPI_Write
                0x00000000080014dc      0x150 Drivers/BSP/SensorTile/SensorTile_BlueNRG.o
                0x00000000080014dc                BlueNRG_SPI_Write
 .text.set_irq_as_output
                0x000000000800162c       0x38 Drivers/BSP/SensorTile/SensorTile_BlueNRG.o
                0x000000000800162c                set_irq_as_output
 .text.set_irq_as_input
                0x0000000008001664       0x44 Drivers/BSP/SensorTile/SensorTile_BlueNRG.o
                0x0000000008001664                set_irq_as_input
 .text.us150Delay
                0x00000000080016a8       0x28 Drivers/BSP/SensorTile/SensorTile_BlueNRG.o
 .text.Enable_SPI_IRQ
                0x00000000080016d0        0xe Drivers/BSP/SensorTile/SensorTile_BlueNRG.o
                0x00000000080016d0                Enable_SPI_IRQ
 .text.Disable_SPI_IRQ
                0x00000000080016de        0xe Drivers/BSP/SensorTile/SensorTile_BlueNRG.o
                0x00000000080016de                Disable_SPI_IRQ
 .text.Clear_SPI_EXTI_Flag
                0x00000000080016ec       0x18 Drivers/BSP/SensorTile/SensorTile_BlueNRG.o
                0x00000000080016ec                Clear_SPI_EXTI_Flag
 .text.HAL_Init
                0x0000000008001704       0x1a Drivers/STM32L4xx_HAL_Driver/Src/stm32l4xx_hal.o
                0x0000000008001704                HAL_Init
 *fill*         0x000000000800171e        0x2 
 .text.HAL_IncTick
                0x0000000008001720       0x1c Drivers/STM32L4xx_HAL_Driver/Src/stm32l4xx_hal.o
                0x0000000008001720                HAL_IncTick
 .text.HAL_GetTick
                0x000000000800173c       0x18 Drivers/STM32L4xx_HAL_Driver/Src/stm32l4xx_hal.o
                0x000000000800173c                HAL_GetTick
 .text.HAL_Delay
                0x0000000008001754       0x3a Drivers/STM32L4xx_HAL_Driver/Src/stm32l4xx_hal.o
                0x0000000008001754                HAL_Delay
 *fill*         0x000000000800178e        0x2 
 .text.NVIC_SetPriorityGrouping
                0x0000000008001790       0x48 Drivers/STM32L4xx_HAL_Driver/Src/stm32l4xx_hal_cortex.o
 .text.NVIC_GetPriorityGrouping
                0x00000000080017d8       0x1c Drivers/STM32L4xx_HAL_Driver/Src/stm32l4xx_hal_cortex.o
 .text.NVIC_EnableIRQ
                0x00000000080017f4       0x34 Drivers/STM32L4xx_HAL_Driver/Src/stm32l4xx_hal_cortex.o
 .text.NVIC_DisableIRQ
                0x0000000008001828       0x34 Drivers/STM32L4xx_HAL_Driver/Src/stm32l4xx_hal_cortex.o
 .text.NVIC_SetPriority
                0x000000000800185c       0x54 Drivers/STM32L4xx_HAL_Driver/Src/stm32l4xx_hal_cortex.o
 .text.NVIC_EncodePriority
                0x00000000080018b0       0x62 Drivers/STM32L4xx_HAL_Driver/Src/stm32l4xx_hal_cortex.o
 .text.HAL_NVIC_SetPriorityGrouping
                0x0000000008001912       0x16 Drivers/STM32L4xx_HAL_Driver/Src/stm32l4xx_hal_cortex.o
                0x0000000008001912                HAL_NVIC_SetPriorityGrouping
 .text.HAL_NVIC_SetPriority
                0x0000000008001928       0x38 Drivers/STM32L4xx_HAL_Driver/Src/stm32l4xx_hal_cortex.o
                0x0000000008001928                HAL_NVIC_SetPriority
 .text.HAL_NVIC_EnableIRQ
                0x0000000008001960       0x1c Drivers/STM32L4xx_HAL_Driver/Src/stm32l4xx_hal_cortex.o
                0x0000000008001960                HAL_NVIC_EnableIRQ
 .text.HAL_NVIC_DisableIRQ
                0x000000000800197c       0x1c Drivers/STM32L4xx_HAL_Driver/Src/stm32l4xx_hal_cortex.o
                0x000000000800197c                HAL_NVIC_DisableIRQ
 .text.HAL_GPIO_Init
                0x0000000008001998      0x358 Drivers/STM32L4xx_HAL_Driver/Src/stm32l4xx_hal_gpio.o
                0x0000000008001998                HAL_GPIO_Init
 .text.HAL_GPIO_ReadPin
                0x0000000008001cf0       0x30 Drivers/STM32L4xx_HAL_Driver/Src/stm32l4xx_hal_gpio.o
                0x0000000008001cf0                HAL_GPIO_ReadPin
 .text.HAL_GPIO_WritePin
                0x0000000008001d20       0x30 Drivers/STM32L4xx_HAL_Driver/Src/stm32l4xx_hal_gpio.o
                0x0000000008001d20                HAL_GPIO_WritePin
 .text.HAL_GPIO_EXTI_IRQHandler
                0x0000000008001d50       0x30 Drivers/STM32L4xx_HAL_Driver/Src/stm32l4xx_hal_gpio.o
                0x0000000008001d50                HAL_GPIO_EXTI_IRQHandler
 .text.HAL_MspInit
                0x0000000008001d80        0xe Drivers/STM32L4xx_HAL_Driver/Src/stm32l4xx_hal_msp_template.o
                0x0000000008001d80                HAL_MspInit
 *fill*         0x0000000008001d8e        0x2 
 .text.HAL_PWR_EnableBkUpAccess
                0x0000000008001d90       0x20 Drivers/STM32L4xx_HAL_Driver/Src/stm32l4xx_hal_pwr.o
                0x0000000008001d90                HAL_PWR_EnableBkUpAccess
 .text.HAL_PWREx_GetVoltageRange
                0x0000000008001db0       0x1c Drivers/STM32L4xx_HAL_Driver/Src/stm32l4xx_hal_pwr_ex.o
                0x0000000008001db0                HAL_PWREx_GetVoltageRange
 .text.HAL_RCC_OscConfig
                0x0000000008001dcc      0x70c Drivers/STM32L4xx_HAL_Driver/Src/stm32l4xx_hal_rcc.o
                0x0000000008001dcc                HAL_RCC_OscConfig
 .text.HAL_RCC_ClockConfig
                0x00000000080024d8      0x244 Drivers/STM32L4xx_HAL_Driver/Src/stm32l4xx_hal_rcc.o
                0x00000000080024d8                HAL_RCC_ClockConfig
 .text.HAL_RCC_GetSysClockFreq
                0x000000000800271c      0x1f4 Drivers/STM32L4xx_HAL_Driver/Src/stm32l4xx_hal_rcc.o
                0x000000000800271c                HAL_RCC_GetSysClockFreq
 .text.HAL_RCC_GetHCLKFreq
                0x0000000008002910       0x18 Drivers/STM32L4xx_HAL_Driver/Src/stm32l4xx_hal_rcc.o
                0x0000000008002910                HAL_RCC_GetHCLKFreq
 .text.HAL_RCC_GetPCLK1Freq
                0x0000000008002928       0x44 Drivers/STM32L4xx_HAL_Driver/Src/stm32l4xx_hal_rcc.o
                0x0000000008002928                HAL_RCC_GetPCLK1Freq
 .text.HAL_RCC_GetClockConfig
                0x000000000800296c       0x64 Drivers/STM32L4xx_HAL_Driver/Src/stm32l4xx_hal_rcc.o
                0x000000000800296c                HAL_RCC_GetClockConfig
 .text.RCC_SetFlashLatencyFromMSIRange
                0x00000000080029d0       0xc4 Drivers/STM32L4xx_HAL_Driver/Src/stm32l4xx_hal_rcc.o
 .text.HAL_RCCEx_PeriphCLKConfig
                0x0000000008002a94      0x5c8 Drivers/STM32L4xx_HAL_Driver/Src/stm32l4xx_hal_rcc_ex.o
                0x0000000008002a94                HAL_RCCEx_PeriphCLKConfig
 .text.HAL_RCCEx_DisableLSECSS
                0x000000000800305c       0x30 Drivers/STM32L4xx_HAL_Driver/Src/stm32l4xx_hal_rcc_ex.o
                0x000000000800305c                HAL_RCCEx_DisableLSECSS
 .text.HAL_RCCEx_EnableMSIPLLMode
                0x000000000800308c       0x20 Drivers/STM32L4xx_HAL_Driver/Src/stm32l4xx_hal_rcc_ex.o
                0x000000000800308c                HAL_RCCEx_EnableMSIPLLMode
 .text.RCCEx_PLLSAI1_Config
                0x00000000080030ac      0x2a8 Drivers/STM32L4xx_HAL_Driver/Src/stm32l4xx_hal_rcc_ex.o
 .text.RCCEx_PLLSAI2_Config
                0x0000000008003354      0x250 Drivers/STM32L4xx_HAL_Driver/Src/stm32l4xx_hal_rcc_ex.o
 .text.HAL_SPI_Init
                0x00000000080035a4      0x110 Drivers/STM32L4xx_HAL_Driver/Src/stm32l4xx_hal_spi.o
                0x00000000080035a4                HAL_SPI_Init
 .text.HAL_SPI_TransmitReceive
                0x00000000080036b4      0x3fe Drivers/STM32L4xx_HAL_Driver/Src/stm32l4xx_hal_spi.o
                0x00000000080036b4                HAL_SPI_TransmitReceive
 .text.SPI_WaitFlagStateUntilTimeout
                0x0000000008003ab2       0xd0 Drivers/STM32L4xx_HAL_Driver/Src/stm32l4xx_hal_spi.o
 .text.SPI_WaitFifoStateUntilTimeout
                0x0000000008003b82       0xe0 Drivers/STM32L4xx_HAL_Driver/Src/stm32l4xx_hal_spi.o
 .text.SPI_EndRxTxTransaction
                0x0000000008003c62       0x8c Drivers/STM32L4xx_HAL_Driver/Src/stm32l4xx_hal_spi.o
 .text.HAL_TIM_Base_Init
                0x0000000008003cee       0x56 Drivers/STM32L4xx_HAL_Driver/Src/stm32l4xx_hal_tim.o
                0x0000000008003cee                HAL_TIM_Base_Init
 .text.HAL_TIM_Base_Start_IT
                0x0000000008003d44       0x36 Drivers/STM32L4xx_HAL_Driver/Src/stm32l4xx_hal_tim.o
                0x0000000008003d44                HAL_TIM_Base_Start_IT
 .text.HAL_TIM_IRQHandler
                0x0000000008003d7a      0x210 Drivers/STM32L4xx_HAL_Driver/Src/stm32l4xx_hal_tim.o
                0x0000000008003d7a                HAL_TIM_IRQHandler
 .text.HAL_TIM_OC_DelayElapsedCallback
                0x0000000008003f8a       0x14 Drivers/STM32L4xx_HAL_Driver/Src/stm32l4xx_hal_tim.o
                0x0000000008003f8a                HAL_TIM_OC_DelayElapsedCallback
 .text.HAL_TIM_IC_CaptureCallback
                0x0000000008003f9e       0x14 Drivers/STM32L4xx_HAL_Driver/Src/stm32l4xx_hal_tim.o
                0x0000000008003f9e                HAL_TIM_IC_CaptureCallback
 .text.HAL_TIM_PWM_PulseFinishedCallback
                0x0000000008003fb2       0x14 Drivers/STM32L4xx_HAL_Driver/Src/stm32l4xx_hal_tim.o
                0x0000000008003fb2                HAL_TIM_PWM_PulseFinishedCallback
 .text.HAL_TIM_TriggerCallback
                0x0000000008003fc6       0x14 Drivers/STM32L4xx_HAL_Driver/Src/stm32l4xx_hal_tim.o
                0x0000000008003fc6                HAL_TIM_TriggerCallback
 *fill*         0x0000000008003fda        0x2 
 .text.TIM_Base_SetConfig
                0x0000000008003fdc      0x128 Drivers/STM32L4xx_HAL_Driver/Src/stm32l4xx_hal_tim.o
                0x0000000008003fdc                TIM_Base_SetConfig
 .text.HAL_TIMEx_CommutationCallback
                0x0000000008004104       0x14 Drivers/STM32L4xx_HAL_Driver/Src/stm32l4xx_hal_tim_ex.o
                0x0000000008004104                HAL_TIMEx_CommutationCallback
 .text.HAL_TIMEx_BreakCallback
                0x0000000008004118       0x14 Drivers/STM32L4xx_HAL_Driver/Src/stm32l4xx_hal_tim_ex.o
                0x0000000008004118                HAL_TIMEx_BreakCallback
 .text.HAL_InitTick
                0x000000000800412c       0xc4 Drivers/STM32L4xx_HAL_Driver/Src/stm32l4xx_hal_timebase_tim_template.o
                0x000000000800412c                HAL_InitTick
 .text.HAL_TIM_PeriodElapsedCallback
                0x00000000080041f0       0x14 Drivers/STM32L4xx_HAL_Driver/Src/stm32l4xx_hal_timebase_tim_template.o
                0x00000000080041f0                HAL_TIM_PeriodElapsedCallback
 .text.TIM6_DAC_IRQHandler
                0x0000000008004204       0x14 Drivers/STM32L4xx_HAL_Driver/Src/stm32l4xx_hal_timebase_tim_template.o
                0x0000000008004204                TIM6_DAC_IRQHandler
 .text.ble_stack_init
                0x0000000008004218       0xbc src/bee_ble_service.o
 .text.ble_service_add
                0x00000000080042d4       0xe8 src/bee_ble_service.o
 .text.ble_stop_advertisement
                0x00000000080043bc        0xc src/bee_ble_service.o
 .text.ble_update_aggro_level
                0x00000000080043c8        0xe src/bee_ble_service.o
 .text.bee_ble_init
                0x00000000080043d6       0x14 src/bee_ble_service.o
                0x00000000080043d6                bee_ble_init
 *fill*         0x00000000080043ea        0x2 
 .text.bee_ble_handler
                0x00000000080043ec       0x60 src/bee_ble_service.o
                0x00000000080043ec                bee_ble_handler
 .text.HAL_GPIO_EXTI_Callback
                0x000000000800444c       0x26 src/bee_ble_service.o
                0x000000000800444c                HAL_GPIO_EXTI_Callback
 .text.HCI_Event_CB
                0x0000000008004472       0x88 src/bee_ble_service.o
                0x0000000008004472                HCI_Event_CB
 *fill*         0x00000000080044fa        0x2 
 .text.event_queue_peek
                0x00000000080044fc       0x38 src/event_queue.o
                0x00000000080044fc                event_queue_peek
 .text.event_queue_get
                0x0000000008004534       0x5c src/event_queue.o
                0x0000000008004534                event_queue_get
 .text.event_queue_put
                0x0000000008004590       0x60 src/event_queue.o
                0x0000000008004590                event_queue_put
 .text.sysclk_config
                0x00000000080045f0      0x11c src/main.o
                0x00000000080045f0                sysclk_config
 .text.main     0x000000000800470c       0x28 src/main.o
                0x000000000800470c                main
 .text.Reset_Handler
                0x0000000008004734       0x50 src/startup_stm32l476xx.o
                0x0000000008004734                Reset_Handler
 .text.Default_Handler
                0x0000000008004784        0x2 src/startup_stm32l476xx.o
                0x0000000008004784                RTC_Alarm_IRQHandler
                0x0000000008004784                EXTI2_IRQHandler
                0x0000000008004784                TIM8_TRG_COM_IRQHandler
                0x0000000008004784                TIM8_CC_IRQHandler
                0x0000000008004784                DFSDM0_IRQHandler
                0x0000000008004784                TSC_IRQHandler
                0x0000000008004784                TAMP_STAMP_IRQHandler
                0x0000000008004784                EXTI3_IRQHandler
                0x0000000008004784                LPTIM2_IRQHandler
                0x0000000008004784                I2C3_ER_IRQHandler
                0x0000000008004784                EXTI0_IRQHandler
                0x0000000008004784                I2C2_EV_IRQHandler
                0x0000000008004784                CAN1_RX0_IRQHandler
                0x0000000008004784                FPU_IRQHandler
                0x0000000008004784                TIM1_UP_TIM16_IRQHandler
                0x0000000008004784                ADC1_2_IRQHandler
                0x0000000008004784                SPI1_IRQHandler
                0x0000000008004784                TIM8_UP_IRQHandler
                0x0000000008004784                DMA2_Channel2_IRQHandler
                0x0000000008004784                DMA1_Channel4_IRQHandler
                0x0000000008004784                SAI2_IRQHandler
                0x0000000008004784                USART3_IRQHandler
                0x0000000008004784                DMA1_Channel7_IRQHandler
                0x0000000008004784                CAN1_RX1_IRQHandler
                0x0000000008004784                LCD_IRQHandler
                0x0000000008004784                UART5_IRQHandler
                0x0000000008004784                ADC3_IRQHandler
                0x0000000008004784                TIM4_IRQHandler
                0x0000000008004784                DMA2_Channel1_IRQHandler
                0x0000000008004784                QUADSPI_IRQHandler
                0x0000000008004784                I2C1_EV_IRQHandler
                0x0000000008004784                DMA1_Channel6_IRQHandler
                0x0000000008004784                UART4_IRQHandler
                0x0000000008004784                DMA2_Channel4_IRQHandler
                0x0000000008004784                RCC_IRQHandler
                0x0000000008004784                DMA1_Channel1_IRQHandler
                0x0000000008004784                Default_Handler
                0x0000000008004784                DMA2_Channel7_IRQHandler
                0x0000000008004784                EXTI15_10_IRQHandler
                0x0000000008004784                TIM7_IRQHandler
                0x0000000008004784                SDMMC1_IRQHandler
                0x0000000008004784                TIM5_IRQHandler
                0x0000000008004784                I2C3_EV_IRQHandler
                0x0000000008004784                DFSDM2_IRQHandler
                0x0000000008004784                RTC_WKUP_IRQHandler
                0x0000000008004784                PVD_PVM_IRQHandler
                0x0000000008004784                SPI2_IRQHandler
                0x0000000008004784                DFSDM3_IRQHandler
                0x0000000008004784                CAN1_TX_IRQHandler
                0x0000000008004784                DMA2_Channel5_IRQHandler
                0x0000000008004784                DMA1_Channel5_IRQHandler
                0x0000000008004784                EXTI4_IRQHandler
                0x0000000008004784                RNG_IRQHandler
                0x0000000008004784                TIM1_TRG_COM_TIM17_IRQHandler
                0x0000000008004784                DMA1_Channel3_IRQHandler
                0x0000000008004784                COMP_IRQHandler
                0x0000000008004784                WWDG_IRQHandler
                0x0000000008004784                LPUART1_IRQHandler
                0x0000000008004784                DMA2_Channel6_IRQHandler
                0x0000000008004784                TIM2_IRQHandler
                0x0000000008004784                EXTI1_IRQHandler
                0x0000000008004784                USART2_IRQHandler
                0x0000000008004784                I2C2_ER_IRQHandler
                0x0000000008004784                DMA1_Channel2_IRQHandler
                0x0000000008004784                TIM8_BRK_IRQHandler
                0x0000000008004784                CAN1_SCE_IRQHandler
                0x0000000008004784                FLASH_IRQHandler
                0x0000000008004784                USART1_IRQHandler
                0x0000000008004784                SPI3_IRQHandler
                0x0000000008004784                I2C1_ER_IRQHandler
                0x0000000008004784                FMC_IRQHandler
                0x0000000008004784                SWPMI1_IRQHandler
                0x0000000008004784                LPTIM1_IRQHandler
                0x0000000008004784                DFSDM1_IRQHandler
                0x0000000008004784                SAI1_IRQHandler
                0x0000000008004784                DMA2_Channel3_IRQHandler
                0x0000000008004784                TIM1_BRK_TIM15_IRQHandler
 *fill*         0x0000000008004786        0x2 
 .text.HAL_TIM_Base_MspInit
                0x0000000008004788       0x84 src/stm32l4xx_hal_msp.o
                0x0000000008004788                HAL_TIM_Base_MspInit
 .text.NMI_Handler
                0x000000000800480c        0xe src/stm32l4xx_it.o
                0x000000000800480c                NMI_Handler
 .text.HardFault_Handler
                0x000000000800481a        0x6 src/stm32l4xx_it.o
                0x000000000800481a                HardFault_Handler
 .text.MemManage_Handler
                0x0000000008004820        0x6 src/stm32l4xx_it.o
                0x0000000008004820                MemManage_Handler
 .text.BusFault_Handler
                0x0000000008004826        0x6 src/stm32l4xx_it.o
                0x0000000008004826                BusFault_Handler
 .text.UsageFault_Handler
                0x000000000800482c        0x6 src/stm32l4xx_it.o
                0x000000000800482c                UsageFault_Handler
 .text.SVC_Handler
                0x0000000008004832        0xe src/stm32l4xx_it.o
                0x0000000008004832                SVC_Handler
 .text.DebugMon_Handler
                0x0000000008004840        0xe src/stm32l4xx_it.o
                0x0000000008004840                DebugMon_Handler
 .text.PendSV_Handler
                0x000000000800484e        0xe src/stm32l4xx_it.o
                0x000000000800484e                PendSV_Handler
 .text.SysTick_Handler
                0x000000000800485c        0xc src/stm32l4xx_it.o
                0x000000000800485c                SysTick_Handler
 .text.TIM1_CC_IRQHandler
                0x0000000008004868        0xe src/stm32l4xx_it.o
                0x0000000008004868                TIM1_CC_IRQHandler
 .text.EXTI9_5_IRQHandler
                0x0000000008004876        0xe src/stm32l4xx_it.o
                0x0000000008004876                EXTI9_5_IRQHandler
 .text.OTG_FS_IRQHandler
                0x0000000008004884        0xe src/stm32l4xx_it.o
                0x0000000008004884                OTG_FS_IRQHandler
 *fill*         0x0000000008004892        0x2 
 .text.TIM3_IRQHandler
                0x0000000008004894       0x14 src/stm32l4xx_it.o
                0x0000000008004894                TIM3_IRQHandler
 .text.SystemInit
                0x00000000080048a8       0x6c src/system_stm32l4xx.o
                0x00000000080048a8                SystemInit
 .text.__libc_init_array
                0x0000000008004914       0x48 /opt/Atollic_TrueSTUDIO_for_ARM_x86_64_8.0.0/ARMTools/bin/../lib/gcc/arm-atollic-eabi/6.3.1/../../../../arm-atollic-eabi/lib/armv7e-m/fpu/libc_nano.a(lib_a-init.o)
                0x0000000008004914                __libc_init_array
 .text.memcpy   0x000000000800495c       0x16 /opt/Atollic_TrueSTUDIO_for_ARM_x86_64_8.0.0/ARMTools/bin/../lib/gcc/arm-atollic-eabi/6.3.1/../../../../arm-atollic-eabi/lib/armv7e-m/fpu/libc_nano.a(lib_a-memcpy-stub.o)
                0x000000000800495c                memcpy
 .text.memset   0x0000000008004972       0x10 /opt/Atollic_TrueSTUDIO_for_ARM_x86_64_8.0.0/ARMTools/bin/../lib/gcc/arm-atollic-eabi/6.3.1/../../../../arm-atollic-eabi/lib/armv7e-m/fpu/libc_nano.a(lib_a-memset.o)
                0x0000000008004972                memset
 *(.glue_7)
 .glue_7        0x0000000008004982        0x0 linker stubs
 *(.glue_7t)
 .glue_7t       0x0000000008004982        0x0 linker stubs
 *(.eh_frame)
 *fill*         0x0000000008004982        0x2 
 .eh_frame      0x0000000008004984        0x0 /opt/Atollic_TrueSTUDIO_for_ARM_x86_64_8.0.0/ARMTools/bin/../lib/gcc/arm-atollic-eabi/6.3.1/armv7e-m/fpu/crtbegin.o
 *(.init)
 .init          0x0000000008004984        0x4 /opt/Atollic_TrueSTUDIO_for_ARM_x86_64_8.0.0/ARMTools/bin/../lib/gcc/arm-atollic-eabi/6.3.1/armv7e-m/fpu/crti.o
                0x0000000008004984                _init
 .init          0x0000000008004988        0x8 /opt/Atollic_TrueSTUDIO_for_ARM_x86_64_8.0.0/ARMTools/bin/../lib/gcc/arm-atollic-eabi/6.3.1/armv7e-m/fpu/crtn.o
 *(.fini)
 .fini          0x0000000008004990        0x4 /opt/Atollic_TrueSTUDIO_for_ARM_x86_64_8.0.0/ARMTools/bin/../lib/gcc/arm-atollic-eabi/6.3.1/armv7e-m/fpu/crti.o
                0x0000000008004990                _fini
 .fini          0x0000000008004994        0x8 /opt/Atollic_TrueSTUDIO_for_ARM_x86_64_8.0.0/ARMTools/bin/../lib/gcc/arm-atollic-eabi/6.3.1/armv7e-m/fpu/crtn.o
                0x000000000800499c                . = ALIGN (0x4)
                0x000000000800499c                _etext = .

.vfp11_veneer   0x000000000800499c        0x0
 .vfp11_veneer  0x000000000800499c        0x0 linker stubs

.v4_bx          0x000000000800499c        0x0
 .v4_bx         0x000000000800499c        0x0 linker stubs

.iplt           0x000000000800499c        0x0
 .iplt          0x000000000800499c        0x0 /opt/Atollic_TrueSTUDIO_for_ARM_x86_64_8.0.0/ARMTools/bin/../lib/gcc/arm-atollic-eabi/6.3.1/armv7e-m/fpu/crtbegin.o

.rodata         0x000000000800499c       0x54
                0x000000000800499c                . = ALIGN (0x4)
 *(.rodata)
 .rodata        0x000000000800499c        0xb src/bee_ble_service.o
 *(.rodata*)
 *fill*         0x00000000080049a7        0x1 
 .rodata.AHBPrescTable
                0x00000000080049a8       0x10 src/system_stm32l4xx.o
                0x00000000080049a8                AHBPrescTable
 .rodata.APBPrescTable
                0x00000000080049b8        0x8 src/system_stm32l4xx.o
                0x00000000080049b8                APBPrescTable
 .rodata.MSIRangeTable
                0x00000000080049c0       0x30 src/system_stm32l4xx.o
                0x00000000080049c0                MSIRangeTable
                0x00000000080049f0                . = ALIGN (0x4)

.rel.dyn        0x00000000080049f0        0x0
 .rel.iplt      0x00000000080049f0        0x0 /opt/Atollic_TrueSTUDIO_for_ARM_x86_64_8.0.0/ARMTools/bin/../lib/gcc/arm-atollic-eabi/6.3.1/armv7e-m/fpu/crtbegin.o

.ARM.extab
 *(.ARM.extab* .gnu.linkonce.armextab.*)

.ARM            0x00000000080049f0        0x0
                0x00000000080049f0                __exidx_start = .
 *(.ARM.exidx*)
                0x00000000080049f0                __exidx_end = .

.preinit_array  0x00000000080049f0        0x0
                0x00000000080049f0                PROVIDE (__preinit_array_start, .)
 *(.preinit_array*)
                0x00000000080049f0                PROVIDE (__preinit_array_end, .)

.init_array     0x00000000080049f0        0x4
                0x00000000080049f0                PROVIDE (__init_array_start, .)
 *(SORT(.init_array.*))
 *(.init_array*)
 .init_array    0x00000000080049f0        0x4 /opt/Atollic_TrueSTUDIO_for_ARM_x86_64_8.0.0/ARMTools/bin/../lib/gcc/arm-atollic-eabi/6.3.1/armv7e-m/fpu/crtbegin.o
                0x00000000080049f4                PROVIDE (__init_array_end, .)

.fini_array     0x00000000080049f4        0x4
                [!provide]                        PROVIDE (__fini_array_start, .)
 *(SORT(.fini_array.*))
 *(.fini_array*)
 .fini_array    0x00000000080049f4        0x4 /opt/Atollic_TrueSTUDIO_for_ARM_x86_64_8.0.0/ARMTools/bin/../lib/gcc/arm-atollic-eabi/6.3.1/armv7e-m/fpu/crtbegin.o
                [!provide]                        PROVIDE (__fini_array_end, .)
                0x00000000080049f8                _sidata = LOADADDR (.data)

.data           0x0000000020000000        0x8 load address 0x00000000080049f8
                0x0000000020000000                . = ALIGN (0x4)
                0x0000000020000000                _sdata = .
 *(.data)
 *(.data*)
 .data.state    0x0000000020000000        0x1 src/bee_ble_service.o
 *fill*         0x0000000020000001        0x3 
 .data.SystemCoreClock
                0x0000000020000004        0x4 src/system_stm32l4xx.o
                0x0000000020000004                SystemCoreClock
                0x0000000020000008                . = ALIGN (0x4)
                0x0000000020000008                _edata = .
                0x0000000008004a00                _siram2 = LOADADDR (.ram2)

.igot.plt       0x0000000020000008        0x0 load address 0x0000000008004a00
 .igot.plt      0x0000000020000008        0x0 /opt/Atollic_TrueSTUDIO_for_ARM_x86_64_8.0.0/ARMTools/bin/../lib/gcc/arm-atollic-eabi/6.3.1/armv7e-m/fpu/crtbegin.o

.ram2           0x0000000010000000        0x0 load address 0x0000000008004a00
                0x0000000010000000                . = ALIGN (0x4)
                0x0000000010000000                _sram2 = .
 *(.ram2)
 *(.ram2*)
                0x0000000010000000                . = ALIGN (0x4)
                0x0000000010000000                _eram2 = .
                0x0000000010000000                . = ALIGN (0x4)

.bss            0x0000000020000008      0x49c
                0x0000000020000008                _sbss = .
                0x0000000020000008                __bss_start__ = _sbss
 *(.bss)
 .bss           0x0000000020000008       0x1c /opt/Atollic_TrueSTUDIO_for_ARM_x86_64_8.0.0/ARMTools/bin/../lib/gcc/arm-atollic-eabi/6.3.1/armv7e-m/fpu/crtbegin.o
 *(.bss*)
 .bss.hciReadPacketBuffer
                0x0000000020000024      0x2bc BlueNRG/SimpleBlueNRG_HCI/hci/hci.o
 .bss.bee_service_handle
                0x00000000200002e0        0x2 src/bee_ble_service.o
 .bss.bee_char_aggro_handle
                0x00000000200002e2        0x2 src/bee_ble_service.o
 .bss.put_index
                0x00000000200002e4        0x4 src/event_queue.o
 .bss.get_index
                0x00000000200002e8        0x4 src/event_queue.o
 .bss.noof_elements
                0x00000000200002ec        0x4 src/event_queue.o
 .bss.event_queue
                0x00000000200002f0      0x100 src/event_queue.o
 *(COMMON)
 COMMON         0x00000000200003f0       0x10 BlueNRG/SimpleBlueNRG_HCI/hci/hci.o
                0x00000000200003f0                hciReadPktPool
                0x00000000200003f8                hciReadPktRxQueue
 COMMON         0x0000000020000400       0x64 Drivers/BSP/SensorTile/SensorTile_BlueNRG.o
                0x0000000020000400                SpiHandle
 COMMON         0x0000000020000464        0x4 Drivers/STM32L4xx_HAL_Driver/Src/stm32l4xx_hal.o
                0x0000000020000464                uwTick
 COMMON         0x0000000020000468       0x3c Drivers/STM32L4xx_HAL_Driver/Src/stm32l4xx_hal_timebase_tim_template.o
                0x0000000020000468                TimHandle
                0x00000000200004a4                . = ALIGN (0x4)
                0x00000000200004a4                _ebss = .
                0x00000000200004a4                __bss_end__ = _ebss

._user_heap_stack
                0x00000000200004a4      0x400
                0x00000000200004a4                . = ALIGN (0x4)
                0x00000000200004a4                PROVIDE (end, .)
                [!provide]                        PROVIDE (_end, .)
                0x00000000200004a4                . = (. + _Min_Heap_Size)
                0x00000000200008a4                . = (. + _Min_Stack_Size)
 *fill*         0x00000000200004a4      0x400 
                0x00000000200008a4                . = ALIGN (0x4)

.memory_b1_text
 *(.mb1text)
 *(.mb1text*)
 *(.mb1rodata)
 *(.mb1rodata*)

/DISCARD/
 libc.a(*)
 libm.a(*)
 libgcc.a(*)

.ARM.attributes
                0x0000000000000000       0x30
 *(.ARM.attributes)
 .ARM.attributes
                0x0000000000000000       0x22 /opt/Atollic_TrueSTUDIO_for_ARM_x86_64_8.0.0/ARMTools/bin/../lib/gcc/arm-atollic-eabi/6.3.1/armv7e-m/fpu/crti.o
 .ARM.attributes
                0x0000000000000022       0x34 /opt/Atollic_TrueSTUDIO_for_ARM_x86_64_8.0.0/ARMTools/bin/../lib/gcc/arm-atollic-eabi/6.3.1/armv7e-m/fpu/crtbegin.o
 .ARM.attributes
                0x0000000000000056       0x39 BlueNRG/SimpleBlueNRG_HCI/hci/controller/bluenrg_gap_aci.o
 .ARM.attributes
                0x000000000000008f       0x39 BlueNRG/SimpleBlueNRG_HCI/hci/controller/bluenrg_gatt_aci.o
 .ARM.attributes
                0x00000000000000c8       0x39 BlueNRG/SimpleBlueNRG_HCI/hci/controller/bluenrg_hal_aci.o
 .ARM.attributes
                0x0000000000000101       0x39 BlueNRG/SimpleBlueNRG_HCI/hci/controller/bluenrg_utils.o
 .ARM.attributes
                0x000000000000013a       0x39 BlueNRG/SimpleBlueNRG_HCI/hci/hci.o
 .ARM.attributes
                0x0000000000000173       0x39 BlueNRG/SimpleBlueNRG_HCI/hci/hci_le.o
 .ARM.attributes
                0x00000000000001ac       0x39 BlueNRG/SimpleBlueNRG_HCI/utils/ble_list.o
 .ARM.attributes
                0x00000000000001e5       0x39 BlueNRG/SimpleBlueNRG_HCI/utils/gp_timer.o
 .ARM.attributes
                0x000000000000021e       0x39 BlueNRG/SimpleBlueNRG_HCI/utils/osal.o
 .ARM.attributes
                0x0000000000000257       0x39 Drivers/BSP/SensorTile/SensorTile_BlueNRG.o
 .ARM.attributes
                0x0000000000000290       0x39 Drivers/STM32L4xx_HAL_Driver/Src/stm32l4xx_hal.o
 .ARM.attributes
                0x00000000000002c9       0x39 Drivers/STM32L4xx_HAL_Driver/Src/stm32l4xx_hal_cortex.o
 .ARM.attributes
                0x0000000000000302       0x39 Drivers/STM32L4xx_HAL_Driver/Src/stm32l4xx_hal_gpio.o
 .ARM.attributes
                0x000000000000033b       0x39 Drivers/STM32L4xx_HAL_Driver/Src/stm32l4xx_hal_msp_template.o
 .ARM.attributes
                0x0000000000000374       0x39 Drivers/STM32L4xx_HAL_Driver/Src/stm32l4xx_hal_pwr.o
 .ARM.attributes
                0x00000000000003ad       0x39 Drivers/STM32L4xx_HAL_Driver/Src/stm32l4xx_hal_pwr_ex.o
 .ARM.attributes
                0x00000000000003e6       0x39 Drivers/STM32L4xx_HAL_Driver/Src/stm32l4xx_hal_rcc.o
 .ARM.attributes
                0x000000000000041f       0x39 Drivers/STM32L4xx_HAL_Driver/Src/stm32l4xx_hal_rcc_ex.o
 .ARM.attributes
                0x0000000000000458       0x39 Drivers/STM32L4xx_HAL_Driver/Src/stm32l4xx_hal_spi.o
 .ARM.attributes
                0x0000000000000491       0x39 Drivers/STM32L4xx_HAL_Driver/Src/stm32l4xx_hal_tim.o
 .ARM.attributes
                0x00000000000004ca       0x39 Drivers/STM32L4xx_HAL_Driver/Src/stm32l4xx_hal_tim_ex.o
 .ARM.attributes
                0x0000000000000503       0x39 Drivers/STM32L4xx_HAL_Driver/Src/stm32l4xx_hal_timebase_tim_template.o
 .ARM.attributes
                0x000000000000053c       0x39 src/bee_ble_service.o
 .ARM.attributes
                0x0000000000000575       0x39 src/event_queue.o
 .ARM.attributes
                0x00000000000005ae       0x39 src/main.o
 .ARM.attributes
                0x00000000000005e7       0x21 src/startup_stm32l476xx.o
 .ARM.attributes
                0x0000000000000608       0x39 src/stm32l4xx_hal_msp.o
 .ARM.attributes
                0x0000000000000641       0x39 src/stm32l4xx_it.o
 .ARM.attributes
                0x000000000000067a       0x39 src/system_stm32l4xx.o
 .ARM.attributes
                0x00000000000006b3       0x34 /opt/Atollic_TrueSTUDIO_for_ARM_x86_64_8.0.0/ARMTools/bin/../lib/gcc/arm-atollic-eabi/6.3.1/../../../../arm-atollic-eabi/lib/armv7e-m/fpu/libc_nano.a(lib_a-init.o)
 .ARM.attributes
                0x00000000000006e7       0x34 /opt/Atollic_TrueSTUDIO_for_ARM_x86_64_8.0.0/ARMTools/bin/../lib/gcc/arm-atollic-eabi/6.3.1/../../../../arm-atollic-eabi/lib/armv7e-m/fpu/libc_nano.a(lib_a-memcpy-stub.o)
 .ARM.attributes
                0x000000000000071b       0x34 /opt/Atollic_TrueSTUDIO_for_ARM_x86_64_8.0.0/ARMTools/bin/../lib/gcc/arm-atollic-eabi/6.3.1/../../../../arm-atollic-eabi/lib/armv7e-m/fpu/libc_nano.a(lib_a-memset.o)
 .ARM.attributes
                0x000000000000074f       0x22 /opt/Atollic_TrueSTUDIO_for_ARM_x86_64_8.0.0/ARMTools/bin/../lib/gcc/arm-atollic-eabi/6.3.1/armv7e-m/fpu/crtn.o
OUTPUT(LilBee.elf elf32-littlearm)

.debug_info     0x0000000000000000    0x218fb
 .debug_info    0x0000000000000000     0x216e BlueNRG/SimpleBlueNRG_HCI/hci/controller/bluenrg_gap_aci.o
 .debug_info    0x000000000000216e     0x22d5 BlueNRG/SimpleBlueNRG_HCI/hci/controller/bluenrg_gatt_aci.o
 .debug_info    0x0000000000004443      0x69a BlueNRG/SimpleBlueNRG_HCI/hci/controller/bluenrg_hal_aci.o
 .debug_info    0x0000000000004add     0x1132 BlueNRG/SimpleBlueNRG_HCI/hci/controller/bluenrg_utils.o
 .debug_info    0x0000000000005c0f      0xfb2 BlueNRG/SimpleBlueNRG_HCI/hci/hci.o
 .debug_info    0x0000000000006bc1     0x152b BlueNRG/SimpleBlueNRG_HCI/hci/hci_le.o
 .debug_info    0x00000000000080ec     0x100d BlueNRG/SimpleBlueNRG_HCI/utils/ble_list.o
 .debug_info    0x00000000000090f9      0x1b6 BlueNRG/SimpleBlueNRG_HCI/utils/gp_timer.o
 .debug_info    0x00000000000092af      0x91b BlueNRG/SimpleBlueNRG_HCI/utils/osal.o
 .debug_info    0x0000000000009bca     0x1926 Drivers/BSP/SensorTile/SensorTile_BlueNRG.o
 .debug_info    0x000000000000b4f0     0x1251 Drivers/STM32L4xx_HAL_Driver/Src/stm32l4xx_hal.o
 .debug_info    0x000000000000c741     0x1590 Drivers/STM32L4xx_HAL_Driver/Src/stm32l4xx_hal_cortex.o
 .debug_info    0x000000000000dcd1     0x1073 Drivers/STM32L4xx_HAL_Driver/Src/stm32l4xx_hal_gpio.o
 .debug_info    0x000000000000ed44      0x998 Drivers/STM32L4xx_HAL_Driver/Src/stm32l4xx_hal_msp_template.o
 .debug_info    0x000000000000f6dc     0x11a8 Drivers/STM32L4xx_HAL_Driver/Src/stm32l4xx_hal_pwr.o
 .debug_info    0x0000000000010884     0x126c Drivers/STM32L4xx_HAL_Driver/Src/stm32l4xx_hal_pwr_ex.o
 .debug_info    0x0000000000011af0     0x1729 Drivers/STM32L4xx_HAL_Driver/Src/stm32l4xx_hal_rcc.o
 .debug_info    0x0000000000013219     0x1d4b Drivers/STM32L4xx_HAL_Driver/Src/stm32l4xx_hal_rcc_ex.o
 .debug_info    0x0000000000014f64     0x1de1 Drivers/STM32L4xx_HAL_Driver/Src/stm32l4xx_hal_spi.o
 .debug_info    0x0000000000016d45     0x2b0d Drivers/STM32L4xx_HAL_Driver/Src/stm32l4xx_hal_tim.o
 .debug_info    0x0000000000019852     0x19bb Drivers/STM32L4xx_HAL_Driver/Src/stm32l4xx_hal_tim_ex.o
 .debug_info    0x000000000001b20d     0x13bf Drivers/STM32L4xx_HAL_Driver/Src/stm32l4xx_hal_timebase_tim_template.o
 .debug_info    0x000000000001c5cc      0xff3 src/bee_ble_service.o
 .debug_info    0x000000000001d5bf      0x16b src/event_queue.o
 .debug_info    0x000000000001d72a     0x11af src/main.o
 .debug_info    0x000000000001e8d9       0x63 src/startup_stm32l476xx.o
 .debug_info    0x000000000001e93c     0x1ae8 src/stm32l4xx_hal_msp.o
 .debug_info    0x0000000000020424      0xf21 src/stm32l4xx_it.o
 .debug_info    0x0000000000021345      0x5b6 src/system_stm32l4xx.o

.debug_abbrev   0x0000000000000000     0x3b77
 .debug_abbrev  0x0000000000000000      0x175 BlueNRG/SimpleBlueNRG_HCI/hci/controller/bluenrg_gap_aci.o
 .debug_abbrev  0x0000000000000175      0x17a BlueNRG/SimpleBlueNRG_HCI/hci/controller/bluenrg_gatt_aci.o
 .debug_abbrev  0x00000000000002ef      0x119 BlueNRG/SimpleBlueNRG_HCI/hci/controller/bluenrg_hal_aci.o
 .debug_abbrev  0x0000000000000408      0x25d BlueNRG/SimpleBlueNRG_HCI/hci/controller/bluenrg_utils.o
 .debug_abbrev  0x0000000000000665      0x265 BlueNRG/SimpleBlueNRG_HCI/hci/hci.o
 .debug_abbrev  0x00000000000008ca      0x193 BlueNRG/SimpleBlueNRG_HCI/hci/hci_le.o
 .debug_abbrev  0x0000000000000a5d      0x265 BlueNRG/SimpleBlueNRG_HCI/utils/ble_list.o
 .debug_abbrev  0x0000000000000cc2      0x109 BlueNRG/SimpleBlueNRG_HCI/utils/gp_timer.o
 .debug_abbrev  0x0000000000000dcb      0x187 BlueNRG/SimpleBlueNRG_HCI/utils/osal.o
 .debug_abbrev  0x0000000000000f52      0x309 Drivers/BSP/SensorTile/SensorTile_BlueNRG.o
 .debug_abbrev  0x000000000000125b      0x27a Drivers/STM32L4xx_HAL_Driver/Src/stm32l4xx_hal.o
 .debug_abbrev  0x00000000000014d5      0x355 Drivers/STM32L4xx_HAL_Driver/Src/stm32l4xx_hal_cortex.o
 .debug_abbrev  0x000000000000182a      0x24c Drivers/STM32L4xx_HAL_Driver/Src/stm32l4xx_hal_gpio.o
 .debug_abbrev  0x0000000000001a76      0x178 Drivers/STM32L4xx_HAL_Driver/Src/stm32l4xx_hal_msp_template.o
 .debug_abbrev  0x0000000000001bee      0x23b Drivers/STM32L4xx_HAL_Driver/Src/stm32l4xx_hal_pwr.o
 .debug_abbrev  0x0000000000001e29      0x2b6 Drivers/STM32L4xx_HAL_Driver/Src/stm32l4xx_hal_pwr_ex.o
 .debug_abbrev  0x00000000000020df      0x31c Drivers/STM32L4xx_HAL_Driver/Src/stm32l4xx_hal_rcc.o
 .debug_abbrev  0x00000000000023fb      0x300 Drivers/STM32L4xx_HAL_Driver/Src/stm32l4xx_hal_rcc_ex.o
 .debug_abbrev  0x00000000000026fb      0x294 Drivers/STM32L4xx_HAL_Driver/Src/stm32l4xx_hal_spi.o
 .debug_abbrev  0x000000000000298f      0x2ab Drivers/STM32L4xx_HAL_Driver/Src/stm32l4xx_hal_tim.o
 .debug_abbrev  0x0000000000002c3a      0x288 Drivers/STM32L4xx_HAL_Driver/Src/stm32l4xx_hal_tim_ex.o
 .debug_abbrev  0x0000000000002ec2      0x239 Drivers/STM32L4xx_HAL_Driver/Src/stm32l4xx_hal_timebase_tim_template.o
 .debug_abbrev  0x00000000000030fb      0x28a src/bee_ble_service.o
 .debug_abbrev  0x0000000000003385       0xc4 src/event_queue.o
 .debug_abbrev  0x0000000000003449      0x1e5 src/main.o
 .debug_abbrev  0x000000000000362e       0x12 src/startup_stm32l476xx.o
 .debug_abbrev  0x0000000000003640      0x244 src/stm32l4xx_hal_msp.o
 .debug_abbrev  0x0000000000003884      0x1c4 src/stm32l4xx_it.o
 .debug_abbrev  0x0000000000003a48      0x12f src/system_stm32l4xx.o

.debug_aranges  0x0000000000000000     0x1548
 .debug_aranges
                0x0000000000000000      0x168 BlueNRG/SimpleBlueNRG_HCI/hci/controller/bluenrg_gap_aci.o
 .debug_aranges
                0x0000000000000168      0x178 BlueNRG/SimpleBlueNRG_HCI/hci/controller/bluenrg_gatt_aci.o
 .debug_aranges
                0x00000000000002e0       0x68 BlueNRG/SimpleBlueNRG_HCI/hci/controller/bluenrg_hal_aci.o
 .debug_aranges
                0x0000000000000348       0x70 BlueNRG/SimpleBlueNRG_HCI/hci/controller/bluenrg_utils.o
 .debug_aranges
                0x00000000000003b8       0x70 BlueNRG/SimpleBlueNRG_HCI/hci/hci.o
 .debug_aranges
                0x0000000000000428      0x110 BlueNRG/SimpleBlueNRG_HCI/hci/hci_le.o
 .debug_aranges
                0x0000000000000538       0x78 BlueNRG/SimpleBlueNRG_HCI/utils/ble_list.o
 .debug_aranges
                0x00000000000005b0       0x40 BlueNRG/SimpleBlueNRG_HCI/utils/gp_timer.o
 .debug_aranges
                0x00000000000005f0       0x28 BlueNRG/SimpleBlueNRG_HCI/utils/osal.o
 .debug_aranges
                0x0000000000000618       0x90 Drivers/BSP/SensorTile/SensorTile_BlueNRG.o
 .debug_aranges
                0x00000000000006a8      0x118 Drivers/STM32L4xx_HAL_Driver/Src/stm32l4xx_hal.o
 .debug_aranges
                0x00000000000007c0      0x108 Drivers/STM32L4xx_HAL_Driver/Src/stm32l4xx_hal_cortex.o
 .debug_aranges
                0x00000000000008c8       0x58 Drivers/STM32L4xx_HAL_Driver/Src/stm32l4xx_hal_gpio.o
 .debug_aranges
                0x0000000000000920       0x38 Drivers/STM32L4xx_HAL_Driver/Src/stm32l4xx_hal_msp_template.o
 .debug_aranges
                0x0000000000000958       0x98 Drivers/STM32L4xx_HAL_Driver/Src/stm32l4xx_hal_pwr.o
 .debug_aranges
                0x00000000000009f0      0x148 Drivers/STM32L4xx_HAL_Driver/Src/stm32l4xx_hal_pwr_ex.o
 .debug_aranges
                0x0000000000000b38       0x88 Drivers/STM32L4xx_HAL_Driver/Src/stm32l4xx_hal_rcc.o
 .debug_aranges
                0x0000000000000bc0       0xb8 Drivers/STM32L4xx_HAL_Driver/Src/stm32l4xx_hal_rcc_ex.o
 .debug_aranges
                0x0000000000000c78      0x1d8 Drivers/STM32L4xx_HAL_Driver/Src/stm32l4xx_hal_spi.o
 .debug_aranges
                0x0000000000000e50      0x378 Drivers/STM32L4xx_HAL_Driver/Src/stm32l4xx_hal_tim.o
 .debug_aranges
                0x00000000000011c8      0x150 Drivers/STM32L4xx_HAL_Driver/Src/stm32l4xx_hal_tim_ex.o
 .debug_aranges
                0x0000000000001318       0x40 Drivers/STM32L4xx_HAL_Driver/Src/stm32l4xx_hal_timebase_tim_template.o
 .debug_aranges
                0x0000000000001358       0x78 src/bee_ble_service.o
 .debug_aranges
                0x00000000000013d0       0x38 src/event_queue.o
 .debug_aranges
                0x0000000000001408       0x28 src/main.o
 .debug_aranges
                0x0000000000001430       0x28 src/startup_stm32l476xx.o
 .debug_aranges
                0x0000000000001458       0x48 src/stm32l4xx_hal_msp.o
 .debug_aranges
                0x00000000000014a0       0x80 src/stm32l4xx_it.o
 .debug_aranges
                0x0000000000001520       0x28 src/system_stm32l4xx.o

.debug_ranges   0x0000000000000000     0x1398
 .debug_ranges  0x0000000000000000      0x158 BlueNRG/SimpleBlueNRG_HCI/hci/controller/bluenrg_gap_aci.o
 .debug_ranges  0x0000000000000158      0x168 BlueNRG/SimpleBlueNRG_HCI/hci/controller/bluenrg_gatt_aci.o
 .debug_ranges  0x00000000000002c0       0x58 BlueNRG/SimpleBlueNRG_HCI/hci/controller/bluenrg_hal_aci.o
 .debug_ranges  0x0000000000000318       0x60 BlueNRG/SimpleBlueNRG_HCI/hci/controller/bluenrg_utils.o
 .debug_ranges  0x0000000000000378       0x78 BlueNRG/SimpleBlueNRG_HCI/hci/hci.o
 .debug_ranges  0x00000000000003f0      0x100 BlueNRG/SimpleBlueNRG_HCI/hci/hci_le.o
 .debug_ranges  0x00000000000004f0       0x68 BlueNRG/SimpleBlueNRG_HCI/utils/ble_list.o
 .debug_ranges  0x0000000000000558       0x30 BlueNRG/SimpleBlueNRG_HCI/utils/gp_timer.o
 .debug_ranges  0x0000000000000588       0x18 BlueNRG/SimpleBlueNRG_HCI/utils/osal.o
 .debug_ranges  0x00000000000005a0       0x80 Drivers/BSP/SensorTile/SensorTile_BlueNRG.o
 .debug_ranges  0x0000000000000620      0x108 Drivers/STM32L4xx_HAL_Driver/Src/stm32l4xx_hal.o
 .debug_ranges  0x0000000000000728       0xf8 Drivers/STM32L4xx_HAL_Driver/Src/stm32l4xx_hal_cortex.o
 .debug_ranges  0x0000000000000820       0x48 Drivers/STM32L4xx_HAL_Driver/Src/stm32l4xx_hal_gpio.o
 .debug_ranges  0x0000000000000868       0x28 Drivers/STM32L4xx_HAL_Driver/Src/stm32l4xx_hal_msp_template.o
 .debug_ranges  0x0000000000000890       0x88 Drivers/STM32L4xx_HAL_Driver/Src/stm32l4xx_hal_pwr.o
 .debug_ranges  0x0000000000000918      0x138 Drivers/STM32L4xx_HAL_Driver/Src/stm32l4xx_hal_pwr_ex.o
 .debug_ranges  0x0000000000000a50       0x78 Drivers/STM32L4xx_HAL_Driver/Src/stm32l4xx_hal_rcc.o
 .debug_ranges  0x0000000000000ac8       0xa8 Drivers/STM32L4xx_HAL_Driver/Src/stm32l4xx_hal_rcc_ex.o
 .debug_ranges  0x0000000000000b70      0x1c8 Drivers/STM32L4xx_HAL_Driver/Src/stm32l4xx_hal_spi.o
 .debug_ranges  0x0000000000000d38      0x368 Drivers/STM32L4xx_HAL_Driver/Src/stm32l4xx_hal_tim.o
 .debug_ranges  0x00000000000010a0      0x140 Drivers/STM32L4xx_HAL_Driver/Src/stm32l4xx_hal_tim_ex.o
 .debug_ranges  0x00000000000011e0       0x30 Drivers/STM32L4xx_HAL_Driver/Src/stm32l4xx_hal_timebase_tim_template.o
 .debug_ranges  0x0000000000001210       0x68 src/bee_ble_service.o
 .debug_ranges  0x0000000000001278       0x28 src/event_queue.o
 .debug_ranges  0x00000000000012a0       0x18 src/main.o
 .debug_ranges  0x00000000000012b8       0x20 src/startup_stm32l476xx.o
 .debug_ranges  0x00000000000012d8       0x38 src/stm32l4xx_hal_msp.o
 .debug_ranges  0x0000000000001310       0x70 src/stm32l4xx_it.o
 .debug_ranges  0x0000000000001380       0x18 src/system_stm32l4xx.o

.debug_line     0x0000000000000000     0xa277
 .debug_line    0x0000000000000000      0x7ef BlueNRG/SimpleBlueNRG_HCI/hci/controller/bluenrg_gap_aci.o
 .debug_line    0x00000000000007ef      0x886 BlueNRG/SimpleBlueNRG_HCI/hci/controller/bluenrg_gatt_aci.o
 .debug_line    0x0000000000001075      0x2fd BlueNRG/SimpleBlueNRG_HCI/hci/controller/bluenrg_hal_aci.o
 .debug_line    0x0000000000001372      0x5f1 BlueNRG/SimpleBlueNRG_HCI/hci/controller/bluenrg_utils.o
 .debug_line    0x0000000000001963      0x440 BlueNRG/SimpleBlueNRG_HCI/hci/hci.o
 .debug_line    0x0000000000001da3      0x618 BlueNRG/SimpleBlueNRG_HCI/hci/hci_le.o
 .debug_line    0x00000000000023bb      0x4e9 BlueNRG/SimpleBlueNRG_HCI/utils/ble_list.o
 .debug_line    0x00000000000028a4      0x1cf BlueNRG/SimpleBlueNRG_HCI/utils/gp_timer.o
 .debug_line    0x0000000000002a73      0x149 BlueNRG/SimpleBlueNRG_HCI/utils/osal.o
 .debug_line    0x0000000000002bbc      0x58a Drivers/BSP/SensorTile/SensorTile_BlueNRG.o
 .debug_line    0x0000000000003146      0x51a Drivers/STM32L4xx_HAL_Driver/Src/stm32l4xx_hal.o
 .debug_line    0x0000000000003660      0x5a7 Drivers/STM32L4xx_HAL_Driver/Src/stm32l4xx_hal_cortex.o
 .debug_line    0x0000000000003c07      0x494 Drivers/STM32L4xx_HAL_Driver/Src/stm32l4xx_hal_gpio.o
 .debug_line    0x000000000000409b      0x294 Drivers/STM32L4xx_HAL_Driver/Src/stm32l4xx_hal_msp_template.o
 .debug_line    0x000000000000432f      0x43d Drivers/STM32L4xx_HAL_Driver/Src/stm32l4xx_hal_pwr.o
 .debug_line    0x000000000000476c      0x6a8 Drivers/STM32L4xx_HAL_Driver/Src/stm32l4xx_hal_pwr_ex.o
 .debug_line    0x0000000000004e14      0x6ec Drivers/STM32L4xx_HAL_Driver/Src/stm32l4xx_hal_rcc.o
 .debug_line    0x0000000000005500      0xb51 Drivers/STM32L4xx_HAL_Driver/Src/stm32l4xx_hal_rcc_ex.o
 .debug_line    0x0000000000006051      0xd33 Drivers/STM32L4xx_HAL_Driver/Src/stm32l4xx_hal_spi.o
 .debug_line    0x0000000000006d84     0x1602 Drivers/STM32L4xx_HAL_Driver/Src/stm32l4xx_hal_tim.o
 .debug_line    0x0000000000008386      0x94d Drivers/STM32L4xx_HAL_Driver/Src/stm32l4xx_hal_tim_ex.o
 .debug_line    0x0000000000008cd3      0x372 Drivers/STM32L4xx_HAL_Driver/Src/stm32l4xx_hal_timebase_tim_template.o
 .debug_line    0x0000000000009045      0x431 src/bee_ble_service.o
 .debug_line    0x0000000000009476       0xc3 src/event_queue.o
 .debug_line    0x0000000000009539      0x378 src/main.o
 .debug_line    0x00000000000098b1       0x7b src/startup_stm32l476xx.o
 .debug_line    0x000000000000992c      0x39d src/stm32l4xx_hal_msp.o
 .debug_line    0x0000000000009cc9      0x3a6 src/stm32l4xx_it.o
 .debug_line    0x000000000000a06f      0x208 src/system_stm32l4xx.o

.debug_str      0x0000000000000000     0x7ba8
 .debug_str     0x0000000000000000      0xfc8 BlueNRG/SimpleBlueNRG_HCI/hci/controller/bluenrg_gap_aci.o
                                       0x1474 (size before relaxing)
 .debug_str     0x0000000000000fc8      0xc7c BlueNRG/SimpleBlueNRG_HCI/hci/controller/bluenrg_gatt_aci.o
                                       0x12d5 (size before relaxing)
 .debug_str     0x0000000000001c44      0x248 BlueNRG/SimpleBlueNRG_HCI/hci/controller/bluenrg_hal_aci.o
                                        0x5a3 (size before relaxing)
 .debug_str     0x0000000000001e8c      0x705 BlueNRG/SimpleBlueNRG_HCI/hci/controller/bluenrg_utils.o
                                        0x999 (size before relaxing)
 .debug_str     0x0000000000002591      0x22d BlueNRG/SimpleBlueNRG_HCI/hci/hci.o
                                        0x980 (size before relaxing)
 .debug_str     0x00000000000027be      0x75e BlueNRG/SimpleBlueNRG_HCI/hci/hci_le.o
                                        0xdd5 (size before relaxing)
 .debug_str     0x0000000000002f1c      0x167 BlueNRG/SimpleBlueNRG_HCI/utils/ble_list.o
                                        0x7b9 (size before relaxing)
 .debug_str     0x0000000000003083       0x81 BlueNRG/SimpleBlueNRG_HCI/utils/gp_timer.o
                                        0x222 (size before relaxing)
 .debug_str     0x0000000000003104       0x47 BlueNRG/SimpleBlueNRG_HCI/utils/osal.o
                                        0x5f5 (size before relaxing)
 .debug_str     0x000000000000314b      0xc50 Drivers/BSP/SensorTile/SensorTile_BlueNRG.o
                                       0x132c (size before relaxing)
 .debug_str     0x0000000000003d9b      0x409 Drivers/STM32L4xx_HAL_Driver/Src/stm32l4xx_hal.o
                                       0x1081 (size before relaxing)
 .debug_str     0x00000000000041a4      0x3d2 Drivers/STM32L4xx_HAL_Driver/Src/stm32l4xx_hal_cortex.o
                                       0x104a (size before relaxing)
 .debug_str     0x0000000000004576      0x108 Drivers/STM32L4xx_HAL_Driver/Src/stm32l4xx_hal_gpio.o
                                        0x9dc (size before relaxing)
 .debug_str     0x000000000000467e       0x63 Drivers/STM32L4xx_HAL_Driver/Src/stm32l4xx_hal_msp_template.o
                                        0x69f (size before relaxing)
 .debug_str     0x00000000000046e1      0x288 Drivers/STM32L4xx_HAL_Driver/Src/stm32l4xx_hal_pwr.o
                                        0xad1 (size before relaxing)
 .debug_str     0x0000000000004969      0x49a Drivers/STM32L4xx_HAL_Driver/Src/stm32l4xx_hal_pwr_ex.o
                                        0xc58 (size before relaxing)
 .debug_str     0x0000000000004e03      0x38b Drivers/STM32L4xx_HAL_Driver/Src/stm32l4xx_hal_rcc.o
                                        0xc69 (size before relaxing)
 .debug_str     0x000000000000518e      0x52e Drivers/STM32L4xx_HAL_Driver/Src/stm32l4xx_hal_rcc_ex.o
                                        0xe90 (size before relaxing)
 .debug_str     0x00000000000056bc      0x534 Drivers/STM32L4xx_HAL_Driver/Src/stm32l4xx_hal_spi.o
                                        0xfc8 (size before relaxing)
 .debug_str     0x0000000000005bf0      0xf21 Drivers/STM32L4xx_HAL_Driver/Src/stm32l4xx_hal_tim.o
                                       0x17df (size before relaxing)
 .debug_str     0x0000000000006b11      0x659 Drivers/STM32L4xx_HAL_Driver/Src/stm32l4xx_hal_tim_ex.o
                                       0x11bb (size before relaxing)
 .debug_str     0x000000000000716a       0x9e Drivers/STM32L4xx_HAL_Driver/Src/stm32l4xx_hal_timebase_tim_template.o
                                       0x11cf (size before relaxing)
 .debug_str     0x0000000000007208      0x29a src/bee_ble_service.o
                                        0xbc1 (size before relaxing)
 .debug_str     0x00000000000074a2       0x85 src/event_queue.o
                                        0x208 (size before relaxing)
 .debug_str     0x0000000000007527       0x47 src/main.o
                                        0xe10 (size before relaxing)
 .debug_str     0x000000000000756e      0x511 src/stm32l4xx_hal_msp.o
                                       0x1611 (size before relaxing)
 .debug_str     0x0000000000007a7f       0xee src/stm32l4xx_it.o
                                        0xb18 (size before relaxing)
 .debug_str     0x0000000000007b6d       0x3b src/system_stm32l4xx.o
                                        0x3f7 (size before relaxing)

.comment        0x0000000000000000       0x7c
 .comment       0x0000000000000000       0x7c BlueNRG/SimpleBlueNRG_HCI/hci/controller/bluenrg_gap_aci.o
                                         0x7d (size before relaxing)
 .comment       0x000000000000007c       0x7d BlueNRG/SimpleBlueNRG_HCI/hci/controller/bluenrg_gatt_aci.o
 .comment       0x000000000000007c       0x7d BlueNRG/SimpleBlueNRG_HCI/hci/controller/bluenrg_hal_aci.o
 .comment       0x000000000000007c       0x7d BlueNRG/SimpleBlueNRG_HCI/hci/controller/bluenrg_utils.o
 .comment       0x000000000000007c       0x7d BlueNRG/SimpleBlueNRG_HCI/hci/hci.o
 .comment       0x000000000000007c       0x7d BlueNRG/SimpleBlueNRG_HCI/hci/hci_le.o
 .comment       0x000000000000007c       0x7d BlueNRG/SimpleBlueNRG_HCI/utils/ble_list.o
 .comment       0x000000000000007c       0x7d BlueNRG/SimpleBlueNRG_HCI/utils/gp_timer.o
 .comment       0x000000000000007c       0x7d BlueNRG/SimpleBlueNRG_HCI/utils/osal.o
 .comment       0x000000000000007c       0x7d Drivers/BSP/SensorTile/SensorTile_BlueNRG.o
 .comment       0x000000000000007c       0x7d Drivers/STM32L4xx_HAL_Driver/Src/stm32l4xx_hal.o
 .comment       0x000000000000007c       0x7d Drivers/STM32L4xx_HAL_Driver/Src/stm32l4xx_hal_cortex.o
 .comment       0x000000000000007c       0x7d Drivers/STM32L4xx_HAL_Driver/Src/stm32l4xx_hal_gpio.o
 .comment       0x000000000000007c       0x7d Drivers/STM32L4xx_HAL_Driver/Src/stm32l4xx_hal_msp_template.o
 .comment       0x000000000000007c       0x7d Drivers/STM32L4xx_HAL_Driver/Src/stm32l4xx_hal_pwr.o
 .comment       0x000000000000007c       0x7d Drivers/STM32L4xx_HAL_Driver/Src/stm32l4xx_hal_pwr_ex.o
 .comment       0x000000000000007c       0x7d Drivers/STM32L4xx_HAL_Driver/Src/stm32l4xx_hal_rcc.o
 .comment       0x000000000000007c       0x7d Drivers/STM32L4xx_HAL_Driver/Src/stm32l4xx_hal_rcc_ex.o
 .comment       0x000000000000007c       0x7d Drivers/STM32L4xx_HAL_Driver/Src/stm32l4xx_hal_spi.o
 .comment       0x000000000000007c       0x7d Drivers/STM32L4xx_HAL_Driver/Src/stm32l4xx_hal_tim.o
 .comment       0x000000000000007c       0x7d Drivers/STM32L4xx_HAL_Driver/Src/stm32l4xx_hal_tim_ex.o
 .comment       0x000000000000007c       0x7d Drivers/STM32L4xx_HAL_Driver/Src/stm32l4xx_hal_timebase_tim_template.o
 .comment       0x000000000000007c       0x7d src/bee_ble_service.o
 .comment       0x000000000000007c       0x7d src/event_queue.o
 .comment       0x000000000000007c       0x7d src/main.o
 .comment       0x000000000000007c       0x7d src/stm32l4xx_hal_msp.o
 .comment       0x000000000000007c       0x7d src/stm32l4xx_it.o
 .comment       0x000000000000007c       0x7d src/system_stm32l4xx.o

.debug_frame    0x0000000000000000     0x5678
 .debug_frame   0x0000000000000000      0x62c BlueNRG/SimpleBlueNRG_HCI/hci/controller/bluenrg_gap_aci.o
 .debug_frame   0x000000000000062c      0x68c BlueNRG/SimpleBlueNRG_HCI/hci/controller/bluenrg_gatt_aci.o
 .debug_frame   0x0000000000000cb8      0x180 BlueNRG/SimpleBlueNRG_HCI/hci/controller/bluenrg_hal_aci.o
 .debug_frame   0x0000000000000e38      0x1bc BlueNRG/SimpleBlueNRG_HCI/hci/controller/bluenrg_utils.o
 .debug_frame   0x0000000000000ff4      0x198 BlueNRG/SimpleBlueNRG_HCI/hci/hci.o
 .debug_frame   0x000000000000118c      0x478 BlueNRG/SimpleBlueNRG_HCI/hci/hci_le.o
 .debug_frame   0x0000000000001604      0x1e8 BlueNRG/SimpleBlueNRG_HCI/utils/ble_list.o
 .debug_frame   0x00000000000017ec       0xcc BlueNRG/SimpleBlueNRG_HCI/utils/gp_timer.o
 .debug_frame   0x00000000000018b8       0x58 BlueNRG/SimpleBlueNRG_HCI/utils/osal.o
 .debug_frame   0x0000000000001910      0x200 Drivers/BSP/SensorTile/SensorTile_BlueNRG.o
 .debug_frame   0x0000000000001b10      0x42c Drivers/STM32L4xx_HAL_Driver/Src/stm32l4xx_hal.o
 .debug_frame   0x0000000000001f3c      0x450 Drivers/STM32L4xx_HAL_Driver/Src/stm32l4xx_hal_cortex.o
 .debug_frame   0x000000000000238c      0x14c Drivers/STM32L4xx_HAL_Driver/Src/stm32l4xx_hal_gpio.o
 .debug_frame   0x00000000000024d8       0x90 Drivers/STM32L4xx_HAL_Driver/Src/stm32l4xx_hal_msp_template.o
 .debug_frame   0x0000000000002568      0x230 Drivers/STM32L4xx_HAL_Driver/Src/stm32l4xx_hal_pwr.o
 .debug_frame   0x0000000000002798      0x524 Drivers/STM32L4xx_HAL_Driver/Src/stm32l4xx_hal_pwr_ex.o
 .debug_frame   0x0000000000002cbc      0x204 Drivers/STM32L4xx_HAL_Driver/Src/stm32l4xx_hal_rcc.o
 .debug_frame   0x0000000000002ec0      0x2dc Drivers/STM32L4xx_HAL_Driver/Src/stm32l4xx_hal_rcc_ex.o
 .debug_frame   0x000000000000319c      0x864 Drivers/STM32L4xx_HAL_Driver/Src/stm32l4xx_hal_spi.o
 .debug_frame   0x0000000000003a00     0x100c Drivers/STM32L4xx_HAL_Driver/Src/stm32l4xx_hal_tim.o
 .debug_frame   0x0000000000004a0c      0x5c4 Drivers/STM32L4xx_HAL_Driver/Src/stm32l4xx_hal_tim_ex.o
 .debug_frame   0x0000000000004fd0       0xb4 Drivers/STM32L4xx_HAL_Driver/Src/stm32l4xx_hal_timebase_tim_template.o
 .debug_frame   0x0000000000005084      0x1b0 src/bee_ble_service.o
 .debug_frame   0x0000000000005234       0xa8 src/event_queue.o
 .debug_frame   0x00000000000052dc       0x58 src/main.o
 .debug_frame   0x0000000000005334       0xf4 src/stm32l4xx_hal_msp.o
 .debug_frame   0x0000000000005428      0x184 src/stm32l4xx_it.o
 .debug_frame   0x00000000000055ac       0x58 src/system_stm32l4xx.o
 .debug_frame   0x0000000000005604       0x2c /opt/Atollic_TrueSTUDIO_for_ARM_x86_64_8.0.0/ARMTools/bin/../lib/gcc/arm-atollic-eabi/6.3.1/../../../../arm-atollic-eabi/lib/armv7e-m/fpu/libc_nano.a(lib_a-init.o)
 .debug_frame   0x0000000000005630       0x28 /opt/Atollic_TrueSTUDIO_for_ARM_x86_64_8.0.0/ARMTools/bin/../lib/gcc/arm-atollic-eabi/6.3.1/../../../../arm-atollic-eabi/lib/armv7e-m/fpu/libc_nano.a(lib_a-memcpy-stub.o)
 .debug_frame   0x0000000000005658       0x20 /opt/Atollic_TrueSTUDIO_for_ARM_x86_64_8.0.0/ARMTools/bin/../lib/gcc/arm-atollic-eabi/6.3.1/../../../../arm-atollic-eabi/lib/armv7e-m/fpu/libc_nano.a(lib_a-memset.o)

Cross Reference Table

Symbol                                            File
ADC1_2_IRQHandler                                 src/startup_stm32l476xx.o
ADC3_IRQHandler                                   src/startup_stm32l476xx.o
AHBPrescTable                                     src/system_stm32l4xx.o
                                                  Drivers/STM32L4xx_HAL_Driver/Src/stm32l4xx_ll_utils.o
                                                  Drivers/STM32L4xx_HAL_Driver/Src/stm32l4xx_hal_rcc.o
APBPrescTable                                     src/system_stm32l4xx.o
                                                  Drivers/STM32L4xx_HAL_Driver/Src/stm32l4xx_hal_rcc.o
BNRG_SPI_Init                                     Drivers/BSP/SensorTile/SensorTile_BlueNRG.o
                                                  src/bee_ble_service.o
BSP_AUDIO_IN_ClockConfig                          Drivers/BSP/SensorTile/SensorTile_audio_in.o
BSP_AUDIO_IN_DeInit                               Drivers/BSP/SensorTile/SensorTile_audio_in.o
BSP_AUDIO_IN_Error_Callback                       Drivers/BSP/SensorTile/SensorTile_audio_in.o
BSP_AUDIO_IN_HalfTransfer_CallBack                Drivers/BSP/SensorTile/SensorTile_audio_in.o
BSP_AUDIO_IN_Init                                 Drivers/BSP/SensorTile/SensorTile_audio_in.o
BSP_AUDIO_IN_Pause                                Drivers/BSP/SensorTile/SensorTile_audio_in.o
BSP_AUDIO_IN_Record                               Drivers/BSP/SensorTile/SensorTile_audio_in.o
BSP_AUDIO_IN_Resume                               Drivers/BSP/SensorTile/SensorTile_audio_in.o
BSP_AUDIO_IN_SetVolume                            Drivers/BSP/SensorTile/SensorTile_audio_in.o
BSP_AUDIO_IN_Stop                                 Drivers/BSP/SensorTile/SensorTile_audio_in.o
BSP_AUDIO_IN_TransferComplete_CallBack            Drivers/BSP/SensorTile/SensorTile_audio_in.o
BlueNRG_DataPresent                               Drivers/BSP/SensorTile/SensorTile_BlueNRG.o
                                                  BlueNRG/SimpleBlueNRG_HCI/hci/hci.o
BlueNRG_HW_Bootloader                             Drivers/BSP/SensorTile/SensorTile_BlueNRG.o
                                                  BlueNRG/SimpleBlueNRG_HCI/hci/controller/bluenrg_utils.o
BlueNRG_RST                                       Drivers/BSP/SensorTile/SensorTile_BlueNRG.o
                                                  src/bee_ble_service.o
                                                  BlueNRG/SimpleBlueNRG_HCI/hci/controller/bluenrg_utils.o
BlueNRG_SPI_Read_All                              Drivers/BSP/SensorTile/SensorTile_BlueNRG.o
                                                  BlueNRG/SimpleBlueNRG_HCI/hci/hci.o
BlueNRG_SPI_Write                                 Drivers/BSP/SensorTile/SensorTile_BlueNRG.o
BusFault_Handler                                  src/stm32l4xx_it.o
                                                  src/startup_stm32l476xx.o
CAN1_RX0_IRQHandler                               src/startup_stm32l476xx.o
CAN1_RX1_IRQHandler                               src/startup_stm32l476xx.o
CAN1_SCE_IRQHandler                               src/startup_stm32l476xx.o
CAN1_TX_IRQHandler                                src/startup_stm32l476xx.o
COMP_IRQHandler                                   src/startup_stm32l476xx.o
Clear_SPI_EXTI_Flag                               Drivers/BSP/SensorTile/SensorTile_BlueNRG.o
                                                  BlueNRG/SimpleBlueNRG_HCI/hci/hci.o
Clear_SPI_IRQ                                     Drivers/BSP/SensorTile/SensorTile_BlueNRG.o
DFSDM0_IRQHandler                                 src/startup_stm32l476xx.o
DFSDM1_IRQHandler                                 src/startup_stm32l476xx.o
DFSDM2_IRQHandler                                 src/startup_stm32l476xx.o
DFSDM3_IRQHandler                                 src/startup_stm32l476xx.o
DMA1_Channel1_IRQHandler                          src/startup_stm32l476xx.o
DMA1_Channel2_IRQHandler                          src/startup_stm32l476xx.o
DMA1_Channel3_IRQHandler                          src/startup_stm32l476xx.o
DMA1_Channel4_IRQHandler                          src/startup_stm32l476xx.o
DMA1_Channel5_IRQHandler                          src/startup_stm32l476xx.o
DMA1_Channel6_IRQHandler                          src/startup_stm32l476xx.o
DMA1_Channel7_IRQHandler                          src/startup_stm32l476xx.o
DMA2_Channel1_IRQHandler                          src/startup_stm32l476xx.o
DMA2_Channel2_IRQHandler                          src/startup_stm32l476xx.o
DMA2_Channel3_IRQHandler                          src/startup_stm32l476xx.o
DMA2_Channel4_IRQHandler                          src/startup_stm32l476xx.o
DMA2_Channel5_IRQHandler                          src/startup_stm32l476xx.o
DMA2_Channel6_IRQHandler                          src/startup_stm32l476xx.o
DMA2_Channel7_IRQHandler                          src/startup_stm32l476xx.o
DebugMon_Handler                                  src/stm32l4xx_it.o
                                                  src/startup_stm32l476xx.o
Default_Handler                                   src/startup_stm32l476xx.o
Disable_SPI_IRQ                                   Drivers/BSP/SensorTile/SensorTile_BlueNRG.o
                                                  BlueNRG/SimpleBlueNRG_HCI/hci/hci.o
EXTI0_IRQHandler                                  src/startup_stm32l476xx.o
EXTI15_10_IRQHandler                              src/startup_stm32l476xx.o
EXTI1_IRQHandler                                  src/startup_stm32l476xx.o
EXTI2_IRQHandler                                  src/startup_stm32l476xx.o
EXTI3_IRQHandler                                  src/startup_stm32l476xx.o
EXTI4_IRQHandler                                  src/startup_stm32l476xx.o
EXTI9_5_IRQHandler                                src/stm32l4xx_it.o
                                                  src/startup_stm32l476xx.o
Enable_SPI_IRQ                                    Drivers/BSP/SensorTile/SensorTile_BlueNRG.o
                                                  BlueNRG/SimpleBlueNRG_HCI/hci/hci.o
FLASH_FlushCaches                                 Drivers/STM32L4xx_HAL_Driver/Src/stm32l4xx_hal_flash_ex.o
                                                  Drivers/STM32L4xx_HAL_Driver/Src/stm32l4xx_hal_flash.o
FLASH_IRQHandler                                  src/startup_stm32l476xx.o
FLASH_PageErase                                   Drivers/STM32L4xx_HAL_Driver/Src/stm32l4xx_hal_flash_ex.o
                                                  Drivers/STM32L4xx_HAL_Driver/Src/stm32l4xx_hal_flash.o
FLASH_WaitForLastOperation                        Drivers/STM32L4xx_HAL_Driver/Src/stm32l4xx_hal_flash.o
                                                  Drivers/STM32L4xx_HAL_Driver/Src/stm32l4xx_hal_flash_ex.o
FMC_IRQHandler                                    src/startup_stm32l476xx.o
FPU_IRQHandler                                    src/startup_stm32l476xx.o
HAL_CRCEx_Input_Data_Reverse                      Drivers/STM32L4xx_HAL_Driver/Src/stm32l4xx_hal_crc_ex.o
HAL_CRCEx_Output_Data_Reverse                     Drivers/STM32L4xx_HAL_Driver/Src/stm32l4xx_hal_crc_ex.o
HAL_CRCEx_Polynomial_Set                          Drivers/STM32L4xx_HAL_Driver/Src/stm32l4xx_hal_crc_ex.o
                                                  Drivers/STM32L4xx_HAL_Driver/Src/stm32l4xx_hal_crc.o
HAL_CRC_Accumulate                                Drivers/STM32L4xx_HAL_Driver/Src/stm32l4xx_hal_crc.o
HAL_CRC_Calculate                                 Drivers/STM32L4xx_HAL_Driver/Src/stm32l4xx_hal_crc.o
HAL_CRC_DeInit                                    Drivers/STM32L4xx_HAL_Driver/Src/stm32l4xx_hal_crc.o
HAL_CRC_GetState                                  Drivers/STM32L4xx_HAL_Driver/Src/stm32l4xx_hal_crc.o
HAL_CRC_Init                                      Drivers/STM32L4xx_HAL_Driver/Src/stm32l4xx_hal_crc.o
HAL_CRC_MspDeInit                                 src/stm32l4xx_hal_msp.o
                                                  Drivers/STM32L4xx_HAL_Driver/Src/stm32l4xx_hal_crc.o
HAL_CRC_MspInit                                   src/stm32l4xx_hal_msp.o
                                                  Drivers/STM32L4xx_HAL_Driver/Src/stm32l4xx_hal_crc.o
HAL_DBGMCU_DisableDBGSleepMode                    Drivers/STM32L4xx_HAL_Driver/Src/stm32l4xx_hal.o
HAL_DBGMCU_DisableDBGStandbyMode                  Drivers/STM32L4xx_HAL_Driver/Src/stm32l4xx_hal.o
HAL_DBGMCU_DisableDBGStopMode                     Drivers/STM32L4xx_HAL_Driver/Src/stm32l4xx_hal.o
HAL_DBGMCU_EnableDBGSleepMode                     Drivers/STM32L4xx_HAL_Driver/Src/stm32l4xx_hal.o
HAL_DBGMCU_EnableDBGStandbyMode                   Drivers/STM32L4xx_HAL_Driver/Src/stm32l4xx_hal.o
HAL_DBGMCU_EnableDBGStopMode                      Drivers/STM32L4xx_HAL_Driver/Src/stm32l4xx_hal.o
HAL_DFSDM_ChannelDeInit                           Drivers/BSP/SensorTile/SensorTile_audio_in.o
HAL_DFSDM_ChannelGetState                         Drivers/BSP/SensorTile/SensorTile_audio_in.o
HAL_DFSDM_ChannelInit                             Drivers/BSP/SensorTile/SensorTile_audio_in.o
HAL_DFSDM_FilterConfigRegChannel                  Drivers/BSP/SensorTile/SensorTile_audio_in.o
HAL_DFSDM_FilterDeInit                            Drivers/BSP/SensorTile/SensorTile_audio_in.o
HAL_DFSDM_FilterGetState                          Drivers/BSP/SensorTile/SensorTile_audio_in.o
HAL_DFSDM_FilterInit                              Drivers/BSP/SensorTile/SensorTile_audio_in.o
HAL_DFSDM_FilterRegConvCpltCallback               Drivers/BSP/SensorTile/SensorTile_audio_in.o
HAL_DFSDM_FilterRegConvHalfCpltCallback           Drivers/BSP/SensorTile/SensorTile_audio_in.o
HAL_DFSDM_FilterRegularStart_DMA                  Drivers/BSP/SensorTile/SensorTile_audio_in.o
HAL_DFSDM_FilterRegularStop_DMA                   Drivers/BSP/SensorTile/SensorTile_audio_in.o
HAL_DMA_Abort                                     Drivers/STM32L4xx_HAL_Driver/Src/stm32l4xx_hal_dma.o
                                                  Drivers/STM32L4xx_HAL_Driver/Src/stm32l4xx_hal_tim.o
                                                  Drivers/STM32L4xx_HAL_Driver/Src/stm32l4xx_hal_spi.o
HAL_DMA_Abort_IT                                  Drivers/STM32L4xx_HAL_Driver/Src/stm32l4xx_hal_dma.o
                                                  Drivers/STM32L4xx_HAL_Driver/Src/stm32l4xx_hal_spi.o
                                                  Drivers/STM32L4xx_HAL_Driver/Src/stm32l4xx_hal_i2c.o
HAL_DMA_DeInit                                    Drivers/STM32L4xx_HAL_Driver/Src/stm32l4xx_hal_dma.o
                                                  Drivers/BSP/SensorTile/SensorTile_audio_in.o
HAL_DMA_GetError                                  Drivers/STM32L4xx_HAL_Driver/Src/stm32l4xx_hal_dma.o
HAL_DMA_GetState                                  Drivers/STM32L4xx_HAL_Driver/Src/stm32l4xx_hal_dma.o
HAL_DMA_IRQHandler                                Drivers/STM32L4xx_HAL_Driver/Src/stm32l4xx_hal_dma.o
HAL_DMA_Init                                      Drivers/STM32L4xx_HAL_Driver/Src/stm32l4xx_hal_dma.o
                                                  Drivers/BSP/SensorTile/SensorTile_audio_in.o
HAL_DMA_PollForTransfer                           Drivers/STM32L4xx_HAL_Driver/Src/stm32l4xx_hal_dma.o
HAL_DMA_RegisterCallback                          Drivers/STM32L4xx_HAL_Driver/Src/stm32l4xx_hal_dma.o
HAL_DMA_Start                                     Drivers/STM32L4xx_HAL_Driver/Src/stm32l4xx_hal_dma.o
HAL_DMA_Start_IT                                  Drivers/STM32L4xx_HAL_Driver/Src/stm32l4xx_hal_dma.o
                                                  Drivers/STM32L4xx_HAL_Driver/Src/stm32l4xx_hal_tim_ex.o
                                                  Drivers/STM32L4xx_HAL_Driver/Src/stm32l4xx_hal_tim.o
                                                  Drivers/STM32L4xx_HAL_Driver/Src/stm32l4xx_hal_spi.o
                                                  Drivers/STM32L4xx_HAL_Driver/Src/stm32l4xx_hal_i2c.o
HAL_DMA_UnRegisterCallback                        Drivers/STM32L4xx_HAL_Driver/Src/stm32l4xx_hal_dma.o
HAL_DeInit                                        Drivers/STM32L4xx_HAL_Driver/Src/stm32l4xx_hal.o
HAL_Delay                                         Drivers/STM32L4xx_HAL_Driver/Src/stm32l4xx_hal.o
                                                  Drivers/STM32L4xx_HAL_Driver/Src/stm32l4xx_ll_usb.o
                                                  Drivers/STM32L4xx_HAL_Driver/Src/stm32l4xx_hal_pcd_ex.o
                                                  Drivers/BSP/SensorTile/SensorTile_BlueNRG.o
HAL_FLASHEx_DisableRunPowerDown                   Drivers/STM32L4xx_HAL_Driver/Src/stm32l4xx_hal_flash_ramfunc.o
HAL_FLASHEx_EnableRunPowerDown                    Drivers/STM32L4xx_HAL_Driver/Src/stm32l4xx_hal_flash_ramfunc.o
HAL_FLASHEx_Erase                                 Drivers/STM32L4xx_HAL_Driver/Src/stm32l4xx_hal_flash_ex.o
HAL_FLASHEx_Erase_IT                              Drivers/STM32L4xx_HAL_Driver/Src/stm32l4xx_hal_flash_ex.o
HAL_FLASHEx_OBGetConfig                           Drivers/STM32L4xx_HAL_Driver/Src/stm32l4xx_hal_flash_ex.o
HAL_FLASHEx_OBProgram                             Drivers/STM32L4xx_HAL_Driver/Src/stm32l4xx_hal_flash_ex.o
HAL_FLASH_EndOfOperationCallback                  Drivers/STM32L4xx_HAL_Driver/Src/stm32l4xx_hal_flash.o
HAL_FLASH_GetError                                Drivers/STM32L4xx_HAL_Driver/Src/stm32l4xx_hal_flash.o
HAL_FLASH_IRQHandler                              Drivers/STM32L4xx_HAL_Driver/Src/stm32l4xx_hal_flash.o
HAL_FLASH_Lock                                    Drivers/STM32L4xx_HAL_Driver/Src/stm32l4xx_hal_flash.o
HAL_FLASH_OB_Launch                               Drivers/STM32L4xx_HAL_Driver/Src/stm32l4xx_hal_flash.o
HAL_FLASH_OB_Lock                                 Drivers/STM32L4xx_HAL_Driver/Src/stm32l4xx_hal_flash.o
HAL_FLASH_OB_Unlock                               Drivers/STM32L4xx_HAL_Driver/Src/stm32l4xx_hal_flash.o
HAL_FLASH_OperationErrorCallback                  Drivers/STM32L4xx_HAL_Driver/Src/stm32l4xx_hal_flash.o
HAL_FLASH_Program                                 Drivers/STM32L4xx_HAL_Driver/Src/stm32l4xx_hal_flash.o
HAL_FLASH_Program_IT                              Drivers/STM32L4xx_HAL_Driver/Src/stm32l4xx_hal_flash.o
HAL_FLASH_Unlock                                  Drivers/STM32L4xx_HAL_Driver/Src/stm32l4xx_hal_flash.o
HAL_GPIO_DeInit                                   Drivers/STM32L4xx_HAL_Driver/Src/stm32l4xx_hal_gpio.o
                                                  Drivers/BSP/SensorTile/SensorTile_audio_in.o
HAL_GPIO_EXTI_Callback                            src/bee_ble_service.o
                                                  Drivers/STM32L4xx_HAL_Driver/Src/stm32l4xx_hal_gpio.o
HAL_GPIO_EXTI_IRQHandler                          Drivers/STM32L4xx_HAL_Driver/Src/stm32l4xx_hal_gpio.o
                                                  src/stm32l4xx_it.o
HAL_GPIO_Init                                     Drivers/STM32L4xx_HAL_Driver/Src/stm32l4xx_hal_gpio.o
                                                  src/stm32l4xx_hal_msp.o
                                                  Drivers/STM32L4xx_HAL_Driver/Src/stm32l4xx_hal_rcc_ex.o
                                                  Drivers/STM32L4xx_HAL_Driver/Src/stm32l4xx_hal_rcc.o
                                                  Drivers/BSP/SensorTile/SensorTile_audio_in.o
                                                  Drivers/BSP/SensorTile/SensorTile_BlueNRG.o
HAL_GPIO_LockPin                                  Drivers/STM32L4xx_HAL_Driver/Src/stm32l4xx_hal_gpio.o
HAL_GPIO_ReadPin                                  Drivers/STM32L4xx_HAL_Driver/Src/stm32l4xx_hal_gpio.o
                                                  Drivers/BSP/SensorTile/SensorTile_BlueNRG.o
HAL_GPIO_TogglePin                                Drivers/STM32L4xx_HAL_Driver/Src/stm32l4xx_hal_gpio.o
HAL_GPIO_WritePin                                 Drivers/STM32L4xx_HAL_Driver/Src/stm32l4xx_hal_gpio.o
                                                  Drivers/BSP/SensorTile/SensorTile_BlueNRG.o
HAL_GetDEVID                                      Drivers/STM32L4xx_HAL_Driver/Src/stm32l4xx_hal.o
HAL_GetHalVersion                                 Drivers/STM32L4xx_HAL_Driver/Src/stm32l4xx_hal.o
HAL_GetREVID                                      Drivers/STM32L4xx_HAL_Driver/Src/stm32l4xx_hal.o
HAL_GetTick                                       Drivers/STM32L4xx_HAL_Driver/Src/stm32l4xx_hal.o
                                                  Drivers/STM32L4xx_HAL_Driver/Src/stm32l4xx_hal_spi.o
                                                  Drivers/STM32L4xx_HAL_Driver/Src/stm32l4xx_hal_rcc_ex.o
                                                  Drivers/STM32L4xx_HAL_Driver/Src/stm32l4xx_hal_rcc.o
                                                  Drivers/STM32L4xx_HAL_Driver/Src/stm32l4xx_hal_pcd_ex.o
                                                  Drivers/STM32L4xx_HAL_Driver/Src/stm32l4xx_hal_i2c.o
                                                  Drivers/STM32L4xx_HAL_Driver/Src/stm32l4xx_hal_flash.o
                                                  Drivers/STM32L4xx_HAL_Driver/Src/stm32l4xx_hal_dma.o
                                                  BlueNRG/SimpleBlueNRG_HCI/utils/gp_timer.o
HAL_GetUIDw0                                      Drivers/STM32L4xx_HAL_Driver/Src/stm32l4xx_hal.o
HAL_GetUIDw1                                      Drivers/STM32L4xx_HAL_Driver/Src/stm32l4xx_hal.o
HAL_GetUIDw2                                      Drivers/STM32L4xx_HAL_Driver/Src/stm32l4xx_hal.o
HAL_I2CEx_ConfigAnalogFilter                      Drivers/STM32L4xx_HAL_Driver/Src/stm32l4xx_hal_i2c_ex.o
HAL_I2CEx_ConfigDigitalFilter                     Drivers/STM32L4xx_HAL_Driver/Src/stm32l4xx_hal_i2c_ex.o
HAL_I2CEx_DisableFastModePlus                     Drivers/STM32L4xx_HAL_Driver/Src/stm32l4xx_hal_i2c_ex.o
HAL_I2CEx_DisableWakeUp                           Drivers/STM32L4xx_HAL_Driver/Src/stm32l4xx_hal_i2c_ex.o
HAL_I2CEx_EnableFastModePlus                      Drivers/STM32L4xx_HAL_Driver/Src/stm32l4xx_hal_i2c_ex.o
HAL_I2CEx_EnableWakeUp                            Drivers/STM32L4xx_HAL_Driver/Src/stm32l4xx_hal_i2c_ex.o
HAL_I2C_AbortCpltCallback                         Drivers/STM32L4xx_HAL_Driver/Src/stm32l4xx_hal_i2c.o
HAL_I2C_AddrCallback                              Drivers/STM32L4xx_HAL_Driver/Src/stm32l4xx_hal_i2c.o
HAL_I2C_DeInit                                    Drivers/STM32L4xx_HAL_Driver/Src/stm32l4xx_hal_i2c.o
HAL_I2C_DisableListen_IT                          Drivers/STM32L4xx_HAL_Driver/Src/stm32l4xx_hal_i2c.o
HAL_I2C_ER_IRQHandler                             Drivers/STM32L4xx_HAL_Driver/Src/stm32l4xx_hal_i2c.o
HAL_I2C_EV_IRQHandler                             Drivers/STM32L4xx_HAL_Driver/Src/stm32l4xx_hal_i2c.o
HAL_I2C_EnableListen_IT                           Drivers/STM32L4xx_HAL_Driver/Src/stm32l4xx_hal_i2c.o
HAL_I2C_ErrorCallback                             Drivers/STM32L4xx_HAL_Driver/Src/stm32l4xx_hal_i2c.o
HAL_I2C_GetError                                  Drivers/STM32L4xx_HAL_Driver/Src/stm32l4xx_hal_i2c.o
HAL_I2C_GetMode                                   Drivers/STM32L4xx_HAL_Driver/Src/stm32l4xx_hal_i2c.o
HAL_I2C_GetState                                  Drivers/STM32L4xx_HAL_Driver/Src/stm32l4xx_hal_i2c.o
HAL_I2C_Init                                      Drivers/STM32L4xx_HAL_Driver/Src/stm32l4xx_hal_i2c.o
HAL_I2C_IsDeviceReady                             Drivers/STM32L4xx_HAL_Driver/Src/stm32l4xx_hal_i2c.o
HAL_I2C_ListenCpltCallback                        Drivers/STM32L4xx_HAL_Driver/Src/stm32l4xx_hal_i2c.o
HAL_I2C_MasterRxCpltCallback                      Drivers/STM32L4xx_HAL_Driver/Src/stm32l4xx_hal_i2c.o
HAL_I2C_MasterTxCpltCallback                      Drivers/STM32L4xx_HAL_Driver/Src/stm32l4xx_hal_i2c.o
HAL_I2C_Master_Abort_IT                           Drivers/STM32L4xx_HAL_Driver/Src/stm32l4xx_hal_i2c.o
HAL_I2C_Master_Receive                            Drivers/STM32L4xx_HAL_Driver/Src/stm32l4xx_hal_i2c.o