SensorTile_BlueNRG.c:119:6:HAL_SPI_MspInit	64	static
SensorTile_BlueNRG.c:201:6:Hal_Write_Serial	40	static
SensorTile_BlueNRG.c:233:6:BNRG_SPI_Init	8	static
SensorTile_BlueNRG.c:256:6:BlueNRG_RST	8	static
SensorTile_BlueNRG.c:270:9:BlueNRG_DataPresent	8	static
SensorTile_BlueNRG.c:283:6:BlueNRG_HW_Bootloader	8	static
SensorTile_BlueNRG.c:299:9:BlueNRG_SPI_Read_All	48	static
SensorTile_BlueNRG.c:363:9:BlueNRG_SPI_Write	320	static
SensorTile_BlueNRG.c:447:6:set_irq_as_output	32	static
SensorTile_BlueNRG.c:465:6:set_irq_as_input	32	static
SensorTile_BlueNRG.c:487:13:us150Delay	16	static
SensorTile_BlueNRG.c:509:6:Enable_SPI_IRQ	8	static
SensorTile_BlueNRG.c:519:6:Disable_SPI_IRQ	8	static
SensorTile_BlueNRG.c:529:6:Clear_SPI_IRQ	8	static
SensorTile_BlueNRG.c:539:6:Clear_SPI_EXTI_Flag	4	static
