LSM6DSM_ACC_GYRO_driver.c:50:10:LSM6DSM_ACC_GYRO_ReadReg	24	static
LSM6DSM_ACC_GYRO_driver.c:71:10:LSM6DSM_ACC_GYRO_WriteReg	16	static
LSM6DSM_ACC_GYRO_driver.c:92:6:LSM6DSM_ACC_GYRO_WriteMem	24	static
LSM6DSM_ACC_GYRO_driver.c:113:6:LSM6DSM_ACC_GYRO_ReadMem	24	static
LSM6DSM_ACC_GYRO_driver.c:139:6:LSM6DSM_ACC_GYRO_SwapHighLowByte	32	static
LSM6DSM_ACC_GYRO_driver.c:165:11:LSM6DSM_ACC_GYRO_W_EmbeddedAccess	24	static
LSM6DSM_ACC_GYRO_driver.c:189:10:LSM6DSM_ACC_GYRO_R_EmbeddedAccess	16	static
LSM6DSM_ACC_GYRO_driver.c:206:11:LSM6DSM_ACC_GYRO_W_SYNC_RES_RATIO	24	static
LSM6DSM_ACC_GYRO_driver.c:230:10:LSM6DSM_ACC_GYRO_R_SYNC_RES_RATIO	16	static
LSM6DSM_ACC_GYRO_driver.c:247:11:LSM6DSM_ACC_GYRO_W_Stamping_Time_Frame	24	static
LSM6DSM_ACC_GYRO_driver.c:274:10:LSM6DSM_ACC_GYRO_R_Stamping_Time_Frame	16	static
LSM6DSM_ACC_GYRO_driver.c:292:11:LSM6DSM_ACC_GYRO_W_FIFO_Watermark	24	static
LSM6DSM_ACC_GYRO_driver.c:337:10:LSM6DSM_ACC_GYRO_R_FIFO_Watermark	24	static
LSM6DSM_ACC_GYRO_driver.c:367:11:LSM6DSM_ACC_GYRO_W_FIFO_TEMP	24	static
LSM6DSM_ACC_GYRO_driver.c:391:10:LSM6DSM_ACC_GYRO_R_FIFO_TEMP	16	static
LSM6DSM_ACC_GYRO_driver.c:408:11:LSM6DSM_ACC_GYRO_W_TIM_PEDO_FIFO_Write_En	24	static
LSM6DSM_ACC_GYRO_driver.c:432:10:LSM6DSM_ACC_GYRO_R_TIM_PEDO_FIFO_Write_En	16	static
LSM6DSM_ACC_GYRO_driver.c:448:11:LSM6DSM_ACC_GYRO_W_TIM_PEDO_FIFO_En	24	static
LSM6DSM_ACC_GYRO_driver.c:472:10:LSM6DSM_ACC_GYRO_R_TIM_PEDO_FIFO_En	16	static
LSM6DSM_ACC_GYRO_driver.c:488:11:LSM6DSM_ACC_GYRO_W_DEC_FIFO_XL	24	static
LSM6DSM_ACC_GYRO_driver.c:505:11:LSM6DSM_ACC_GYRO_W_DEC_FIFO_XL_val	16	static
LSM6DSM_ACC_GYRO_driver.c:555:10:LSM6DSM_ACC_GYRO_R_DEC_FIFO_XL	16	static
LSM6DSM_ACC_GYRO_driver.c:571:11:LSM6DSM_ACC_GYRO_W_DEC_FIFO_G	24	static
LSM6DSM_ACC_GYRO_driver.c:588:11:LSM6DSM_ACC_GYRO_W_DEC_FIFO_G_val	16	static
LSM6DSM_ACC_GYRO_driver.c:638:10:LSM6DSM_ACC_GYRO_R_DEC_FIFO_G	16	static
LSM6DSM_ACC_GYRO_driver.c:654:11:LSM6DSM_ACC_GYRO_W_DEC_FIFO_DS3	24	static
LSM6DSM_ACC_GYRO_driver.c:678:10:LSM6DSM_ACC_GYRO_R_DEC_FIFO_DS3	16	static
LSM6DSM_ACC_GYRO_driver.c:694:11:LSM6DSM_ACC_GYRO_W_DEC_FIFO_DS4	24	static
LSM6DSM_ACC_GYRO_driver.c:718:10:LSM6DSM_ACC_GYRO_R_DEC_FIFO_DS4	16	static
LSM6DSM_ACC_GYRO_driver.c:734:11:LSM6DSM_ACC_GYRO_W_HI_DATA_ONLY	24	static
LSM6DSM_ACC_GYRO_driver.c:758:10:LSM6DSM_ACC_GYRO_R_HI_DATA_ONLY	16	static
LSM6DSM_ACC_GYRO_driver.c:775:11:LSM6DSM_ACC_GYRO_W_STOP_ON_FTH	24	static
LSM6DSM_ACC_GYRO_driver.c:799:10:LSM6DSM_ACC_GYRO_R_STOP_ON_FTH	16	static
LSM6DSM_ACC_GYRO_driver.c:816:11:LSM6DSM_ACC_GYRO_W_FIFO_MODE	24	static
LSM6DSM_ACC_GYRO_driver.c:840:10:LSM6DSM_ACC_GYRO_R_FIFO_MODE	16	static
LSM6DSM_ACC_GYRO_driver.c:856:11:LSM6DSM_ACC_GYRO_W_ODR_FIFO	24	static
LSM6DSM_ACC_GYRO_driver.c:880:10:LSM6DSM_ACC_GYRO_R_ODR_FIFO	16	static
LSM6DSM_ACC_GYRO_driver.c:897:11:LSM6DSM_ACC_GYRO_W_DRDY_PULSE	24	static
LSM6DSM_ACC_GYRO_driver.c:921:10:LSM6DSM_ACC_GYRO_R_DRDY_PULSE	16	static
LSM6DSM_ACC_GYRO_driver.c:940:11:LSM6DSM_ACC_GYRO_W_DRDY_XL_on_INT1	24	static
LSM6DSM_ACC_GYRO_driver.c:964:10:LSM6DSM_ACC_GYRO_R_DRDY_XL_on_INT1	16	static
LSM6DSM_ACC_GYRO_driver.c:980:11:LSM6DSM_ACC_GYRO_W_DRDY_G_on_INT1	24	static
LSM6DSM_ACC_GYRO_driver.c:1004:10:LSM6DSM_ACC_GYRO_R_DRDY_G_on_INT1	16	static
LSM6DSM_ACC_GYRO_driver.c:1020:11:LSM6DSM_ACC_GYRO_W_BOOT_on_INT1	24	static
LSM6DSM_ACC_GYRO_driver.c:1044:10:LSM6DSM_ACC_GYRO_R_BOOT_on_INT1	16	static
LSM6DSM_ACC_GYRO_driver.c:1060:11:LSM6DSM_ACC_GYRO_W_FIFO_TSHLD_on_INT1	24	static
LSM6DSM_ACC_GYRO_driver.c:1084:10:LSM6DSM_ACC_GYRO_R_FIFO_TSHLD_on_INT1	16	static
LSM6DSM_ACC_GYRO_driver.c:1100:11:LSM6DSM_ACC_GYRO_W_OVERRUN_on_INT1	24	static
LSM6DSM_ACC_GYRO_driver.c:1124:10:LSM6DSM_ACC_GYRO_R_OVERRUN_on_INT1	16	static
LSM6DSM_ACC_GYRO_driver.c:1140:11:LSM6DSM_ACC_GYRO_W_FULL_FLAG_on_INT1	24	static
LSM6DSM_ACC_GYRO_driver.c:1164:10:LSM6DSM_ACC_GYRO_R_FULL_FLAG_on_INT1	16	static
LSM6DSM_ACC_GYRO_driver.c:1180:11:LSM6DSM_ACC_GYRO_W_SIGN_MOT_on_INT1	24	static
LSM6DSM_ACC_GYRO_driver.c:1204:10:LSM6DSM_ACC_GYRO_R_SIGN_MOT_on_INT1	16	static
LSM6DSM_ACC_GYRO_driver.c:1220:11:LSM6DSM_ACC_GYRO_W_STEP_DET_on_INT1	24	static
LSM6DSM_ACC_GYRO_driver.c:1244:10:LSM6DSM_ACC_GYRO_R_STEP_DET_on_INT1	16	static
LSM6DSM_ACC_GYRO_driver.c:1260:11:LSM6DSM_ACC_GYRO_W_DRDY_XL_on_INT2	24	static
LSM6DSM_ACC_GYRO_driver.c:1284:10:LSM6DSM_ACC_GYRO_R_DRDY_XL_on_INT2	16	static
LSM6DSM_ACC_GYRO_driver.c:1300:11:LSM6DSM_ACC_GYRO_W_DRDY_G_on_INT2	24	static
LSM6DSM_ACC_GYRO_driver.c:1324:10:LSM6DSM_ACC_GYRO_R_DRDY_G_on_INT2	16	static
LSM6DSM_ACC_GYRO_driver.c:1341:11:LSM6DSM_ACC_GYRO_W_DRDY_TEMP_on_INT2	24	static
LSM6DSM_ACC_GYRO_driver.c:1365:10:LSM6DSM_ACC_GYRO_R_DRDY_TEMP_on_INT2	16	static
LSM6DSM_ACC_GYRO_driver.c:1382:11:LSM6DSM_ACC_GYRO_W_FIFO_TSHLD_on_INT2	24	static
LSM6DSM_ACC_GYRO_driver.c:1406:10:LSM6DSM_ACC_GYRO_R_FIFO_TSHLD_on_INT2	16	static
LSM6DSM_ACC_GYRO_driver.c:1422:11:LSM6DSM_ACC_GYRO_W_OVERRUN_on_INT2	24	static
LSM6DSM_ACC_GYRO_driver.c:1446:10:LSM6DSM_ACC_GYRO_R_OVERRUN_on_INT2	16	static
LSM6DSM_ACC_GYRO_driver.c:1462:11:LSM6DSM_ACC_GYRO_W_FULL_FLAG_on_INT2	24	static
LSM6DSM_ACC_GYRO_driver.c:1486:10:LSM6DSM_ACC_GYRO_R_FULL_FLAG_on_INT2	16	static
LSM6DSM_ACC_GYRO_driver.c:1502:11:LSM6DSM_ACC_GYRO_W_STEP_COUNT_OV_on_INT2	24	static
LSM6DSM_ACC_GYRO_driver.c:1526:10:LSM6DSM_ACC_GYRO_R_STEP_COUNT_OV_on_INT2	16	static
LSM6DSM_ACC_GYRO_driver.c:1542:11:LSM6DSM_ACC_GYRO_W_STEP_DELTA_on_INT2	24	static
LSM6DSM_ACC_GYRO_driver.c:1566:10:LSM6DSM_ACC_GYRO_R_STEP_DELTA_on_INT2	16	static
LSM6DSM_ACC_GYRO_driver.c:1583:10:LSM6DSM_ACC_GYRO_R_WHO_AM_I	16	static
LSM6DSM_ACC_GYRO_driver.c:1600:11:LSM6DSM_ACC_GYRO_W_BW_SEL	24	static
LSM6DSM_ACC_GYRO_driver.c:1624:10:LSM6DSM_ACC_GYRO_R_BW_SEL	16	static
LSM6DSM_ACC_GYRO_driver.c:1640:11:LSM6DSM_ACC_GYRO_W_FS_XL	24	static
LSM6DSM_ACC_GYRO_driver.c:1664:10:LSM6DSM_ACC_GYRO_R_FS_XL	16	static
LSM6DSM_ACC_GYRO_driver.c:1680:11:LSM6DSM_ACC_GYRO_W_ODR_XL	24	static
LSM6DSM_ACC_GYRO_driver.c:1704:10:LSM6DSM_ACC_GYRO_R_ODR_XL	16	static
LSM6DSM_ACC_GYRO_driver.c:1714:10:LSM6DSM_ACC_GYRO_translate_ODR_XL	16	static
LSM6DSM_ACC_GYRO_driver.c:1767:11:LSM6DSM_ACC_GYRO_W_FS_125	24	static
LSM6DSM_ACC_GYRO_driver.c:1791:10:LSM6DSM_ACC_GYRO_R_FS_125	16	static
LSM6DSM_ACC_GYRO_driver.c:1807:11:LSM6DSM_ACC_GYRO_W_FS_G	24	static
LSM6DSM_ACC_GYRO_driver.c:1831:10:LSM6DSM_ACC_GYRO_R_FS_G	16	static
LSM6DSM_ACC_GYRO_driver.c:1847:11:LSM6DSM_ACC_GYRO_W_ODR_G	24	static
LSM6DSM_ACC_GYRO_driver.c:1871:10:LSM6DSM_ACC_GYRO_R_ODR_G	16	static
LSM6DSM_ACC_GYRO_driver.c:1881:10:LSM6DSM_ACC_GYRO_translate_ODR_G	16	static
LSM6DSM_ACC_GYRO_driver.c:1934:11:LSM6DSM_ACC_GYRO_W_SW_RESET	24	static
LSM6DSM_ACC_GYRO_driver.c:1958:10:LSM6DSM_ACC_GYRO_R_SW_RESET	16	static
LSM6DSM_ACC_GYRO_driver.c:1974:11:LSM6DSM_ACC_GYRO_W_BLE	24	static
LSM6DSM_ACC_GYRO_driver.c:1998:10:LSM6DSM_ACC_GYRO_R_BLE	16	static
LSM6DSM_ACC_GYRO_driver.c:2014:11:LSM6DSM_ACC_GYRO_W_IF_Addr_Incr	24	static
LSM6DSM_ACC_GYRO_driver.c:2038:10:LSM6DSM_ACC_GYRO_R_IF_Addr_Incr	16	static
LSM6DSM_ACC_GYRO_driver.c:2054:11:LSM6DSM_ACC_GYRO_W_SPI_Mode	24	static
LSM6DSM_ACC_GYRO_driver.c:2078:10:LSM6DSM_ACC_GYRO_R_SPI_Mode	16	static
LSM6DSM_ACC_GYRO_driver.c:2094:11:LSM6DSM_ACC_GYRO_W_PadSel	24	static
LSM6DSM_ACC_GYRO_driver.c:2118:10:LSM6DSM_ACC_GYRO_R_PadSel	16	static
LSM6DSM_ACC_GYRO_driver.c:2134:11:LSM6DSM_ACC_GYRO_W_INT_ACT_LEVEL	24	static
LSM6DSM_ACC_GYRO_driver.c:2158:10:LSM6DSM_ACC_GYRO_R_INT_ACT_LEVEL	16	static
LSM6DSM_ACC_GYRO_driver.c:2174:11:LSM6DSM_ACC_GYRO_W_BDU	24	static
LSM6DSM_ACC_GYRO_driver.c:2198:10:LSM6DSM_ACC_GYRO_R_BDU	16	static
LSM6DSM_ACC_GYRO_driver.c:2214:11:LSM6DSM_ACC_GYRO_W_BOOT	24	static
LSM6DSM_ACC_GYRO_driver.c:2238:10:LSM6DSM_ACC_GYRO_R_BOOT	16	static
LSM6DSM_ACC_GYRO_driver.c:2255:11:LSM6DSM_ACC_GYRO_W_LPF1_SEL_G	24	static
LSM6DSM_ACC_GYRO_driver.c:2279:10:LSM6DSM_ACC_GYRO_R_LPF1_SEL_G	16	static
LSM6DSM_ACC_GYRO_driver.c:2295:11:LSM6DSM_ACC_GYRO_W_I2C_DISABLE	24	static
LSM6DSM_ACC_GYRO_driver.c:2319:10:LSM6DSM_ACC_GYRO_R_I2C_DISABLE	16	static
LSM6DSM_ACC_GYRO_driver.c:2335:11:LSM6DSM_ACC_GYRO_W_DRDY_MSK	24	static
LSM6DSM_ACC_GYRO_driver.c:2359:10:LSM6DSM_ACC_GYRO_R_DRDY_MSK	16	static
LSM6DSM_ACC_GYRO_driver.c:2376:11:LSM6DSM_ACC_GYRO_W_INT2_ON_INT1	24	static
LSM6DSM_ACC_GYRO_driver.c:2400:10:LSM6DSM_ACC_GYRO_R_INT2_ON_INT1	16	static
LSM6DSM_ACC_GYRO_driver.c:2416:11:LSM6DSM_ACC_GYRO_W_SleepMode_G	24	static
LSM6DSM_ACC_GYRO_driver.c:2440:10:LSM6DSM_ACC_GYRO_R_SleepMode_G	16	static
LSM6DSM_ACC_GYRO_driver.c:2457:11:LSM6DSM_ACC_GYRO_W_SelfTest_XL	24	static
LSM6DSM_ACC_GYRO_driver.c:2481:10:LSM6DSM_ACC_GYRO_R_SelfTest_XL	16	static
LSM6DSM_ACC_GYRO_driver.c:2497:11:LSM6DSM_ACC_GYRO_W_SelfTest_G	24	static
LSM6DSM_ACC_GYRO_driver.c:2521:10:LSM6DSM_ACC_GYRO_R_SelfTest_G	16	static
LSM6DSM_ACC_GYRO_driver.c:2538:11:LSM6DSM_ACC_GYRO_W_DEN_Polarity	24	static
LSM6DSM_ACC_GYRO_driver.c:2562:10:LSM6DSM_ACC_GYRO_R_DEN_Polarity	16	static
LSM6DSM_ACC_GYRO_driver.c:2579:11:LSM6DSM_ACC_GYRO_W_CircularBurstMode	24	static
LSM6DSM_ACC_GYRO_driver.c:2603:10:LSM6DSM_ACC_GYRO_R_CircularBurstMode	16	static
LSM6DSM_ACC_GYRO_driver.c:2620:11:LSM6DSM_ACC_GYRO_W_LP_BW_G	24	static
LSM6DSM_ACC_GYRO_driver.c:2644:10:LSM6DSM_ACC_GYRO_R_LP_BW_G	16	static
LSM6DSM_ACC_GYRO_driver.c:2661:11:LSM6DSM_ACC_GYRO_W_UserOffsetWeight	24	static
LSM6DSM_ACC_GYRO_driver.c:2685:10:LSM6DSM_ACC_GYRO_R_UserOffsetWeight	16	static
LSM6DSM_ACC_GYRO_driver.c:2702:11:LSM6DSM_ACC_GYRO_W_LowPower_XL	24	static
LSM6DSM_ACC_GYRO_driver.c:2726:10:LSM6DSM_ACC_GYRO_R_LowPower_XL	16	static
LSM6DSM_ACC_GYRO_driver.c:2742:11:LSM6DSM_ACC_GYRO_W_DEN_LVL2_EN	24	static
LSM6DSM_ACC_GYRO_driver.c:2766:10:LSM6DSM_ACC_GYRO_R_DEN_LVL2_EN	16	static
LSM6DSM_ACC_GYRO_driver.c:2782:11:LSM6DSM_ACC_GYRO_W_DEN_LVL_EN	24	static
LSM6DSM_ACC_GYRO_driver.c:2806:10:LSM6DSM_ACC_GYRO_R_DEN_LVL_EN	16	static
LSM6DSM_ACC_GYRO_driver.c:2822:11:LSM6DSM_ACC_GYRO_W_ExternalTrigger	24	static
LSM6DSM_ACC_GYRO_driver.c:2846:10:LSM6DSM_ACC_GYRO_R_ExternalTrigger	16	static
LSM6DSM_ACC_GYRO_driver.c:2863:11:LSM6DSM_ACC_GYRO_W_HPM_G	24	static
LSM6DSM_ACC_GYRO_driver.c:2887:10:LSM6DSM_ACC_GYRO_R_HPM_G	16	static
LSM6DSM_ACC_GYRO_driver.c:2904:11:LSM6DSM_ACC_GYRO_W_RoundingOnStatusRegisters	24	static
LSM6DSM_ACC_GYRO_driver.c:2928:10:LSM6DSM_ACC_GYRO_R_RoundingOnStatusRegisters	16	static
LSM6DSM_ACC_GYRO_driver.c:2945:11:LSM6DSM_ACC_GYRO_W_HPFilter_En	24	static
LSM6DSM_ACC_GYRO_driver.c:2969:10:LSM6DSM_ACC_GYRO_R_HPFilter_En	16	static
LSM6DSM_ACC_GYRO_driver.c:2985:11:LSM6DSM_ACC_GYRO_W_LP_Mode	24	static
LSM6DSM_ACC_GYRO_driver.c:3009:10:LSM6DSM_ACC_GYRO_R_LP_Mode	16	static
LSM6DSM_ACC_GYRO_driver.c:3026:11:LSM6DSM_ACC_GYRO_W_ROUNDING_STATUS	24	static
LSM6DSM_ACC_GYRO_driver.c:3050:10:LSM6DSM_ACC_GYRO_R_ROUNDING_STATUS	16	static
LSM6DSM_ACC_GYRO_driver.c:3067:11:LSM6DSM_ACC_GYRO_W_HP_G_RST	24	static
LSM6DSM_ACC_GYRO_driver.c:3091:10:LSM6DSM_ACC_GYRO_R_HP_G_RST	16	static
LSM6DSM_ACC_GYRO_driver.c:3108:11:LSM6DSM_ACC_GYRO_W_InComposit	24	static
LSM6DSM_ACC_GYRO_driver.c:3132:10:LSM6DSM_ACC_GYRO_R_InComposit	16	static
LSM6DSM_ACC_GYRO_driver.c:3149:11:LSM6DSM_ACC_GYRO_W_HPfilterReference	24	static
LSM6DSM_ACC_GYRO_driver.c:3173:10:LSM6DSM_ACC_GYRO_R_HPfilterReference	16	static
LSM6DSM_ACC_GYRO_driver.c:3190:11:LSM6DSM_ACC_GYRO_W_HPCF_XL	24	static
LSM6DSM_ACC_GYRO_driver.c:3214:10:LSM6DSM_ACC_GYRO_R_HPCF_XL	16	static
LSM6DSM_ACC_GYRO_driver.c:3231:11:LSM6DSM_ACC_GYRO_W_LowPassFiltSel_XL	24	static
LSM6DSM_ACC_GYRO_driver.c:3255:10:LSM6DSM_ACC_GYRO_R_LowPassFiltSel_XL	16	static
LSM6DSM_ACC_GYRO_driver.c:3272:11:LSM6DSM_ACC_GYRO_W_LOW_PASS_ON_6D	24	static
LSM6DSM_ACC_GYRO_driver.c:3296:10:LSM6DSM_ACC_GYRO_R_LOW_PASS_ON_6D	16	static
LSM6DSM_ACC_GYRO_driver.c:3313:11:LSM6DSM_ACC_GYRO_W_HP_SLOPE_XL	24	static
LSM6DSM_ACC_GYRO_driver.c:3337:10:LSM6DSM_ACC_GYRO_R_HP_SLOPE_XL	16	static
LSM6DSM_ACC_GYRO_driver.c:3355:11:LSM6DSM_ACC_GYRO_W_SOFT	24	static
LSM6DSM_ACC_GYRO_driver.c:3379:10:LSM6DSM_ACC_GYRO_R_SOFT	16	static
LSM6DSM_ACC_GYRO_driver.c:3396:11:LSM6DSM_ACC_GYRO_W_SignifcantMotion	24	static
LSM6DSM_ACC_GYRO_driver.c:3420:10:LSM6DSM_ACC_GYRO_R_SignifcantMotion	16	static
LSM6DSM_ACC_GYRO_driver.c:3436:11:LSM6DSM_ACC_GYRO_W_PedoStepReset	24	static
LSM6DSM_ACC_GYRO_driver.c:3460:10:LSM6DSM_ACC_GYRO_R_PedoStepReset	16	static
LSM6DSM_ACC_GYRO_driver.c:3476:11:LSM6DSM_ACC_GYRO_W_TILT	24	static
LSM6DSM_ACC_GYRO_driver.c:3500:10:LSM6DSM_ACC_GYRO_R_TILT	16	static
LSM6DSM_ACC_GYRO_driver.c:3516:11:LSM6DSM_ACC_GYRO_W_PEDO	24	static
LSM6DSM_ACC_GYRO_driver.c:3540:10:LSM6DSM_ACC_GYRO_R_PEDO	16	static
LSM6DSM_ACC_GYRO_driver.c:3557:11:LSM6DSM_ACC_GYRO_W_TIMER	24	static
LSM6DSM_ACC_GYRO_driver.c:3581:10:LSM6DSM_ACC_GYRO_R_TIMER	16	static
LSM6DSM_ACC_GYRO_driver.c:3597:11:LSM6DSM_ACC_GYRO_W_FUNC_EN	24	static
LSM6DSM_ACC_GYRO_driver.c:3621:10:LSM6DSM_ACC_GYRO_R_FUNC_EN	16	static
LSM6DSM_ACC_GYRO_driver.c:3637:11:LSM6DSM_ACC_GYRO_W_I2C_MASTER_Enable	24	static
LSM6DSM_ACC_GYRO_driver.c:3661:10:LSM6DSM_ACC_GYRO_R_I2C_MASTER_Enable	16	static
LSM6DSM_ACC_GYRO_driver.c:3678:11:LSM6DSM_ACC_GYRO_W_IronCorrection_EN	24	static
LSM6DSM_ACC_GYRO_driver.c:3702:10:LSM6DSM_ACC_GYRO_R_IronCorrection_EN	16	static
LSM6DSM_ACC_GYRO_driver.c:3718:11:LSM6DSM_ACC_GYRO_W_PASS_THRU_MODE	24	static
LSM6DSM_ACC_GYRO_driver.c:3742:10:LSM6DSM_ACC_GYRO_R_PASS_THRU_MODE	16	static
LSM6DSM_ACC_GYRO_driver.c:3758:11:LSM6DSM_ACC_GYRO_W_PULL_UP_EN	24	static
LSM6DSM_ACC_GYRO_driver.c:3782:10:LSM6DSM_ACC_GYRO_R_PULL_UP_EN	16	static
LSM6DSM_ACC_GYRO_driver.c:3798:11:LSM6DSM_ACC_GYRO_W_SensorHUB_Trigger_Sel	24	static
LSM6DSM_ACC_GYRO_driver.c:3822:10:LSM6DSM_ACC_GYRO_R_SensorHUB_Trigger_Sel	16	static
LSM6DSM_ACC_GYRO_driver.c:3838:11:LSM6DSM_ACC_GYRO_W_DATA_VAL_SEL_FIFO	24	static
LSM6DSM_ACC_GYRO_driver.c:3862:10:LSM6DSM_ACC_GYRO_R_DATA_VAL_SEL_FIFO	16	static
LSM6DSM_ACC_GYRO_driver.c:3878:11:LSM6DSM_ACC_GYRO_W_DRDY_ON_INT1	24	static
LSM6DSM_ACC_GYRO_driver.c:3902:10:LSM6DSM_ACC_GYRO_R_DRDY_ON_INT1	16	static
LSM6DSM_ACC_GYRO_driver.c:3919:10:LSM6DSM_ACC_GYRO_R_Z_WU	16	static
LSM6DSM_ACC_GYRO_driver.c:3936:10:LSM6DSM_ACC_GYRO_R_Y_WU	16	static
LSM6DSM_ACC_GYRO_driver.c:3953:10:LSM6DSM_ACC_GYRO_R_X_WU	16	static
LSM6DSM_ACC_GYRO_driver.c:3970:10:LSM6DSM_ACC_GYRO_R_WU_EV_STATUS	16	static
LSM6DSM_ACC_GYRO_driver.c:3987:10:LSM6DSM_ACC_GYRO_R_SLEEP_EV_STATUS	16	static
LSM6DSM_ACC_GYRO_driver.c:4004:10:LSM6DSM_ACC_GYRO_R_FF_EV_STATUS	16	static
LSM6DSM_ACC_GYRO_driver.c:4021:10:LSM6DSM_ACC_GYRO_R_Z_TAP	16	static
LSM6DSM_ACC_GYRO_driver.c:4038:10:LSM6DSM_ACC_GYRO_R_Y_TAP	16	static
LSM6DSM_ACC_GYRO_driver.c:4055:10:LSM6DSM_ACC_GYRO_R_X_TAP	16	static
LSM6DSM_ACC_GYRO_driver.c:4072:10:LSM6DSM_ACC_GYRO_R_TAP_SIGN	16	static
LSM6DSM_ACC_GYRO_driver.c:4089:10:LSM6DSM_ACC_GYRO_R_DOUBLE_TAP_EV_STATUS	16	static
LSM6DSM_ACC_GYRO_driver.c:4106:10:LSM6DSM_ACC_GYRO_R_SINGLE_TAP_EV_STATUS	16	static
LSM6DSM_ACC_GYRO_driver.c:4123:10:LSM6DSM_ACC_GYRO_R_TAP_EV_STATUS	16	static
LSM6DSM_ACC_GYRO_driver.c:4140:10:LSM6DSM_ACC_GYRO_R_DSD_XL	16	static
LSM6DSM_ACC_GYRO_driver.c:4157:10:LSM6DSM_ACC_GYRO_R_DSD_XH	16	static
LSM6DSM_ACC_GYRO_driver.c:4174:10:LSM6DSM_ACC_GYRO_R_DSD_YL	16	static
LSM6DSM_ACC_GYRO_driver.c:4191:10:LSM6DSM_ACC_GYRO_R_DSD_YH	16	static
LSM6DSM_ACC_GYRO_driver.c:4208:10:LSM6DSM_ACC_GYRO_R_DSD_ZL	16	static
LSM6DSM_ACC_GYRO_driver.c:4225:10:LSM6DSM_ACC_GYRO_R_DSD_ZH	16	static
LSM6DSM_ACC_GYRO_driver.c:4242:10:LSM6DSM_ACC_GYRO_R_D6D_EV_STATUS	16	static
LSM6DSM_ACC_GYRO_driver.c:4259:10:LSM6DSM_ACC_GYRO_R_XLDA	16	static
LSM6DSM_ACC_GYRO_driver.c:4276:10:LSM6DSM_ACC_GYRO_R_GDA	16	static
LSM6DSM_ACC_GYRO_driver.c:4294:10:LSM6DSM_ACC_GYRO_R_TDA	16	static
LSM6DSM_ACC_GYRO_driver.c:4312:10:LSM6DSM_ACC_GYRO_R_FIFONumOfEntries	24	static
LSM6DSM_ACC_GYRO_driver.c:4343:10:LSM6DSM_ACC_GYRO_R_FIFOEmpty	16	static
LSM6DSM_ACC_GYRO_driver.c:4360:10:LSM6DSM_ACC_GYRO_R_FIFOFull	16	static
LSM6DSM_ACC_GYRO_driver.c:4377:10:LSM6DSM_ACC_GYRO_R_OVERRUN	16	static
LSM6DSM_ACC_GYRO_driver.c:4394:10:LSM6DSM_ACC_GYRO_R_WaterMark	16	static
LSM6DSM_ACC_GYRO_driver.c:4411:10:LSM6DSM_ACC_GYRO_R_FIFOPattern	24	static
LSM6DSM_ACC_GYRO_driver.c:4442:10:LSM6DSM_ACC_GYRO_R_SENS_HUB_END	16	static
LSM6DSM_ACC_GYRO_driver.c:4459:10:LSM6DSM_ACC_GYRO_R_SOFT_IRON_END	16	static
LSM6DSM_ACC_GYRO_driver.c:4477:10:LSM6DSM_ACC_GYRO_R_HardIron	16	static
LSM6DSM_ACC_GYRO_driver.c:4495:10:LSM6DSM_ACC_GYRO_R_STEP_OVERFLOW	16	static
LSM6DSM_ACC_GYRO_driver.c:4513:10:LSM6DSM_ACC_GYRO_R_STEP_COUNT_DELTA	16	static
LSM6DSM_ACC_GYRO_driver.c:4531:10:LSM6DSM_ACC_GYRO_R_PEDO_EV_STATUS	16	static
LSM6DSM_ACC_GYRO_driver.c:4548:10:LSM6DSM_ACC_GYRO_R_TILT_EV_STATUS	16	static
LSM6DSM_ACC_GYRO_driver.c:4565:10:LSM6DSM_ACC_GYRO_R_SIGN_MOT_EV_STATUS	16	static
LSM6DSM_ACC_GYRO_driver.c:4581:11:LSM6DSM_ACC_GYRO_W_LIR	24	static
LSM6DSM_ACC_GYRO_driver.c:4605:10:LSM6DSM_ACC_GYRO_R_LIR	16	static
LSM6DSM_ACC_GYRO_driver.c:4621:11:LSM6DSM_ACC_GYRO_W_TAP_Z_EN	24	static
LSM6DSM_ACC_GYRO_driver.c:4645:10:LSM6DSM_ACC_GYRO_R_TAP_Z_EN	16	static
LSM6DSM_ACC_GYRO_driver.c:4661:11:LSM6DSM_ACC_GYRO_W_TAP_Y_EN	24	static
LSM6DSM_ACC_GYRO_driver.c:4685:10:LSM6DSM_ACC_GYRO_R_TAP_Y_EN	16	static
LSM6DSM_ACC_GYRO_driver.c:4701:11:LSM6DSM_ACC_GYRO_W_TAP_X_EN	24	static
LSM6DSM_ACC_GYRO_driver.c:4725:10:LSM6DSM_ACC_GYRO_R_TAP_X_EN	16	static
LSM6DSM_ACC_GYRO_driver.c:4743:11:LSM6DSM_ACC_GYRO_W_SLOPE_FDS	24	static
LSM6DSM_ACC_GYRO_driver.c:4767:10:LSM6DSM_ACC_GYRO_R_SLOPE_FDS	16	static
LSM6DSM_ACC_GYRO_driver.c:4784:11:LSM6DSM_ACC_GYRO_W_BASIC_INT	24	static
LSM6DSM_ACC_GYRO_driver.c:4808:10:LSM6DSM_ACC_GYRO_R_BASIC_INT	16	static
LSM6DSM_ACC_GYRO_driver.c:4825:11:LSM6DSM_ACC_GYRO_W_TAP_THS	24	static
LSM6DSM_ACC_GYRO_driver.c:4852:10:LSM6DSM_ACC_GYRO_R_TAP_THS	16	static
LSM6DSM_ACC_GYRO_driver.c:4869:11:LSM6DSM_ACC_GYRO_W_SIXD_THS	24	static
LSM6DSM_ACC_GYRO_driver.c:4893:10:LSM6DSM_ACC_GYRO_R_SIXD_THS	16	static
LSM6DSM_ACC_GYRO_driver.c:4910:11:LSM6DSM_ACC_GYRO_W_D4D	24	static
LSM6DSM_ACC_GYRO_driver.c:4934:10:LSM6DSM_ACC_GYRO_R_D4D	16	static
LSM6DSM_ACC_GYRO_driver.c:4951:11:LSM6DSM_ACC_GYRO_W_SHOCK_Duration	24	static
LSM6DSM_ACC_GYRO_driver.c:4978:10:LSM6DSM_ACC_GYRO_R_SHOCK_Duration	16	static
LSM6DSM_ACC_GYRO_driver.c:4995:11:LSM6DSM_ACC_GYRO_W_QUIET_Duration	24	static
LSM6DSM_ACC_GYRO_driver.c:5022:10:LSM6DSM_ACC_GYRO_R_QUIET_Duration	16	static
LSM6DSM_ACC_GYRO_driver.c:5039:11:LSM6DSM_ACC_GYRO_W_DUR	24	static
LSM6DSM_ACC_GYRO_driver.c:5066:10:LSM6DSM_ACC_GYRO_R_DUR	16	static
LSM6DSM_ACC_GYRO_driver.c:5083:11:LSM6DSM_ACC_GYRO_W_WK_THS	24	static
LSM6DSM_ACC_GYRO_driver.c:5110:10:LSM6DSM_ACC_GYRO_R_WK_THS	16	static
LSM6DSM_ACC_GYRO_driver.c:5128:11:LSM6DSM_ACC_GYRO_W_SINGLE_DOUBLE_TAP_EV	24	static
LSM6DSM_ACC_GYRO_driver.c:5152:10:LSM6DSM_ACC_GYRO_R_SINGLE_DOUBLE_TAP_EV	16	static
LSM6DSM_ACC_GYRO_driver.c:5168:11:LSM6DSM_ACC_GYRO_W_SLEEP_DUR	24	static
LSM6DSM_ACC_GYRO_driver.c:5195:10:LSM6DSM_ACC_GYRO_R_SLEEP_DUR	16	static
LSM6DSM_ACC_GYRO_driver.c:5212:11:LSM6DSM_ACC_GYRO_W_TIMER_HR	24	static
LSM6DSM_ACC_GYRO_driver.c:5236:10:LSM6DSM_ACC_GYRO_R_TIMER_HR	16	static
LSM6DSM_ACC_GYRO_driver.c:5252:11:LSM6DSM_ACC_GYRO_W_WAKE_DUR	24	static
LSM6DSM_ACC_GYRO_driver.c:5279:10:LSM6DSM_ACC_GYRO_R_WAKE_DUR	16	static
LSM6DSM_ACC_GYRO_driver.c:5297:11:LSM6DSM_ACC_GYRO_W_FF_THS	24	static
LSM6DSM_ACC_GYRO_driver.c:5321:10:LSM6DSM_ACC_GYRO_R_FF_THS	16	static
LSM6DSM_ACC_GYRO_driver.c:5338:11:LSM6DSM_ACC_GYRO_W_FF_Duration	24	static
LSM6DSM_ACC_GYRO_driver.c:5383:10:LSM6DSM_ACC_GYRO_R_FF_Duration	24	static
LSM6DSM_ACC_GYRO_driver.c:5412:11:LSM6DSM_ACC_GYRO_W_TimerEvRouteInt1	24	static
LSM6DSM_ACC_GYRO_driver.c:5436:10:LSM6DSM_ACC_GYRO_R_TimerEvRouteInt1	16	static
LSM6DSM_ACC_GYRO_driver.c:5452:11:LSM6DSM_ACC_GYRO_W_TiltEvOnInt1	24	static
LSM6DSM_ACC_GYRO_driver.c:5476:10:LSM6DSM_ACC_GYRO_R_TiltEvOnInt1	16	static
LSM6DSM_ACC_GYRO_driver.c:5492:11:LSM6DSM_ACC_GYRO_W_6DEvOnInt1	24	static
LSM6DSM_ACC_GYRO_driver.c:5516:10:LSM6DSM_ACC_GYRO_R_6DEvOnInt1	16	static
LSM6DSM_ACC_GYRO_driver.c:5532:11:LSM6DSM_ACC_GYRO_W_TapEvOnInt1	24	static
LSM6DSM_ACC_GYRO_driver.c:5556:10:LSM6DSM_ACC_GYRO_R_TapEvOnInt1	16	static
LSM6DSM_ACC_GYRO_driver.c:5572:11:LSM6DSM_ACC_GYRO_W_FFEvOnInt1	24	static
LSM6DSM_ACC_GYRO_driver.c:5596:10:LSM6DSM_ACC_GYRO_R_FFEvOnInt1	16	static
LSM6DSM_ACC_GYRO_driver.c:5612:11:LSM6DSM_ACC_GYRO_W_WUEvOnInt1	24	static
LSM6DSM_ACC_GYRO_driver.c:5636:10:LSM6DSM_ACC_GYRO_R_WUEvOnInt1	16	static
LSM6DSM_ACC_GYRO_driver.c:5652:11:LSM6DSM_ACC_GYRO_W_SingleTapOnInt1	24	static
LSM6DSM_ACC_GYRO_driver.c:5676:10:LSM6DSM_ACC_GYRO_R_SingleTapOnInt1	16	static
LSM6DSM_ACC_GYRO_driver.c:5692:11:LSM6DSM_ACC_GYRO_W_SleepEvOnInt1	24	static
LSM6DSM_ACC_GYRO_driver.c:5716:10:LSM6DSM_ACC_GYRO_R_SleepEvOnInt1	16	static
LSM6DSM_ACC_GYRO_driver.c:5732:11:LSM6DSM_ACC_GYRO_W_MagCorrection_Int2	24	static
LSM6DSM_ACC_GYRO_driver.c:5756:10:LSM6DSM_ACC_GYRO_R_MagCorrection_Int2	16	static
LSM6DSM_ACC_GYRO_driver.c:5772:11:LSM6DSM_ACC_GYRO_W_TiltEvOnInt2	24	static
LSM6DSM_ACC_GYRO_driver.c:5796:10:LSM6DSM_ACC_GYRO_R_TiltEvOnInt2	16	static
LSM6DSM_ACC_GYRO_driver.c:5812:11:LSM6DSM_ACC_GYRO_W_6DEvOnInt2	24	static
LSM6DSM_ACC_GYRO_driver.c:5836:10:LSM6DSM_ACC_GYRO_R_6DEvOnInt2	16	static
LSM6DSM_ACC_GYRO_driver.c:5852:11:LSM6DSM_ACC_GYRO_W_TapEvOnInt2	24	static
LSM6DSM_ACC_GYRO_driver.c:5876:10:LSM6DSM_ACC_GYRO_R_TapEvOnInt2	16	static
LSM6DSM_ACC_GYRO_driver.c:5892:11:LSM6DSM_ACC_GYRO_W_FFEvOnInt2	24	static
LSM6DSM_ACC_GYRO_driver.c:5916:10:LSM6DSM_ACC_GYRO_R_FFEvOnInt2	16	static
LSM6DSM_ACC_GYRO_driver.c:5932:11:LSM6DSM_ACC_GYRO_W_WUEvOnInt2	24	static
LSM6DSM_ACC_GYRO_driver.c:5956:10:LSM6DSM_ACC_GYRO_R_WUEvOnInt2	16	static
LSM6DSM_ACC_GYRO_driver.c:5972:11:LSM6DSM_ACC_GYRO_W_SingleTapOnInt2	24	static
LSM6DSM_ACC_GYRO_driver.c:5996:10:LSM6DSM_ACC_GYRO_R_SingleTapOnInt2	16	static
LSM6DSM_ACC_GYRO_driver.c:6012:11:LSM6DSM_ACC_GYRO_W_SleepEvOnInt2	24	static
LSM6DSM_ACC_GYRO_driver.c:6036:10:LSM6DSM_ACC_GYRO_R_SleepEvOnInt2	16	static
LSM6DSM_ACC_GYRO_driver.c:6053:10:LSM6DSM_ACC_GYRO_GetRawGyroData	24	static
LSM6DSM_ACC_GYRO_driver.c:6089:10:LSM6DSM_ACC_Get_AngularRate	56	static
LSM6DSM_ACC_GYRO_driver.c:6159:10:LSM6DSM_ACC_GYRO_GetRawAccData	24	static
LSM6DSM_ACC_GYRO_driver.c:6192:10:LSM6DSM_ACC_Get_Acceleration	48	static
LSM6DSM_ACC_GYRO_driver.c:6253:10:LSM6DSM_ACC_GYRO_Get_GetFIFOData	24	static
LSM6DSM_ACC_GYRO_driver.c:6281:10:LSM6DSM_ACC_GYRO_Get_GetTimestamp	24	static
LSM6DSM_ACC_GYRO_driver.c:6309:10:LSM6DSM_ACC_GYRO_Get_GetStepCounter	24	static
LSM6DSM_ACC_GYRO_driver.c:6331:11:LSM6DSM_ACC_GYRO_W_PedoThreshold	24	static
LSM6DSM_ACC_GYRO_driver.c:6365:10:LSM6DSM_ACC_GYRO_SH_init_SI_Matrix	16	static
LSM6DSM_ACC_GYRO_driver.c:6383:10:LSM6DSM_ACC_GYRO_SH0_Program	16	static
LSM6DSM_ACC_GYRO_driver.c:6420:10:LSM6DSM_ACC_GYRO_SH0_ReadMem	32	static
LSM6DSM_ACC_GYRO_driver.c:6449:10:LSM6DSM_ACC_GYRO_SH0_WriteByte	16	static
