HTS221_Driver.c:94:17:HTS221_ReadReg	24	static
HTS221_Driver.c:111:17:HTS221_WriteReg	24	static
HTS221_Driver.c:126:17:HTS221_Get_DriverVersion	16	static
HTS221_Driver.c:141:17:HTS221_Get_DeviceID	16	static
HTS221_Driver.c:156:17:HTS221_Set_InitConfig	24	static
HTS221_Driver.c:208:17:HTS221_Get_InitConfig	24	static
HTS221_Driver.c:238:17:HTS221_DeInit	24	static
HTS221_Driver.c:268:17:HTS221_Get_Measurement	24	static
HTS221_Driver.c:283:17:HTS221_Get_RawMeasurement	32	static
HTS221_Driver.c:302:17:HTS221_Get_Humidity	48	static
HTS221_Driver.c:342:17:HTS221_Get_HumidityRaw	24	static
HTS221_Driver.c:360:17:HTS221_Get_Temperature	56	static
HTS221_Driver.c:402:17:HTS221_Get_TemperatureRaw	24	static
HTS221_Driver.c:422:17:HTS221_Get_DataStatus	32	static
HTS221_Driver.c:441:17:HTS221_Activate	24	static
HTS221_Driver.c:461:17:HTS221_DeActivate	24	static
HTS221_Driver.c:484:17:HTS221_IsMeasurementCompleted	24	static
HTS221_Driver.c:507:17:HTS221_Set_AvgHT	24	static
HTS221_Driver.c:533:17:HTS221_Set_AvgH	24	static
HTS221_Driver.c:557:17:HTS221_Set_AvgT	24	static
HTS221_Driver.c:582:17:HTS221_Get_AvgHT	32	static
HTS221_Driver.c:603:17:HTS221_Set_BduMode	24	static
HTS221_Driver.c:627:17:HTS221_Get_BduMode	24	static
HTS221_Driver.c:647:17:HTS221_Set_PowerDownMode	24	static
HTS221_Driver.c:671:17:HTS221_Get_PowerDownMode	24	static
HTS221_Driver.c:690:17:HTS221_Set_Odr	24	static
HTS221_Driver.c:714:17:HTS221_Get_Odr	24	static
HTS221_Driver.c:732:17:HTS221_MemoryBoot	24	static
HTS221_Driver.c:754:17:HTS221_Set_HeaterState	24	static
HTS221_Driver.c:778:17:HTS221_Get_HeaterState	24	static
HTS221_Driver.c:796:17:HTS221_StartOneShotMeasurement	24	static
HTS221_Driver.c:820:17:HTS221_Set_IrqActiveLevel	24	static
HTS221_Driver.c:844:17:HTS221_Get_IrqActiveLevel	24	static
HTS221_Driver.c:863:17:HTS221_Set_IrqOutputType	24	static
HTS221_Driver.c:887:17:HTS221_Get_IrqOutputType	24	static
HTS221_Driver.c:906:17:HTS221_Set_IrqEnable	24	static
HTS221_Driver.c:930:17:HTS221_Get_IrqEnable	24	static
HTS221_Driver.c:951:6:HTS221_assert_failed	16	static
