LSM303AGR_MAG_driver_HL.c:142:25:LSM303AGR_M_Init	32	static
LSM303AGR_MAG_driver_HL.c:194:25:LSM303AGR_M_DeInit	32	static
LSM303AGR_MAG_driver_HL.c:226:25:LSM303AGR_M_Sensor_Enable	16	static
LSM303AGR_MAG_driver_HL.c:254:25:LSM303AGR_M_Sensor_Disable	16	static
LSM303AGR_MAG_driver_HL.c:283:25:LSM303AGR_M_Get_WhoAmI	16	static
LSM303AGR_MAG_driver_HL.c:303:25:LSM303AGR_M_Check_WhoAmI	24	static
LSM303AGR_MAG_driver_HL.c:329:25:LSM303AGR_M_Get_Axes	32	static
LSM303AGR_MAG_driver_HL.c:364:25:LSM303AGR_M_Get_AxesRaw	24	static
LSM303AGR_MAG_driver_HL.c:392:25:LSM303AGR_M_Get_Sensitivity	16	static
LSM303AGR_MAG_driver_HL.c:408:25:LSM303AGR_M_Get_ODR	24	static
LSM303AGR_MAG_driver_HL.c:447:25:LSM303AGR_M_Set_ODR	24	static
LSM303AGR_MAG_driver_HL.c:489:25:LSM303AGR_M_Set_ODR_Value	24	static
LSM303AGR_MAG_driver_HL.c:515:25:LSM303AGR_M_Get_FS	16	static
LSM303AGR_MAG_driver_HL.c:531:25:LSM303AGR_M_Set_FS	16	static
LSM303AGR_MAG_driver_HL.c:545:25:LSM303AGR_M_Set_FS_Value	16	static
LSM303AGR_MAG_driver_HL.c:559:25:LSM303AGR_M_Read_Reg	24	static
LSM303AGR_MAG_driver_HL.c:580:25:LSM303AGR_M_Write_Reg	16	static
LSM303AGR_MAG_driver_HL.c:600:25:LSM303AGR_M_Get_DRDY_Status	24	static
LSM303AGR_MAG_driver_HL.c:641:25:LSM303AGR_M_Get_Axes_Raw	32	static
