bee_ble_service.c:41:13:ble_stack_init	48	static
bee_ble_service.c:96:13:ble_service_add	56	static
bee_ble_service.c:127:13:ble_start_advertisement	48	static
bee_ble_service.c:140:13:ble_stop_advertisement	8	static
bee_ble_service.c:145:13:ble_bee_svc_char_update	24	static
bee_ble_service.c:153:13:ble_update_aggro_level	4	static
bee_ble_service.c:159:6:bee_ble_init	8	static
bee_ble_service.c:166:19:bee_ble_start_advertisement	16	static
bee_ble_service.c:182:22:bee_ble_get_state	4	static
bee_ble_service.c:187:6:bee_ble_handler	16	static
bee_ble_service.c:215:6:HAL_GPIO_EXTI_Callback	16	static
bee_ble_service.c:226:6:HCI_Event_CB	40	static
