bee_ble_service.c:23:13:ble_stack_init	48	static
bee_ble_service.c:88:13:ble_service_add	56	static
bee_ble_service.c:121:13:ble_start_advertisement	48	static
bee_ble_service.c:146:13:bee_char_update	24	static
bee_ble_service.c:165:13:bee_ble_on_hci	8	static
bee_ble_service.c:178:13:bee_ble_on_aggro	16	static
bee_ble_service.c:191:13:bee_ble_on_disconnected	4	static
bee_ble_service.c:203:13:bee_ble_on_connected	4	static
bee_ble_service.c:215:13:bee_ble_on_advertising	4	static
bee_ble_service.c:223:6:bee_ble_init	8	static
bee_ble_service.c:238:19:bee_ble_start_advertisement	16	static
bee_ble_service.c:258:22:bee_ble_get_state	4	static
bee_ble_service.c:263:6:bee_ble_handler	16	static
bee_ble_service.c:299:6:HAL_GPIO_EXTI_Callback	16	static
bee_ble_service.c:318:6:HCI_Event_CB	40	static
