stm32l4xx_it.c:62:6:NMI_Handler	4	static
stm32l4xx_it.c:71:6:HardFault_Handler	4	static
stm32l4xx_it.c:84:6:MemManage_Handler	4	static
stm32l4xx_it.c:97:6:BusFault_Handler	4	static
stm32l4xx_it.c:110:6:UsageFault_Handler	4	static
stm32l4xx_it.c:123:6:SVC_Handler	4	static
stm32l4xx_it.c:132:6:DebugMon_Handler	4	static
stm32l4xx_it.c:141:6:PendSV_Handler	4	static
stm32l4xx_it.c:150:6:SysTick_Handler	8	static
stm32l4xx_it.c:167:6:TIM1_CC_IRQHandler	4	static
stm32l4xx_it.c:177:6:EXTI9_5_IRQHandler	8	static
stm32l4xx_it.c:187:6:OTG_FS_IRQHandler	4	static
stm32l4xx_it.c:198:6:TIM3_IRQHandler	8	static
