stm32l4xx_it.c:61:6:NMI_Handler	4	static
stm32l4xx_it.c:70:6:HardFault_Handler	4	static
stm32l4xx_it.c:83:6:MemManage_Handler	4	static
stm32l4xx_it.c:96:6:BusFault_Handler	4	static
stm32l4xx_it.c:109:6:UsageFault_Handler	4	static
stm32l4xx_it.c:122:6:SVC_Handler	4	static
stm32l4xx_it.c:131:6:DebugMon_Handler	4	static
stm32l4xx_it.c:140:6:PendSV_Handler	4	static
stm32l4xx_it.c:149:6:SysTick_Handler	8	static
stm32l4xx_it.c:166:6:TIM1_CC_IRQHandler	4	static
stm32l4xx_it.c:176:6:EXTI9_5_IRQHandler	8	static
stm32l4xx_it.c:186:6:OTG_FS_IRQHandler	4	static
stm32l4xx_it.c:197:6:TIM3_IRQHandler	8	static
